Component: ARM Compiler 5.06 update 7 (build 960) Tool: armlink [4d3601]

==============================================================================

Section Cross References

    startup_stm32h7a3xx.o(STACK) refers (Special) to heapauxi.o(.text) for __use_two_region_memory
    startup_stm32h7a3xx.o(HEAP) refers (Special) to heapauxi.o(.text) for __use_two_region_memory
    startup_stm32h7a3xx.o(RESET) refers (Special) to heapauxi.o(.text) for __use_two_region_memory
    startup_stm32h7a3xx.o(RESET) refers to startup_stm32h7a3xx.o(STACK) for __initial_sp
    startup_stm32h7a3xx.o(RESET) refers to startup_stm32h7a3xx.o(.text) for Reset_Handler
    startup_stm32h7a3xx.o(RESET) refers to stm32h7xx_it.o(i.NMI_Handler) for NMI_Handler
    startup_stm32h7a3xx.o(RESET) refers to stm32h7xx_it.o(i.HardFault_Handler) for HardFault_Handler
    startup_stm32h7a3xx.o(RESET) refers to stm32h7xx_it.o(i.MemManage_Handler) for MemManage_Handler
    startup_stm32h7a3xx.o(RESET) refers to stm32h7xx_it.o(i.BusFault_Handler) for BusFault_Handler
    startup_stm32h7a3xx.o(RESET) refers to stm32h7xx_it.o(i.UsageFault_Handler) for UsageFault_Handler
    startup_stm32h7a3xx.o(RESET) refers to port.o(.emb_text) for SVC_Handler
    startup_stm32h7a3xx.o(RESET) refers to stm32h7xx_it.o(i.DebugMon_Handler) for DebugMon_Handler
    startup_stm32h7a3xx.o(RESET) refers to cmsis_os2.o(i.SysTick_Handler) for SysTick_Handler
    startup_stm32h7a3xx.o(RESET) refers to stm32h7xx_it.o(i.SPI1_IRQHandler) for SPI1_IRQHandler
    startup_stm32h7a3xx.o(RESET) refers to stm32h7xx_it.o(i.TIM7_IRQHandler) for TIM7_IRQHandler
    startup_stm32h7a3xx.o(.text) refers (Special) to heapauxi.o(.text) for __use_two_region_memory
    startup_stm32h7a3xx.o(.text) refers to system_stm32h7xx.o(i.SystemInit) for SystemInit
    startup_stm32h7a3xx.o(.text) refers to __main.o(!!!main) for __main
    startup_stm32h7a3xx.o(.text) refers to startup_stm32h7a3xx.o(HEAP) for Heap_Mem
    startup_stm32h7a3xx.o(.text) refers to startup_stm32h7a3xx.o(STACK) for Stack_Mem
    main.o(i.HAL_TIM_PeriodElapsedCallback) refers to stm32h7xx_hal.o(i.HAL_IncTick) for HAL_IncTick
    main.o(i.MX_SPI1_Init) refers to stm32h7xx_hal_spi.o(i.HAL_SPI_Init) for HAL_SPI_Init
    main.o(i.MX_SPI1_Init) refers to main.o(.bss) for .bss
    main.o(i.StartDefaultTask) refers to cmsis_os2.o(i.osDelay) for osDelay
    main.o(i.StartTask02) refers to cmsis_os2.o(i.osDelay) for osDelay
    main.o(i.SystemClock_Config) refers to rt_memclr_w.o(.text) for __aeabi_memclr4
    main.o(i.SystemClock_Config) refers to stm32h7xx_hal_pwr_ex.o(i.HAL_PWREx_ConfigSupply) for HAL_PWREx_ConfigSupply
    main.o(i.SystemClock_Config) refers to stm32h7xx_hal_rcc.o(i.HAL_RCC_OscConfig) for HAL_RCC_OscConfig
    main.o(i.SystemClock_Config) refers to stm32h7xx_hal_rcc.o(i.HAL_RCC_ClockConfig) for HAL_RCC_ClockConfig
    main.o(i.main) refers to stm32h7xx_hal_cortex.o(i.HAL_MPU_Disable) for HAL_MPU_Disable
    main.o(i.main) refers to stm32h7xx_hal_cortex.o(i.HAL_MPU_ConfigRegion) for HAL_MPU_ConfigRegion
    main.o(i.main) refers to stm32h7xx_hal_cortex.o(i.HAL_MPU_Enable) for HAL_MPU_Enable
    main.o(i.main) refers to stm32h7xx_hal.o(i.HAL_Init) for HAL_Init
    main.o(i.main) refers to main.o(i.SystemClock_Config) for SystemClock_Config
    main.o(i.main) refers to main.o(i.MX_SPI1_Init) for MX_SPI1_Init
    main.o(i.main) refers to cmsis_os2.o(i.osKernelInitialize) for osKernelInitialize
    main.o(i.main) refers to cmsis_os2.o(i.osThreadNew) for osThreadNew
    main.o(i.main) refers to cmsis_os2.o(i.osKernelStart) for osKernelStart
    main.o(i.main) refers to main.o(.constdata) for .constdata
    main.o(i.main) refers to main.o(i.StartDefaultTask) for StartDefaultTask
    main.o(i.main) refers to main.o(.data) for .data
    main.o(i.main) refers to main.o(i.StartTask02) for StartTask02
    main.o(.constdata) refers to main.o(.conststring) for .conststring
    stm32h7xx_it.o(i.SPI1_IRQHandler) refers to stm32h7xx_hal_spi.o(i.HAL_SPI_IRQHandler) for HAL_SPI_IRQHandler
    stm32h7xx_it.o(i.SPI1_IRQHandler) refers to main.o(.bss) for hspi1
    stm32h7xx_it.o(i.TIM7_IRQHandler) refers to stm32h7xx_hal_tim.o(i.HAL_TIM_IRQHandler) for HAL_TIM_IRQHandler
    stm32h7xx_it.o(i.TIM7_IRQHandler) refers to stm32h7xx_hal_timebase_tim.o(.bss) for htim7
    stm32h7xx_hal_msp.o(i.HAL_MspInit) refers to stm32h7xx_hal_cortex.o(i.HAL_NVIC_SetPriority) for HAL_NVIC_SetPriority
    stm32h7xx_hal_msp.o(i.HAL_SPI_MspDeInit) refers to stm32h7xx_hal_gpio.o(i.HAL_GPIO_DeInit) for HAL_GPIO_DeInit
    stm32h7xx_hal_msp.o(i.HAL_SPI_MspDeInit) refers to stm32h7xx_hal_cortex.o(i.HAL_NVIC_DisableIRQ) for HAL_NVIC_DisableIRQ
    stm32h7xx_hal_msp.o(i.HAL_SPI_MspInit) refers to rt_memclr_w.o(.text) for __aeabi_memclr4
    stm32h7xx_hal_msp.o(i.HAL_SPI_MspInit) refers to stm32h7xx_hal_rcc_ex.o(i.HAL_RCCEx_PeriphCLKConfig) for HAL_RCCEx_PeriphCLKConfig
[...]
    RCCEx_PLL3_Config                        0x080013b1   Thumb Code   270  stm32h7xx_hal_rcc_ex.o(i.RCCEx_PLL3_Config)
    i.SPI1_IRQHandler                        0x080014c4   Section        0  stm32h7xx_it.o(i.SPI1_IRQHandler)
    i.SPI_CloseTransfer                      0x080014d0   Section        0  stm32h7xx_hal_spi.o(i.SPI_CloseTransfer)
    SPI_CloseTransfer                        0x080014d1   Thumb Code   188  stm32h7xx_hal_spi.o(i.SPI_CloseTransfer)
    i.SPI_DMAAbortOnError                    0x0800158c   Section        0  stm32h7xx_hal_spi.o(i.SPI_DMAAbortOnError)
    SPI_DMAAbortOnError                      0x0800158d   Thumb Code    26  stm32h7xx_hal_spi.o(i.SPI_DMAAbortOnError)
    i.SysTick_Handler                        0x080015a6   Section        0  cmsis_os2.o(i.SysTick_Handler)
    i.SystemClock_Config                     0x080015c0   Section        0  main.o(i.SystemClock_Config)
    i.TIM_Base_SetConfig                     0x08001664   Section        0  stm32h7xx_hal_tim.o(i.TIM_Base_SetConfig)
    i.osKernelStart                          0x08001724   Section        0  cmsis_os2.o(i.osKernelStart)
    i.prvAddCurrentTaskToDelayedList         0x0800175c   Section        0  tasks.o(i.prvAddCurrentTaskToDelayedList)
    prvAddCurrentTaskToDelayedList           0x0800175d   Thumb Code    84  tasks.o(i.prvAddCurrentTaskToDelayedList)
    i.prvAddNewTaskToReadyList               0x080017b8   Section        0  tasks.o(i.prvAddNewTaskToReadyList)
    prvAddNewTaskToReadyList                 0x080017b9   Thumb Code   190  tasks.o(i.prvAddNewTaskToReadyList)
    i.prvCheckForValidListAndQueue           0x08001888   Section        0  timers.o(i.prvCheckForValidListAndQueue)
    prvCheckForValidListAndQueue             0x08001889   Thumb Code    72  timers.o(i.prvCheckForValidListAndQueue)
    i.prvCopyDataFromQueue                   0x080018e0   Section        0  queue.o(i.prvCopyDataFromQueue)
    prvCopyDataFromQueue                     0x080018e1   Thumb Code    38  queue.o(i.prvCopyDataFromQueue)
    i.prvInitialiseNewQueue                  0x08001906   Section        0  queue.o(i.prvInitialiseNewQueue)
    prvInitialiseNewQueue                    0x08001907   Thumb Code    32  queue.o(i.prvInitialiseNewQueue)
    i.prvInsertBlockIntoFreeList             0x08001928   Section        0  heap_4.o(i.prvInsertBlockIntoFreeList)
    prvInsertBlockIntoFreeList               0x08001929   Thumb Code    72  heap_4.o(i.prvInsertBlockIntoFreeList)
    i.prvSwitchTimerLists                    0x08001974   Section        0  timers.o(i.prvSwitchTimerLists)
    prvSwitchTimerLists                      0x08001975   Thumb Code   104  timers.o(i.prvSwitchTimerLists)
    i.prvTaskExitError                       0x080019e0   Section        0  port.o(i.prvTaskExitError)
    prvTaskExitError                         0x080019e1   Thumb Code    36  port.o(i.prvTaskExitError)
    i.pxPortInitialiseStack                  0x08001a08   Section        0  port.o(i.pxPortInitialiseStack)
    i.uxListRemove                           0x08001a34   Section        0  list.o(i.uxListRemove)
    i.vApplicationGetIdleTaskMemory          0x08001a5c   Section        0  cmsis_os2.o(i.vApplicationGetIdleTaskMemory)
    i.vListInitialise                        0x08001a70   Section        0  list.o(i.vListInitialise)
    i.vListInsert                            0x08001a86   Section        0  list.o(i.vListInsert)
    i.vListInsertEnd                         0x08001ab6   Section        0  list.o(i.vListInsertEnd)
    i.vPortEnterCritical                     0x08001ad0   Section        0  port.o(i.vPortEnterCritical)
    i.vPortFree                              0x08001b10   Section        0  heap_4.o(i.vPortFree)
    i.vPortSetupTimerInterrupt               0x08001b74   Section        0  port.o(i.vPortSetupTimerInterrupt)
    i.vQueueAddToRegistry                    0x08001b98   Section        0  queue.o(i.vQueueAddToRegistry)
    i.vQueueWaitForMessageRestricted         0x08001bbc   Section        0  queue.o(i.vQueueWaitForMessageRestricted)
    i.vTaskDelay                             0x08001c00   Section        0  tasks.o(i.vTaskDelay)
    i.vTaskStartScheduler                    0x08001c4c   Section        0  tasks.o(i.vTaskStartScheduler)
    i.vTaskSuspendAll                        0x08001cd0   Section        0  tasks.o(i.vTaskSuspendAll)
    i.vTaskSwitchContext                     0x08001ce0   Section        0  tasks.o(i.vTaskSwitchContext)
    i.xPortStartScheduler                    0x08001d44   Section        0  port.o(i.xPortStartScheduler)
    i.xPortSysTickHandler                    0x08001e38   Section        0  port.o(i.xPortSysTickHandler)
    i.xQueueGenericCreateStatic              0x08001e64   Section        0  queue.o(i.xQueueGenericCreateStatic)
    i.xQueueGenericReset                     0x08001ecc   Section        0  queue.o(i.xQueueGenericReset)
    i.xQueueGenericSend                      0x08001f54   Section        0  queue.o(i.xQueueGenericSend)
    i.xQueueGenericSendFromISR               0x080020b8   Section        0  queue.o(i.xQueueGenericSendFromISR)
    i.xTaskCreate                            0x08002176   Section        0  tasks.o(i.xTaskCreate)
    i.xTaskGetSchedulerState                 0x080021d0   Section        0  tasks.o(i.xTaskGetSchedulerState)
    i.xTaskGetTickCount                      0x080021ec   Section        0  tasks.o(i.xTaskGetTickCount)
    i.xTaskRemoveFromEventList               0x080021f8   Section        0  tasks.o(i.xTaskRemoveFromEventList)
    i.xTaskResumeAll                         0x08002268   Section        0  tasks.o(i.xTaskResumeAll)
    x$fpl$fpinit                             0x08002328   Section       10  fpinit.o(x$fpl$fpinit)
    $v0                                      0x08002328   Number         0  fpinit.o(x$fpl$fpinit)
    .constdata                               0x08002332   Section       16  system_stm32h7xx.o(.constdata)
    .ARM.Collect$$libshutdown$$00000000      0x08100000   Section        2  libshutdown.o(.ARM.Collect$$libshutdown$$00000000)
    .ARM.Collect$$libshutdown$$00000002      0x08100002   Section        0  libshutdown2.o(.ARM.Collect$$libshutdown$$00000002)
    .ARM.Collect$$libshutdown$$00000004      0x08100002   Section        0  libshutdown2.o(.ARM.Collect$$libshutdown$$00000004)
    .ARM.Collect$$libshutdown$$00000006      0x08100002   Section        0  libshutdown2.o(.ARM.Collect$$libshutdown$$00000006)
    .ARM.Collect$$libshutdown$$00000009      0x08100002   Section        0  libshutdown2.o(.ARM.Collect$$libshutdown$$00000009)
    .ARM.Collect$$libshutdown$$0000000C      0x08100002   Section        0  libshutdown2.o(.ARM.Collect$$libshutdown$$0000000C)
    .ARM.Collect$$libshutdown$$0000000E      0x08100002   Section        0  libshutdown2.o(.ARM.Collect$$libshutdown$$0000000E)
    .ARM.Collect$$libshutdown$$00000011      0x08100002   Section        0  libshutdown2.o(.ARM.Collect$$libshutdown$$00000011)
    .ARM.Collect$$libshutdown$$00000012      0x08100002   Section        2  libshutdown2.o(.ARM.Collect$$libshutdown$$00000012)
    .ARM.Collect$$rtexit$$00000000           0x08100004   Section        2  rtexit.o(.ARM.Collect$$rtexit$$00000000)
    .ARM.Collect$$rtexit$$00000002           0x08100006   Section        0  rtexit2.o(.ARM.Collect$$rtexit$$00000002)
    .ARM.Collect$$rtexit$$00000003           0x08100006   Section        4  rtexit2.o(.ARM.Collect$$rtexit$$00000003)
    .ARM.Collect$$rtexit$$00000004           0x0810000a   Section        6  rtexit2.o(.ARM.Collect$$rtexit$$00000004)
    .emb_text                                0x08100010   Section      190  port.o(.emb_text)
    $v0                                      0x08100010   Number         0  port.o(.emb_text)
    .text                                    0x081000ce   Section       16  aeabi_memset.o(.text)
    .text                                    0x081000de   Section       78  rt_memclr_w.o(.text)
    .text                                    0x0810012c   Section      100  rt_memcpy_w.o(.text)
    .text                                    0x08100190   Section       68  rt_memclr.o(.text)
    .text                                    0x081001d4   Section       74  sys_stackheap_outer.o(.text)
    .text                                    0x0810021e   Section        0  exit.o(.text)
    .text                                    0x08100230   Section        8  libspace.o(.text)
    .text                                    0x08100238   Section        0  sys_exit.o(.text)
    i.BusFault_Handler                       0x08100244   Section        0  stm32h7xx_it.o(i.BusFault_Handler)
    i.DebugMon_Handler                       0x08100246   Section        0  stm32h7xx_it.o(i.DebugMon_Handler)
    i.HAL_DMA_Abort_IT                       0x08100248   Section        0  stm32h7xx_hal_dma.o(i.HAL_DMA_Abort_IT)
    i.HAL_GPIO_Init                          0x081004b4   Section        0  stm32h7xx_hal_gpio.o(i.HAL_GPIO_Init)
    i.HAL_InitTick                           0x08100690   Section        0  stm32h7xx_hal_timebase_tim.o(i.HAL_InitTick)
    i.HAL_MPU_ConfigRegion                   0x0810071c   Section        0  stm32h7xx_hal_cortex.o(i.HAL_MPU_ConfigRegion)
    i.HAL_MPU_Enable                         0x08100770   Section        0  stm32h7xx_hal_cortex.o(i.HAL_MPU_Enable)
    i.HAL_MspInit                            0x08100794   Section        0  stm32h7xx_hal_msp.o(i.HAL_MspInit)
    i.HAL_NVIC_EnableIRQ                     0x081007b8   Section        0  stm32h7xx_hal_cortex.o(i.HAL_NVIC_EnableIRQ)
    i.HAL_NVIC_SetPriority                   0x081007d4   Section        0  stm32h7xx_hal_cortex.o(i.HAL_NVIC_SetPriority)
    i.HAL_RCCEx_PeriphCLKConfig              0x08100814   Section        0  stm32h7xx_hal_rcc_ex.o(i.HAL_RCCEx_PeriphCLKConfig)
    i.HAL_RCC_GetClockConfig                 0x0810115c   Section        0  stm32h7xx_hal_rcc.o(i.HAL_RCC_GetClockConfig)
    i.HAL_RCC_GetPCLK1Freq                   0x081011bc   Section        0  stm32h7xx_hal_rcc.o(i.HAL_RCC_GetPCLK1Freq)
    i.HAL_SPI_Init                           0x081011e0   Section        0  stm32h7xx_hal_spi.o(i.HAL_SPI_Init)
    i.HAL_SPI_RxCpltCallback                 0x08101350   Section        0  stm32h7xx_hal_spi.o(i.HAL_SPI_RxCpltCallback)
    i.HAL_SPI_TxCpltCallback                 0x08101352   Section        0  stm32h7xx_hal_spi.o(i.HAL_SPI_TxCpltCallback)
    i.HAL_TIMEx_Break2Callback               0x08101354   Section        0  stm32h7xx_hal_tim_ex.o(i.HAL_TIMEx_Break2Callback)
    i.HAL_TIMEx_CommutCallback               0x08101356   Section        0  stm32h7xx_hal_tim_ex.o(i.HAL_TIMEx_CommutCallback)
    i.HAL_TIM_Base_Start_IT                  0x08101358   Section        0  stm32h7xx_hal_tim.o(i.HAL_TIM_Base_Start_IT)
    i.HAL_TIM_IC_CaptureCallback             0x081013e4   Section        0  stm32h7xx_hal_tim.o(i.HAL_TIM_IC_CaptureCallback)
    i.HAL_TIM_PWM_PulseFinishedCallback      0x081013e6   Section        0  stm32h7xx_hal_tim.o(i.HAL_TIM_PWM_PulseFinishedCallback)
    i.HAL_TIM_PeriodElapsedCallback          0x081013e8   Section        0  main.o(i.HAL_TIM_PeriodElapsedCallback)
    i.MemManage_Handler                      0x081013fc   Section        0  stm32h7xx_it.o(i.MemManage_Handler)
    i.RCCEx_PLL2_Config                      0x08101400   Section        0  stm32h7xx_hal_rcc_ex.o(i.RCCEx_PLL2_Config)
    RCCEx_PLL2_Config                        0x08101401   Thumb Code   270  stm32h7xx_hal_rcc_ex.o(i.RCCEx_PLL2_Config)
    i.StartDefaultTask                       0x08101514   Section        0  main.o(i.StartDefaultTask)
    i.StartTask02                            0x0810151c   Section        0  main.o(i.StartTask02)
    i.SystemInit                             0x08101524   Section        0  system_stm32h7xx.o(i.SystemInit)
    i.TIM7_IRQHandler                        0x081015e4   Section        0  stm32h7xx_it.o(i.TIM7_IRQHandler)
    i.UsageFault_Handler                     0x081015f0   Section        0  stm32h7xx_it.o(i.UsageFault_Handler)
    i.__NVIC_SetPriority                     0x081015f2   Section        0  stm32h7xx_hal_cortex.o(i.__NVIC_SetPriority)
    __NVIC_SetPriority                       0x081015f3   Thumb Code    32  stm32h7xx_hal_cortex.o(i.__NVIC_SetPriority)
    i.main                                   0x08101614   Section        0  main.o(i.main)
    i.osDelay                                0x081016c8   Section        0  cmsis_os2.o(i.osDelay)
    i.osKernelInitialize                     0x081016e4   Section        0  cmsis_os2.o(i.osKernelInitialize)
    i.osThreadNew                            0x08101708   Section        0  cmsis_os2.o(i.osThreadNew)
    i.prvCopyDataToQueue                     0x08101790   Section        0  queue.o(i.prvCopyDataToQueue)
    prvCopyDataToQueue                       0x08101791   Thumb Code   108  queue.o(i.prvCopyDataToQueue)
    i.prvDeleteTCB                           0x081017fc   Section        0  tasks.o(i.prvDeleteTCB)
    prvDeleteTCB                             0x081017fd   Thumb Code    52  tasks.o(i.prvDeleteTCB)
    i.prvHeapInit                            0x08101830   Section        0  heap_4.o(i.prvHeapInit)
    prvHeapInit                              0x08101831   Thumb Code    66  heap_4.o(i.prvHeapInit)
    i.prvIdleTask                            0x0810187c   Section        0  tasks.o(i.prvIdleTask)
    prvIdleTask                              0x0810187d   Thumb Code    80  tasks.o(i.prvIdleTask)
    i.prvInitialiseNewTask                   0x081018d8   Section        0  tasks.o(i.prvInitialiseNewTask)
    prvInitialiseNewTask                     0x081018d9   Thumb Code   170  tasks.o(i.prvInitialiseNewTask)
    i.prvInsertTimerInActiveList             0x08101984   Section        0  timers.o(i.prvInsertTimerInActiveList)
    prvInsertTimerInActiveList               0x08101985   Thumb Code    52  timers.o(i.prvInsertTimerInActiveList)
    i.prvIsQueueEmpty                        0x081019bc   Section        0  queue.o(i.prvIsQueueEmpty)
    prvIsQueueEmpty                          0x081019bd   Thumb Code    26  queue.o(i.prvIsQueueEmpty)
    i.prvProcessReceivedCommands             0x081019d8   Section        0  timers.o(i.prvProcessReceivedCommands)
    prvProcessReceivedCommands               0x081019d9   Thumb Code   242  timers.o(i.prvProcessReceivedCommands)
    i.prvProcessTimerOrBlockTask             0x08101ad0   Section        0  timers.o(i.prvProcessTimerOrBlockTask)
    prvProcessTimerOrBlockTask               0x08101ad1   Thumb Code   182  timers.o(i.prvProcessTimerOrBlockTask)
    i.prvResetNextTaskUnblockTime            0x08101b90   Section        0  tasks.o(i.prvResetNextTaskUnblockTime)
    prvResetNextTaskUnblockTime              0x08101b91   Thumb Code    26  tasks.o(i.prvResetNextTaskUnblockTime)
    i.prvSampleTimeNow                       0x08101bb0   Section        0  timers.o(i.prvSampleTimeNow)
    prvSampleTimeNow                         0x08101bb1   Thumb Code    36  timers.o(i.prvSampleTimeNow)
    i.prvTimerTask                           0x08101bd8   Section        0  timers.o(i.prvTimerTask)
    prvTimerTask                             0x08101bd9   Thumb Code    34  timers.o(i.prvTimerTask)
    i.prvUnlockQueue                         0x08101c00   Section        0  queue.o(i.prvUnlockQueue)
    prvUnlockQueue                           0x08101c01   Thumb Code   106  queue.o(i.prvUnlockQueue)
    i.pvPortMalloc                           0x08101c6c   Section        0  heap_4.o(i.pvPortMalloc)
    i.vApplicationGetTimerTaskMemory         0x08101d48   Section        0  cmsis_os2.o(i.vApplicationGetTimerTaskMemory)
    i.vListInitialiseItem                    0x08101d60   Section        0  list.o(i.vListInitialiseItem)
    i.vPortExitCritical                      0x08101d68   Section        0  port.o(i.vPortExitCritical)
    i.vPortValidateInterruptPriority         0x08101d90   Section        0  port.o(i.vPortValidateInterruptPriority)
    i.vTaskInternalSetTimeOutState           0x08101de4   Section        0  tasks.o(i.vTaskInternalSetTimeOutState)
    i.vTaskMissedYield                       0x08101df4   Section        0  tasks.o(i.vTaskMissedYield)
    i.vTaskPlaceOnEventList                  0x08101e00   Section        0  tasks.o(i.vTaskPlaceOnEventList)
    i.vTaskPlaceOnEventListRestricted        0x08101e30   Section        0  tasks.o(i.vTaskPlaceOnEventListRestricted)
    i.xQueueReceive                          0x08101e68   Section        0  queue.o(i.xQueueReceive)
    i.xTaskCheckForTimeOut                   0x08101fa0   Section        0  tasks.o(i.xTaskCheckForTimeOut)
    i.xTaskCreateStatic                      0x08102014   Section        0  tasks.o(i.xTaskCreateStatic)
    i.xTaskIncrementTick                     0x08102070   Section        0  tasks.o(i.xTaskIncrementTick)
    i.xTaskPriorityDisinherit                0x08102138   Section        0  tasks.o(i.xTaskPriorityDisinherit)
    i.xTimerCreateTimerTask                  0x081021b4   Section        0  timers.o(i.xTimerCreateTimerTask)
    i.xTimerGenericCommand                   0x08102214   Section        0  timers.o(i.xTimerGenericCommand)
    .constdata                               0x08102278   Section       72  main.o(.constdata)
    .conststring                             0x081022c0   Section       24  main.o(.conststring)
    .data                                    0x24000000   Section        8  main.o(.data)
    .data                                    0x24000008   Section       12  stm32h7xx_hal.o(.data)
    .data                                    0x24000014   Section        8  system_stm32h7xx.o(.data)
    .data                                    0x2400001c   Section       60  tasks.o(.data)
    uxDeletedTasksWaitingCleanUp             0x24000020   Data           4  tasks.o(.data)
    uxCurrentNumberOfTasks                   0x24000024   Data           4  tasks.o(.data)
    xTickCount                               0x24000028   Data           4  tasks.o(.data)
    uxTopReadyPriority                       0x2400002c   Data           4  tasks.o(.data)
    xSchedulerRunning                        0x24000030   Data           4  tasks.o(.data)
    xPendedTicks                             0x24000034   Data           4  tasks.o(.data)
    xYieldPending                            0x24000038   Data           4  tasks.o(.data)
    xNumOfOverflows                          0x2400003c   Data           4  tasks.o(.data)
    uxTaskNumber                             0x24000040   Data           4  tasks.o(.data)
    xNextTaskUnblockTime                     0x24000044   Data           4  tasks.o(.data)
    xIdleTaskHandle                          0x24000048   Data           4  tasks.o(.data)
    uxSchedulerSuspended                     0x2400004c   Data           4  tasks.o(.data)
    pxDelayedTaskList                        0x24000050   Data           4  tasks.o(.data)
    pxOverflowDelayedTaskList                0x24000054   Data           4  tasks.o(.data)
    .data                                    0x24000058   Section       20  timers.o(.data)
    xTimerQueue                              0x24000058   Data           4  timers.o(.data)
    xTimerTaskHandle                         0x2400005c   Data           4  timers.o(.data)
    xLastTime                                0x24000060   Data           4  timers.o(.data)
    pxCurrentTimerList                       0x24000064   Data           4  timers.o(.data)
    pxOverflowTimerList                      0x24000068   Data           4  timers.o(.data)
    .data                                    0x2400006c   Section        4  cmsis_os2.o(.data)
    KernelState                              0x2400006c   Data           4  cmsis_os2.o(.data)
    .data                                    0x24000070   Section       32  heap_4.o(.data)
    pxEnd                                    0x24000070   Data           4  heap_4.o(.data)
    xFreeBytesRemaining                      0x24000074   Data           4  heap_4.o(.data)
    xMinimumEverFreeBytesRemaining           0x24000078   Data           4  heap_4.o(.data)
    xNumberOfSuccessfulAllocations           0x2400007c   Data           4  heap_4.o(.data)
    xNumberOfSuccessfulFrees                 0x24000080   Data           4  heap_4.o(.data)
    xBlockAllocatedBit                       0x24000084   Data           4  heap_4.o(.data)
    xStart                                   0x24000088   Data           8  heap_4.o(.data)
    .data                                    0x24000090   Section       12  port.o(.data)
    ucMaxSysCallPriority                     0x24000090   Data           1  port.o(.data)
    uxCriticalNesting                        0x24000094   Data           4  port.o(.data)
    ulMaxPRIGROUPValue                       0x24000098   Data           4  port.o(.data)
    .bss                                     0x2400009c   Section      136  main.o(.bss)
    .bss                                     0x24000124   Section       76  stm32h7xx_hal_timebase_tim.o(.bss)
    .bss                                     0x24000170   Section       64  queue.o(.bss)
    .bss                                     0x240001b0   Section     1220  tasks.o(.bss)
    pxReadyTasksLists                        0x240001b0   Data        1120  tasks.o(.bss)
    xDelayedTaskList1                        0x24000610   Data          20  tasks.o(.bss)
    xDelayedTaskList2                        0x24000624   Data          20  tasks.o(.bss)
    xPendingReadyList                        0x24000638   Data          20  tasks.o(.bss)
    xTasksWaitingTermination                 0x2400064c   Data          20  tasks.o(.bss)
    xSuspendedTaskList                       0x24000660   Data          20  tasks.o(.bss)
    .bss                                     0x24000674   Section      280  timers.o(.bss)
    xStaticTimerQueue                        0x24000674   Data          80  timers.o(.bss)
    ucStaticTimerQueueStorage                0x240006c4   Data         160  timers.o(.bss)
    xActiveTimerList1                        0x24000764   Data          20  timers.o(.bss)
    xActiveTimerList2                        0x24000778   Data          20  timers.o(.bss)
    .bss                                     0x2400078c   Section     1720  cmsis_os2.o(.bss)
    Idle_TCB                                 0x2400078c   Data          92  cmsis_os2.o(.bss)
    Idle_Stack                               0x240007e8   Data         512  cmsis_os2.o(.bss)
    Timer_TCB                                0x240009e8   Data          92  cmsis_os2.o(.bss)
    Timer_Stack                              0x24000a44   Data        1024  cmsis_os2.o(.bss)
    .bss                                     0x24000e44   Section    15360  heap_4.o(.bss)
    ucHeap                                   0x24000e44   Data       15360  heap_4.o(.bss)
    .bss                                     0x24004a44   Section       96  libspace.o(.bss)
    HEAP                                     0x24004aa8   Section     1024  startup_stm32h7a3xx.o(HEAP)
    Heap_Mem                                 0x24004aa8   Data        1024  startup_stm32h7a3xx.o(HEAP)
    STACK                                    0x24004ea8   Section     1024  startup_stm32h7a3xx.o(STACK)
    Stack_Mem                                0x24004ea8   Data        1024  startup_stm32h7a3xx.o(STACK)
    __initial_sp                             0x240052a8   Data           0  startup_stm32h7a3xx.o(STACK)

    Global Symbols

    Symbol Name                              Value     Ov Type        Size  Object(Section)

    BuildAttributes$$THM_ISAv4$E$P$D$K$B$S$7EM$VFPv5_D16$PE$PLD8$A:L22UL41UL21$X:L11$S22US41US21$IEEE1$IW$USESV6$~STKCKD$USESV7$~SHL$OSPACE$ROPI$EBA8$UX$STANDARDLIB$REQ8$PRES8$EABIv2 0x00000000   Number         0  anon$$obj.o ABSOLUTE
    __ARM_use_no_argv                        0x00000000   Number         0  main.o ABSOLUTE
    __ARM_exceptions_init                     - Undefined Weak Reference
    __alloca_initialize                       - Undefined Weak Reference
    __arm_fini_                               - Undefined Weak Reference
    __arm_preinit_                            - Undefined Weak Reference
    __cpp_initialize__aeabi_                  - Undefined Weak Reference
    __cxa_finalize                            - Undefined Weak Reference
    __rt_locale                               - Undefined Weak Reference
    __sigvec_lookup                           - Undefined Weak Reference
    _atexit_init                              - Undefined Weak Reference
    _call_atexit_fns                          - Undefined Weak Reference
    _clock_init                               - Undefined Weak Reference
    _fp_trap_init                             - Undefined Weak Reference
    _fp_trap_shutdown                         - Undefined Weak Reference
    _get_lc_collate                           - Undefined Weak Reference
    _get_lc_ctype                             - Undefined Weak Reference
    _get_lc_monetary                          - Undefined Weak Reference
    _get_lc_numeric                           - Undefined Weak Reference
    _get_lc_time                              - Undefined Weak Reference
    _getenv_init                              - Undefined Weak Reference
    _handle_redirection                       - Undefined Weak Reference
    _init_alloc                               - Undefined Weak Reference
    _init_user_alloc                          - Undefined Weak Reference
    _initio                                   - Undefined Weak Reference
    _rand_init                                - Undefined Weak Reference
    _signal_finish                            - Undefined Weak Reference
    _signal_init                              - Undefined Weak Reference
    _terminate_alloc                          - Undefined Weak Reference
    _terminate_user_alloc                     - Undefined Weak Reference
    _terminateio                              - Undefined Weak Reference
    __Vectors_Size                           0x000002ac   Number         0  startup_stm32h7a3xx.o ABSOLUTE
    __Vectors                                0x08000000   Data           4  startup_stm32h7a3xx.o(RESET)
    __Vectors_End                            0x080002ac   Data           0  startup_stm32h7a3xx.o(RESET)
    __main                                   0x080002ad   Thumb Code     8  __main.o(!!!main)
    __scatterload                            0x080002b5   Thumb Code     0  __scatter.o(!!!scatter)
    __scatterload_rt2                        0x080002b5   Thumb Code    44  __scatter.o(!!!scatter)
    __scatterload_rt2_thumb_only             0x080002b5   Thumb Code     0  __scatter.o(!!!scatter)
    __scatterload_null                       0x080002c3   Thumb Code     0  __scatter.o(!!!scatter)
    __scatterload_copy                       0x080002e9   Thumb Code    26  __scatter_copy.o(!!handler_copy)
    __scatterload_zeroinit                   0x08000305   Thumb Code    28  __scatter_zi.o(!!handler_zi)
    __rt_lib_init                            0x08000321   Thumb Code     0  libinit.o(.ARM.Collect$$libinit$$00000000)
    __rt_lib_init_fp_1                       0x08000323   Thumb Code     0  libinit2.o(.ARM.Collect$$libinit$$00000001)
    __rt_lib_init_alloca_1                   0x08000327   Thumb Code     0  libinit2.o(.ARM.Collect$$libinit$$0000002E)
    __rt_lib_init_argv_1                     0x08000327   Thumb Code     0  libinit2.o(.ARM.Collect$$libinit$$0000002C)
    __rt_lib_init_atexit_1                   0x08000327   Thumb Code     0  libinit2.o(.ARM.Collect$$libinit$$0000001B)
    __rt_lib_init_clock_1                    0x08000327   Thumb Code     0  libinit2.o(.ARM.Collect$$libinit$$00000021)
    __rt_lib_init_cpp_1                      0x08000327   Thumb Code     0  libinit2.o(.ARM.Collect$$libinit$$00000032)
    __rt_lib_init_exceptions_1               0x08000327   Thumb Code     0  libinit2.o(.ARM.Collect$$libinit$$00000030)
    __rt_lib_init_fp_trap_1                  0x08000327   Thumb Code     0  libinit2.o(.ARM.Collect$$libinit$$0000001F)
    __rt_lib_init_getenv_1                   0x08000327   Thumb Code     0  libinit2.o(.ARM.Collect$$libinit$$00000023)
    __rt_lib_init_heap_1                     0x08000327   Thumb Code     0  libinit2.o(.ARM.Collect$$libinit$$0000000A)
    __rt_lib_init_lc_collate_1               0x08000327   Thumb Code     0  libinit2.o(.ARM.Collect$$libinit$$00000011)
    __rt_lib_init_lc_ctype_1                 0x08000327   Thumb Code     0  libinit2.o(.ARM.Collect$$libinit$$00000013)
    __rt_lib_init_lc_monetary_1              0x08000327   Thumb Code     0  libinit2.o(.ARM.Collect$$libinit$$00000015)
    __rt_lib_init_lc_numeric_1               0x08000327   Thumb Code     0  libinit2.o(.ARM.Collect$$libinit$$00000017)
    __rt_lib_init_lc_time_1                  0x08000327   Thumb Code     0  libinit2.o(.ARM.Collect$$libinit$$00000019)
    __rt_lib_init_preinit_1                  0x08000327   Thumb Code     0  libinit2.o(.ARM.Collect$$libinit$$00000004)
    __rt_lib_init_rand_1                     0x08000327   Thumb Code     0  libinit2.o(.ARM.Collect$$libinit$$0000000E)
    __rt_lib_init_return                     0x08000327   Thumb Code     0  libinit2.o(.ARM.Collect$$libinit$$00000033)
    __rt_lib_init_signal_1                   0x08000327   Thumb Code     0  libinit2.o(.ARM.Collect$$libinit$$0000001D)
    __rt_lib_init_stdio_1                    0x08000327   Thumb Code     0  libinit2.o(.ARM.Collect$$libinit$$00000025)
    __rt_lib_init_user_alloc_1               0x08000327   Thumb Code     0  libinit2.o(.ARM.Collect$$libinit$$0000000C)
    __rt_entry                               0x08000329   Thumb Code     0  __rtentry.o(.ARM.Collect$$rtentry$$00000000)
    __rt_entry_presh_1                       0x08000329   Thumb Code     0  __rtentry2.o(.ARM.Collect$$rtentry$$00000002)
    __rt_entry_sh                            0x08000329   Thumb Code     0  __rtentry4.o(.ARM.Collect$$rtentry$$00000004)
    __rt_entry_li                            0x0800032f   Thumb Code     0  __rtentry2.o(.ARM.Collect$$rtentry$$0000000A)
    __rt_entry_postsh_1                      0x0800032f   Thumb Code     0  __rtentry2.o(.ARM.Collect$$rtentry$$00000009)
    __rt_entry_main                          0x08000333   Thumb Code     0  __rtentry2.o(.ARM.Collect$$rtentry$$0000000D)
    __rt_entry_postli_1                      0x08000333   Thumb Code     0  __rtentry2.o(.ARM.Collect$$rtentry$$0000000C)
    Reset_Handler                            0x0800033d   Thumb Code     8  startup_stm32h7a3xx.o(.text)
    ADC_IRQHandler                           0x08000357   Thumb Code     0  startup_stm32h7a3xx.o(.text)
    BDMA1_IRQHandler                         0x08000357   Thumb Code     0  startup_stm32h7a3xx.o(.text)
    BDMA2_Channel0_IRQHandler                0x08000357   Thumb Code     0  startup_stm32h7a3xx.o(.text)
    BDMA2_Channel1_IRQHandler                0x08000357   Thumb Code     0  startup_stm32h7a3xx.o(.text)
    BDMA2_Channel2_IRQHandler                0x08000357   Thumb Code     0  startup_stm32h7a3xx.o(.text)
    BDMA2_Channel3_IRQHandler                0x08000357   Thumb Code     0  startup_stm32h7a3xx.o(.text)
    BDMA2_Channel4_IRQHandler                0x08000357   Thumb Code     0  startup_stm32h7a3xx.o(.text)
    BDMA2_Channel5_IRQHandler                0x08000357   Thumb Code     0  startup_stm32h7a3xx.o(.text)
    BDMA2_Channel6_IRQHandler                0x08000357   Thumb Code     0  startup_stm32h7a3xx.o(.text)
    BDMA2_Channel7_IRQHandler                0x08000357   Thumb Code     0  startup_stm32h7a3xx.o(.text)
    CEC_IRQHandler                           0x08000357   Thumb Code     0  startup_stm32h7a3xx.o(.text)
    COMP_IRQHandler                          0x08000357   Thumb Code     0  startup_stm32h7a3xx.o(.text)
    CRS_IRQHandler                           0x08000357   Thumb Code     0  startup_stm32h7a3xx.o(.text)
    DAC2_IRQHandler                          0x08000357   Thumb Code     0  startup_stm32h7a3xx.o(.text)
    DCMI_PSSI_IRQHandler                     0x08000357   Thumb Code     0  startup_stm32h7a3xx.o(.text)
    DFSDM1_FLT0_IRQHandler                   0x08000357   Thumb Code     0  startup_stm32h7a3xx.o(.text)
    DFSDM1_FLT1_IRQHandler                   0x08000357   Thumb Code     0  startup_stm32h7a3xx.o(.text)
    DFSDM1_FLT2_IRQHandler                   0x08000357   Thumb Code     0  startup_stm32h7a3xx.o(.text)
    DFSDM1_FLT3_IRQHandler                   0x08000357   Thumb Code     0  startup_stm32h7a3xx.o(.text)
    DFSDM1_FLT4_IRQHandler                   0x08000357   Thumb Code     0  startup_stm32h7a3xx.o(.text)
    DFSDM1_FLT5_IRQHandler                   0x08000357   Thumb Code     0  startup_stm32h7a3xx.o(.text)
    DFSDM1_FLT6_IRQHandler                   0x08000357   Thumb Code     0  startup_stm32h7a3xx.o(.text)
    DFSDM1_FLT7_IRQHandler                   0x08000357   Thumb Code     0  startup_stm32h7a3xx.o(.text)
    DFSDM2_IRQHandler                        0x08000357   Thumb Code     0  startup_stm32h7a3xx.o(.text)
    DMA1_Stream0_IRQHandler                  0x08000357   Thumb Code     0  startup_stm32h7a3xx.o(.text)
    DMA1_Stream1_IRQHandler                  0x08000357   Thumb Code     0  startup_stm32h7a3xx.o(.text)
    DMA1_Stream2_IRQHandler                  0x08000357   Thumb Code     0  startup_stm32h7a3xx.o(.text)
    DMA1_Stream3_IRQHandler                  0x08000357   Thumb Code     0  startup_stm32h7a3xx.o(.text)
    DMA1_Stream4_IRQHandler                  0x08000357   Thumb Code     0  startup_stm32h7a3xx.o(.text)
    DMA1_Stream5_IRQHandler                  0x08000357   Thumb Code     0  startup_stm32h7a3xx.o(.text)
    DMA1_Stream6_IRQHandler                  0x08000357   Thumb Code     0  startup_stm32h7a3xx.o(.text)
    DMA1_Stream7_IRQHandler                  0x08000357   Thumb Code     0  startup_stm32h7a3xx.o(.text)
    DMA2D_IRQHandler                         0x08000357   Thumb Code     0  startup_stm32h7a3xx.o(.text)
    DMA2_Stream0_IRQHandler                  0x08000357   Thumb Code     0  startup_stm32h7a3xx.o(.text)
    DMA2_Stream1_IRQHandler                  0x08000357   Thumb Code     0  startup_stm32h7a3xx.o(.text)
    DMA2_Stream2_IRQHandler                  0x08000357   Thumb Code     0  startup_stm32h7a3xx.o(.text)
    DMA2_Stream3_IRQHandler                  0x08000357   Thumb Code     0  startup_stm32h7a3xx.o(.text)
    DMA2_Stream4_IRQHandler                  0x08000357   Thumb Code     0  startup_stm32h7a3xx.o(.text)
    DMA2_Stream5_IRQHandler                  0x08000357   Thumb Code     0  startup_stm32h7a3xx.o(.text)
    DMA2_Stream6_IRQHandler                  0x08000357   Thumb Code     0  startup_stm32h7a3xx.o(.text)
    DMA2_Stream7_IRQHandler                  0x08000357   Thumb Code     0  startup_stm32h7a3xx.o(.text)
    DMAMUX1_OVR_IRQHandler                   0x08000357   Thumb Code     0  startup_stm32h7a3xx.o(.text)
    DMAMUX2_OVR_IRQHandler                   0x08000357   Thumb Code     0  startup_stm32h7a3xx.o(.text)
    DTS_IRQHandler                           0x08000357   Thumb Code     0  startup_stm32h7a3xx.o(.text)
    ECC_IRQHandler                           0x08000357   Thumb Code     0  startup_stm32h7a3xx.o(.text)
    EXTI0_IRQHandler                         0x08000357   Thumb Code     0  startup_stm32h7a3xx.o(.text)
    EXTI15_10_IRQHandler                     0x08000357   Thumb Code     0  startup_stm32h7a3xx.o(.text)
    EXTI1_IRQHandler                         0x08000357   Thumb Code     0  startup_stm32h7a3xx.o(.text)
    EXTI2_IRQHandler                         0x08000357   Thumb Code     0  startup_stm32h7a3xx.o(.text)
    EXTI3_IRQHandler                         0x08000357   Thumb Code     0  startup_stm32h7a3xx.o(.text)
    EXTI4_IRQHandler                         0x08000357   Thumb Code     0  startup_stm32h7a3xx.o(.text)
    EXTI9_5_IRQHandler                       0x08000357   Thumb Code     0  startup_stm32h7a3xx.o(.text)
    FDCAN1_IT0_IRQHandler                    0x08000357   Thumb Code     0  startup_stm32h7a3xx.o(.text)
    FDCAN1_IT1_IRQHandler                    0x08000357   Thumb Code     0  startup_stm32h7a3xx.o(.text)
    FDCAN2_IT0_IRQHandler                    0x08000357   Thumb Code     0  startup_stm32h7a3xx.o(.text)
    FDCAN2_IT1_IRQHandler                    0x08000357   Thumb Code     0  startup_stm32h7a3xx.o(.text)
    FDCAN_CAL_IRQHandler                     0x08000357   Thumb Code     0  startup_stm32h7a3xx.o(.text)
    FLASH_IRQHandler                         0x08000357   Thumb Code     0  startup_stm32h7a3xx.o(.text)
    FMC_IRQHandler                           0x08000357   Thumb Code     0  startup_stm32h7a3xx.o(.text)
    FPU_IRQHandler                           0x08000357   Thumb Code     0  startup_stm32h7a3xx.o(.text)
    GFXMMU_IRQHandler                        0x08000357   Thumb Code     0  startup_stm32h7a3xx.o(.text)
    HSEM1_IRQHandler                         0x08000357   Thumb Code     0  startup_stm32h7a3xx.o(.text)
    I2C1_ER_IRQHandler                       0x08000357   Thumb Code     0  startup_stm32h7a3xx.o(.text)
    I2C1_EV_IRQHandler                       0x08000357   Thumb Code     0  startup_stm32h7a3xx.o(.text)
    I2C2_ER_IRQHandler                       0x08000357   Thumb Code     0  startup_stm32h7a3xx.o(.text)
    I2C2_EV_IRQHandler                       0x08000357   Thumb Code     0  startup_stm32h7a3xx.o(.text)
    I2C3_ER_IRQHandler                       0x08000357   Thumb Code     0  startup_stm32h7a3xx.o(.text)
    I2C3_EV_IRQHandler                       0x08000357   Thumb Code     0  startup_stm32h7a3xx.o(.text)
    I2C4_ER_IRQHandler                       0x08000357   Thumb Code     0  startup_stm32h7a3xx.o(.text)
    I2C4_EV_IRQHandler                       0x08000357   Thumb Code     0  startup_stm32h7a3xx.o(.text)
    JPEG_IRQHandler                          0x08000357   Thumb Code     0  startup_stm32h7a3xx.o(.text)
    LPTIM1_IRQHandler                        0x08000357   Thumb Code     0  startup_stm32h7a3xx.o(.text)
    LPTIM2_IRQHandler                        0x08000357   Thumb Code     0  startup_stm32h7a3xx.o(.text)
    LPTIM3_IRQHandler                        0x08000357   Thumb Code     0  startup_stm32h7a3xx.o(.text)
    LPUART1_IRQHandler                       0x08000357   Thumb Code     0  startup_stm32h7a3xx.o(.text)
    LTDC_ER_IRQHandler                       0x08000357   Thumb Code     0  startup_stm32h7a3xx.o(.text)
    LTDC_IRQHandler                          0x08000357   Thumb Code     0  startup_stm32h7a3xx.o(.text)
    MDIOS_IRQHandler                         0x08000357   Thumb Code     0  startup_stm32h7a3xx.o(.text)
    MDIOS_WKUP_IRQHandler                    0x08000357   Thumb Code     0  startup_stm32h7a3xx.o(.text)
    MDMA_IRQHandler                          0x08000357   Thumb Code     0  startup_stm32h7a3xx.o(.text)
    OCTOSPI1_IRQHandler                      0x08000357   Thumb Code     0  startup_stm32h7a3xx.o(.text)
    OCTOSPI2_IRQHandler                      0x08000357   Thumb Code     0  startup_stm32h7a3xx.o(.text)
    OTG_HS_EP1_IN_IRQHandler                 0x08000357   Thumb Code     0  startup_stm32h7a3xx.o(.text)
    OTG_HS_EP1_OUT_IRQHandler                0x08000357   Thumb Code     0  startup_stm32h7a3xx.o(.text)
    OTG_HS_IRQHandler                        0x08000357   Thumb Code     0  startup_stm32h7a3xx.o(.text)
    OTG_HS_WKUP_IRQHandler                   0x08000357   Thumb Code     0  startup_stm32h7a3xx.o(.text)
    PVD_PVM_IRQHandler                       0x08000357   Thumb Code     0  startup_stm32h7a3xx.o(.text)
    RCC_IRQHandler                           0x08000357   Thumb Code     0  startup_stm32h7a3xx.o(.text)
    RNG_IRQHandler                           0x08000357   Thumb Code     0  startup_stm32h7a3xx.o(.text)
    RTC_Alarm_IRQHandler                     0x08000357   Thumb Code     0  startup_stm32h7a3xx.o(.text)
    RTC_TAMP_STAMP_CSS_LSE_IRQHandler        0x08000357   Thumb Code     0  startup_stm32h7a3xx.o(.text)
    RTC_WKUP_IRQHandler                      0x08000357   Thumb Code     0  startup_stm32h7a3xx.o(.text)
    SAI1_IRQHandler                          0x08000357   Thumb Code     0  startup_stm32h7a3xx.o(.text)
    SAI2_IRQHandler                          0x08000357   Thumb Code     0  startup_stm32h7a3xx.o(.text)
    SDMMC1_IRQHandler                        0x08000357   Thumb Code     0  startup_stm32h7a3xx.o(.text)
    SDMMC2_IRQHandler                        0x08000357   Thumb Code     0  startup_stm32h7a3xx.o(.text)
    SPDIF_RX_IRQHandler                      0x08000357   Thumb Code     0  startup_stm32h7a3xx.o(.text)
    SPI2_IRQHandler                          0x08000357   Thumb Code     0  startup_stm32h7a3xx.o(.text)
    SPI3_IRQHandler                          0x08000357   Thumb Code     0  startup_stm32h7a3xx.o(.text)
    SPI4_IRQHandler                          0x08000357   Thumb Code     0  startup_stm32h7a3xx.o(.text)
    SPI5_IRQHandler                          0x08000357   Thumb Code     0  startup_stm32h7a3xx.o(.text)
    SPI6_IRQHandler                          0x08000357   Thumb Code     0  startup_stm32h7a3xx.o(.text)
    SWPMI1_IRQHandler                        0x08000357   Thumb Code     0  startup_stm32h7a3xx.o(.text)
    TIM15_IRQHandler                         0x08000357   Thumb Code     0  startup_stm32h7a3xx.o(.text)
    TIM16_IRQHandler                         0x08000357   Thumb Code     0  startup_stm32h7a3xx.o(.text)
    TIM17_IRQHandler                         0x08000357   Thumb Code     0  startup_stm32h7a3xx.o(.text)
    TIM1_BRK_IRQHandler                      0x08000357   Thumb Code     0  startup_stm32h7a3xx.o(.text)
    TIM1_CC_IRQHandler                       0x08000357   Thumb Code     0  startup_stm32h7a3xx.o(.text)
    TIM1_TRG_COM_IRQHandler                  0x08000357   Thumb Code     0  startup_stm32h7a3xx.o(.text)
    TIM1_UP_IRQHandler                       0x08000357   Thumb Code     0  startup_stm32h7a3xx.o(.text)
    TIM2_IRQHandler                          0x08000357   Thumb Code     0  startup_stm32h7a3xx.o(.text)
    TIM3_IRQHandler                          0x08000357   Thumb Code     0  startup_stm32h7a3xx.o(.text)
    TIM4_IRQHandler                          0x08000357   Thumb Code     0  startup_stm32h7a3xx.o(.text)
    TIM5_IRQHandler                          0x08000357   Thumb Code     0  startup_stm32h7a3xx.o(.text)
    TIM6_DAC_IRQHandler                      0x08000357   Thumb Code     0  startup_stm32h7a3xx.o(.text)
    TIM8_BRK_TIM12_IRQHandler                0x08000357   Thumb Code     0  startup_stm32h7a3xx.o(.text)
    TIM8_CC_IRQHandler                       0x08000357   Thumb Code     0  startup_stm32h7a3xx.o(.text)
    TIM8_TRG_COM_TIM14_IRQHandler            0x08000357   Thumb Code     0  startup_stm32h7a3xx.o(.text)
    TIM8_UP_TIM13_IRQHandler                 0x08000357   Thumb Code     0  startup_stm32h7a3xx.o(.text)
    UART4_IRQHandler                         0x08000357   Thumb Code     0  startup_stm32h7a3xx.o(.text)
    UART5_IRQHandler                         0x08000357   Thumb Code     0  startup_stm32h7a3xx.o(.text)
    UART7_IRQHandler                         0x08000357   Thumb Code     0  startup_stm32h7a3xx.o(.text)
    UART8_IRQHandler                         0x08000357   Thumb Code     0  startup_stm32h7a3xx.o(.text)
    UART9_IRQHandler                         0x08000357   Thumb Code     0  startup_stm32h7a3xx.o(.text)
    USART10_IRQHandler                       0x08000357   Thumb Code     0  startup_stm32h7a3xx.o(.text)
    USART1_IRQHandler                        0x08000357   Thumb Code     0  startup_stm32h7a3xx.o(.text)
    USART2_IRQHandler                        0x08000357   Thumb Code     0  startup_stm32h7a3xx.o(.text)
    USART3_IRQHandler                        0x08000357   Thumb Code     0  startup_stm32h7a3xx.o(.text)
    USART6_IRQHandler                        0x08000357   Thumb Code     0  startup_stm32h7a3xx.o(.text)
    WAKEUP_PIN_IRQHandler                    0x08000357   Thumb Code     0  startup_stm32h7a3xx.o(.text)
    WWDG_IRQHandler                          0x08000357   Thumb Code     0  startup_stm32h7a3xx.o(.text)
    __user_initial_stackheap                 0x08000359   Thumb Code     0  startup_stm32h7a3xx.o(.text)
    __aeabi_memcpy                           0x0800037d   Thumb Code     0  rt_memcpy_v6.o(.text)
    __rt_memcpy                              0x0800037d   Thumb Code   138  rt_memcpy_v6.o(.text)
    _memcpy_lastbytes                        0x080003e3   Thumb Code     0  rt_memcpy_v6.o(.text)
    __use_two_region_memory                  0x08000407   Thumb Code     2  heapauxi.o(.text)
    __rt_heap_escrow$2region                 0x08000409   Thumb Code     2  heapauxi.o(.text)
    __rt_heap_expand$2region                 0x0800040b   Thumb Code     2  heapauxi.o(.text)
    __I$use$semihosting                      0x0800040d   Thumb Code     0  use_no_semi.o(.text)
    __use_no_semihosting_swi                 0x0800040d   Thumb Code     2  use_no_semi.o(.text)
    __semihosting_library_function           0x0800040f   Thumb Code     0  indicate_semi.o(.text)
    Short Thumb to Thumb Veneer to __aeabi_memcpy4 0x08000411   Thumb Code     4  anon$$obj.o(Veneer$$Code)
    Error_Handler                            0x08000415   Thumb Code     4  main.o(i.Error_Handler)
    HAL_GetTick                              0x08000419   Thumb Code     6  stm32h7xx_hal.o(i.HAL_GetTick)
    HAL_IncTick                              0x08000425   Thumb Code    12  stm32h7xx_hal.o(i.HAL_IncTick)
    HAL_Init                                 0x08000435   Thumb Code    74  stm32h7xx_hal.o(i.HAL_Init)
    HAL_MPU_Disable                          0x08000491   Thumb Code    24  stm32h7xx_hal_cortex.o(i.HAL_MPU_Disable)
    HAL_NVIC_SetPriorityGrouping             0x080004ad   Thumb Code    26  stm32h7xx_hal_cortex.o(i.HAL_NVIC_SetPriorityGrouping)
    HAL_PWREx_ConfigSupply                   0x080004d1   Thumb Code    76  stm32h7xx_hal_pwr_ex.o(i.HAL_PWREx_ConfigSupply)
    HAL_RCC_ClockConfig                      0x08000521   Thumb Code   590  stm32h7xx_hal_rcc.o(i.HAL_RCC_ClockConfig)
    HAL_RCC_GetHCLKFreq                      0x08000791   Thumb Code    52  stm32h7xx_hal_rcc.o(i.HAL_RCC_GetHCLKFreq)
    HAL_RCC_GetSysClockFreq                  0x080007d5   Thumb Code   270  stm32h7xx_hal_rcc.o(i.HAL_RCC_GetSysClockFreq)
    HAL_RCC_OscConfig                        0x08000905   Thumb Code  1428  stm32h7xx_hal_rcc.o(i.HAL_RCC_OscConfig)
    HAL_SPI_ErrorCallback                    0x08000e99   Thumb Code     2  stm32h7xx_hal_spi.o(i.HAL_SPI_ErrorCallback)
    HAL_SPI_IRQHandler                       0x08000e9d   Thumb Code   540  stm32h7xx_hal_spi.o(i.HAL_SPI_IRQHandler)
    HAL_SPI_MspInit                          0x080010bd   Thumb Code   158  stm32h7xx_hal_msp.o(i.HAL_SPI_MspInit)
    HAL_SPI_SuspendCallback                  0x08001169   Thumb Code     2  stm32h7xx_hal_spi.o(i.HAL_SPI_SuspendCallback)
    HAL_SPI_TxRxCpltCallback                 0x0800116b   Thumb Code     2  stm32h7xx_hal_spi.o(i.HAL_SPI_TxRxCpltCallback)
    HAL_TIMEx_BreakCallback                  0x0800116d   Thumb Code     2  stm32h7xx_hal_tim_ex.o(i.HAL_TIMEx_BreakCallback)
    HAL_TIM_Base_Init                        0x0800116f   Thumb Code    98  stm32h7xx_hal_tim.o(i.HAL_TIM_Base_Init)
    HAL_TIM_Base_MspInit                     0x080011d1   Thumb Code     2  stm32h7xx_hal_tim.o(i.HAL_TIM_Base_MspInit)
    HAL_TIM_IRQHandler                       0x080011d3   Thumb Code   388  stm32h7xx_hal_tim.o(i.HAL_TIM_IRQHandler)
    HAL_TIM_OC_DelayElapsedCallback          0x08001357   Thumb Code     2  stm32h7xx_hal_tim.o(i.HAL_TIM_OC_DelayElapsedCallback)
    HAL_TIM_TriggerCallback                  0x08001359   Thumb Code     2  stm32h7xx_hal_tim.o(i.HAL_TIM_TriggerCallback)
    HardFault_Handler                        0x0800135b   Thumb Code     2  stm32h7xx_it.o(i.HardFault_Handler)
    NMI_Handler                              0x080013ad   Thumb Code     2  stm32h7xx_it.o(i.NMI_Handler)
    SPI1_IRQHandler                          0x080014c5   Thumb Code     6  stm32h7xx_it.o(i.SPI1_IRQHandler)
    SysTick_Handler                          0x080015a7   Thumb Code    26  cmsis_os2.o(i.SysTick_Handler)
    SystemClock_Config                       0x080015c1   Thumb Code   154  main.o(i.SystemClock_Config)
    TIM_Base_SetConfig                       0x08001665   Thumb Code   160  stm32h7xx_hal_tim.o(i.TIM_Base_SetConfig)
    osKernelStart                            0x08001725   Thumb Code    48  cmsis_os2.o(i.osKernelStart)
    pxPortInitialiseStack                    0x08001a09   Thumb Code    40  port.o(i.pxPortInitialiseStack)
    uxListRemove                             0x08001a35   Thumb Code    38  list.o(i.uxListRemove)
    vApplicationGetIdleTaskMemory            0x08001a5d   Thumb Code    16  cmsis_os2.o(i.vApplicationGetIdleTaskMemory)
    vListInitialise                          0x08001a71   Thumb Code    22  list.o(i.vListInitialise)
    vListInsert                              0x08001a87   Thumb Code    48  list.o(i.vListInsert)
    vListInsertEnd                           0x08001ab7   Thumb Code    24  list.o(i.vListInsertEnd)
    vPortEnterCritical                       0x08001ad1   Thumb Code    54  port.o(i.vPortEnterCritical)
    vPortFree                                0x08001b11   Thumb Code    94  heap_4.o(i.vPortFree)
    vPortSetupTimerInterrupt                 0x08001b75   Thumb Code    32  port.o(i.vPortSetupTimerInterrupt)
    vQueueAddToRegistry                      0x08001b99   Thumb Code    32  queue.o(i.vQueueAddToRegistry)
    vQueueWaitForMessageRestricted           0x08001bbd   Thumb Code    68  queue.o(i.vQueueWaitForMessageRestricted)
    vTaskDelay                               0x08001c01   Thumb Code    66  tasks.o(i.vTaskDelay)
    vTaskStartScheduler                      0x08001c4d   Thumb Code   116  tasks.o(i.vTaskStartScheduler)
    vTaskSuspendAll                          0x08001cd1   Thumb Code    10  tasks.o(i.vTaskSuspendAll)
    vTaskSwitchContext                       0x08001ce1   Thumb Code    90  tasks.o(i.vTaskSwitchContext)
    xPortStartScheduler                      0x08001d45   Thumb Code   224  port.o(i.xPortStartScheduler)
    xPortSysTickHandler                      0x08001e39   Thumb Code    38  port.o(i.xPortSysTickHandler)
    xQueueGenericCreateStatic                0x08001e65   Thumb Code   102  queue.o(i.xQueueGenericCreateStatic)
    xQueueGenericReset                       0x08001ecd   Thumb Code   132  queue.o(i.xQueueGenericReset)
    xQueueGenericSend                        0x08001f55   Thumb Code   350  queue.o(i.xQueueGenericSend)
    xQueueGenericSendFromISR                 0x080020b9   Thumb Code   190  queue.o(i.xQueueGenericSendFromISR)
    xTaskCreate                              0x08002177   Thumb Code    90  tasks.o(i.xTaskCreate)
    xTaskGetSchedulerState                   0x080021d1   Thumb Code    22  tasks.o(i.xTaskGetSchedulerState)
    xTaskGetTickCount                        0x080021ed   Thumb Code     6  tasks.o(i.xTaskGetTickCount)
    xTaskRemoveFromEventList                 0x080021f9   Thumb Code    98  tasks.o(i.xTaskRemoveFromEventList)
    xTaskResumeAll                           0x08002269   Thumb Code   180  tasks.o(i.xTaskResumeAll)
    _fp_init                                 0x08002329   Thumb Code    10  fpinit.o(x$fpl$fpinit)
    __fplib_config_fpu_vfp                   0x08002331   Thumb Code     0  fpinit.o(x$fpl$fpinit)
    __fplib_config_pureend_doubles           0x08002331   Thumb Code     0  fpinit.o(x$fpl$fpinit)
    D1CorePrescTable                         0x08002332   Data          16  system_stm32h7xx.o(.constdata)
    Region$$Table$$Base                      0x08002344   Number         0  anon$$obj.o(Region$$Table)
    Region$$Table$$Limit                     0x08002364   Number         0  anon$$obj.o(Region$$Table)
    __rt_lib_shutdown                        0x08100001   Thumb Code     0  libshutdown.o(.ARM.Collect$$libshutdown$$00000000)
    __rt_lib_shutdown_cpp_1                  0x08100003   Thumb Code     0  libshutdown2.o(.ARM.Collect$$libshutdown$$00000004)
    __rt_lib_shutdown_fini_1                 0x08100003   Thumb Code     0  libshutdown2.o(.ARM.Collect$$libshutdown$$00000002)
    __rt_lib_shutdown_fp_trap_1              0x08100003   Thumb Code     0  libshutdown2.o(.ARM.Collect$$libshutdown$$00000009)
    __rt_lib_shutdown_heap_1                 0x08100003   Thumb Code     0  libshutdown2.o(.ARM.Collect$$libshutdown$$00000011)
    __rt_lib_shutdown_return                 0x08100003   Thumb Code     0  libshutdown2.o(.ARM.Collect$$libshutdown$$00000012)
    __rt_lib_shutdown_signal_1               0x08100003   Thumb Code     0  libshutdown2.o(.ARM.Collect$$libshutdown$$0000000C)
    __rt_lib_shutdown_stdio_1                0x08100003   Thumb Code     0  libshutdown2.o(.ARM.Collect$$libshutdown$$00000006)
    __rt_lib_shutdown_user_alloc_1           0x08100003   Thumb Code     0  libshutdown2.o(.ARM.Collect$$libshutdown$$0000000E)
    __rt_exit                                0x08100005   Thumb Code     0  rtexit.o(.ARM.Collect$$rtexit$$00000000)
    __rt_exit_ls                             0x08100007   Thumb Code     0  rtexit2.o(.ARM.Collect$$rtexit$$00000003)
    __rt_exit_prels_1                        0x08100007   Thumb Code     0  rtexit2.o(.ARM.Collect$$rtexit$$00000002)
    __rt_exit_exit                           0x0810000b   Thumb Code     0  rtexit2.o(.ARM.Collect$$rtexit$$00000004)
    SVC_Handler                              0x08100011   Thumb Code    28  port.o(.emb_text)
    __asm___6_port_c_39a90d8d__prvStartFirstTask 0x08100031   Thumb Code    36  port.o(.emb_text)
    __asm___6_port_c_39a90d8d__prvEnableVFP  0x08100059   Thumb Code    16  port.o(.emb_text)
    PendSV_Handler                           0x0810006d   Thumb Code    88  port.o(.emb_text)
    vPortGetIPSR                             0x081000c9   Thumb Code     6  port.o(.emb_text)
    __aeabi_memset                           0x081000cf   Thumb Code    16  aeabi_memset.o(.text)
    __aeabi_memclr4                          0x081000df   Thumb Code     0  rt_memclr_w.o(.text)
    __aeabi_memclr8                          0x081000df   Thumb Code     0  rt_memclr_w.o(.text)
    __rt_memclr_w                            0x081000df   Thumb Code    78  rt_memclr_w.o(.text)
    _memset_w                                0x081000e3   Thumb Code     0  rt_memclr_w.o(.text)
    __aeabi_memcpy4                          0x0810012d   Thumb Code     0  rt_memcpy_w.o(.text)
    __aeabi_memcpy8                          0x0810012d   Thumb Code     0  rt_memcpy_w.o(.text)
    __rt_memcpy_w                            0x0810012d   Thumb Code   100  rt_memcpy_w.o(.text)
    _memcpy_lastbytes_aligned                0x08100175   Thumb Code     0  rt_memcpy_w.o(.text)
    __aeabi_memclr                           0x08100191   Thumb Code     0  rt_memclr.o(.text)
    __rt_memclr                              0x08100191   Thumb Code    68  rt_memclr.o(.text)
    _memset                                  0x08100195   Thumb Code     0  rt_memclr.o(.text)
    __user_setup_stackheap                   0x081001d5   Thumb Code    74  sys_stackheap_outer.o(.text)
    exit                                     0x0810021f   Thumb Code    18  exit.o(.text)
    __user_libspace                          0x08100231   Thumb Code     8  libspace.o(.text)
    __user_perproc_libspace                  0x08100231   Thumb Code     0  libspace.o(.text)
    __user_perthread_libspace                0x08100231   Thumb Code     0  libspace.o(.text)
    _sys_exit                                0x08100239   Thumb Code     8  sys_exit.o(.text)
    BusFault_Handler                         0x08100245   Thumb Code     2  stm32h7xx_it.o(i.BusFault_Handler)
    DebugMon_Handler                         0x08100247   Thumb Code     2  stm32h7xx_it.o(i.DebugMon_Handler)
    HAL_DMA_Abort_IT                         0x08100249   Thumb Code   606  stm32h7xx_hal_dma.o(i.HAL_DMA_Abort_IT)
    HAL_GPIO_Init                            0x081004b5   Thumb Code   426  stm32h7xx_hal_gpio.o(i.HAL_GPIO_Init)
    HAL_InitTick                             0x08100691   Thumb Code   120  stm32h7xx_hal_timebase_tim.o(i.HAL_InitTick)
    HAL_MPU_ConfigRegion                     0x0810071d   Thumb Code    80  stm32h7xx_hal_cortex.o(i.HAL_MPU_ConfigRegion)
    HAL_MPU_Enable                           0x08100771   Thumb Code    30  stm32h7xx_hal_cortex.o(i.HAL_MPU_Enable)
    HAL_MspInit                              0x08100795   Thumb Code    32  stm32h7xx_hal_msp.o(i.HAL_MspInit)
    HAL_NVIC_EnableIRQ                       0x081007b9   Thumb Code    26  stm32h7xx_hal_cortex.o(i.HAL_NVIC_EnableIRQ)
    HAL_NVIC_SetPriority                     0x081007d5   Thumb Code    60  stm32h7xx_hal_cortex.o(i.HAL_NVIC_SetPriority)
    HAL_RCCEx_PeriphCLKConfig                0x08100815   Thumb Code  2370  stm32h7xx_hal_rcc_ex.o(i.HAL_RCCEx_PeriphCLKConfig)
    HAL_RCC_GetClockConfig                   0x0810115d   Thumb Code    86  stm32h7xx_hal_rcc.o(i.HAL_RCC_GetClockConfig)
    HAL_RCC_GetPCLK1Freq                     0x081011bd   Thumb Code    26  stm32h7xx_hal_rcc.o(i.HAL_RCC_GetPCLK1Freq)
    HAL_SPI_Init                             0x081011e1   Thumb Code   356  stm32h7xx_hal_spi.o(i.HAL_SPI_Init)
    HAL_SPI_RxCpltCallback                   0x08101351   Thumb Code     2  stm32h7xx_hal_spi.o(i.HAL_SPI_RxCpltCallback)
    HAL_SPI_TxCpltCallback                   0x08101353   Thumb Code     2  stm32h7xx_hal_spi.o(i.HAL_SPI_TxCpltCallback)
    HAL_TIMEx_Break2Callback                 0x08101355   Thumb Code     2  stm32h7xx_hal_tim_ex.o(i.HAL_TIMEx_Break2Callback)
    HAL_TIMEx_CommutCallback                 0x08101357   Thumb Code     2  stm32h7xx_hal_tim_ex.o(i.HAL_TIMEx_CommutCallback)
    HAL_TIM_Base_Start_IT                    0x08101359   Thumb Code   106  stm32h7xx_hal_tim.o(i.HAL_TIM_Base_Start_IT)
    HAL_TIM_IC_CaptureCallback               0x081013e5   Thumb Code     2  stm32h7xx_hal_tim.o(i.HAL_TIM_IC_CaptureCallback)
    HAL_TIM_PWM_PulseFinishedCallback        0x081013e7   Thumb Code     2  stm32h7xx_hal_tim.o(i.HAL_TIM_PWM_PulseFinishedCallback)
    HAL_TIM_PeriodElapsedCallback            0x081013e9   Thumb Code    14  main.o(i.HAL_TIM_PeriodElapsedCallback)
    MemManage_Handler                        0x081013fd   Thumb Code     2  stm32h7xx_it.o(i.MemManage_Handler)
    StartDefaultTask                         0x08101515   Thumb Code     8  main.o(i.StartDefaultTask)
    StartTask02                              0x0810151d   Thumb Code     8  main.o(i.StartTask02)
    SystemInit                               0x08101525   Thumb Code   158  system_stm32h7xx.o(i.SystemInit)
    TIM7_IRQHandler                          0x081015e5   Thumb Code     6  stm32h7xx_it.o(i.TIM7_IRQHandler)
    UsageFault_Handler                       0x081015f1   Thumb Code     2  stm32h7xx_it.o(i.UsageFault_Handler)
    main                                     0x08101615   Thumb Code   160  main.o(i.main)
    osDelay                                  0x081016c9   Thumb Code    26  cmsis_os2.o(i.osDelay)
    osKernelInitialize                       0x081016e5   Thumb Code    32  cmsis_os2.o(i.osKernelInitialize)
    osThreadNew                              0x08101709   Thumb Code   136  cmsis_os2.o(i.osThreadNew)
    pvPortMalloc                             0x08101c6d   Thumb Code   216  heap_4.o(i.pvPortMalloc)
    vApplicationGetTimerTaskMemory           0x08101d49   Thumb Code    18  cmsis_os2.o(i.vApplicationGetTimerTaskMemory)
    vListInitialiseItem                      0x08101d61   Thumb Code     6  list.o(i.vListInitialiseItem)
    vPortExitCritical                        0x08101d69   Thumb Code    34  port.o(i.vPortExitCritical)
    vPortValidateInterruptPriority           0x08101d91   Thumb Code    74  port.o(i.vPortValidateInterruptPriority)
    vTaskInternalSetTimeOutState             0x08101de5   Thumb Code    12  tasks.o(i.vTaskInternalSetTimeOutState)
    vTaskMissedYield                         0x08101df5   Thumb Code     8  tasks.o(i.vTaskMissedYield)
    vTaskPlaceOnEventList                    0x08101e01   Thumb Code    44  tasks.o(i.vTaskPlaceOnEventList)
    vTaskPlaceOnEventListRestricted          0x08101e31   Thumb Code    52  tasks.o(i.vTaskPlaceOnEventListRestricted)
    xQueueReceive                            0x08101e69   Thumb Code   308  queue.o(i.xQueueReceive)
    xTaskCheckForTimeOut                     0x08101fa1   Thumb Code   112  tasks.o(i.xTaskCheckForTimeOut)
    xTaskCreateStatic                        0x08102015   Thumb Code    90  tasks.o(i.xTaskCreateStatic)
    xTaskIncrementTick                       0x08102071   Thumb Code   192  tasks.o(i.xTaskIncrementTick)
    xTaskPriorityDisinherit                  0x08102139   Thumb Code   116  tasks.o(i.xTaskPriorityDisinherit)
    xTimerCreateTimerTask                    0x081021b5   Thumb Code    78  timers.o(i.xTimerCreateTimerTask)
    xTimerGenericCommand                     0x08102215   Thumb Code    94  timers.o(i.xTimerGenericCommand)
    defaultTask_attributes                   0x08102278   Data          36  main.o(.constdata)
    myTask02_attributes                      0x0810229c   Data          36  main.o(.constdata)
    defaultTaskHandle                        0x24000000   Data           4  main.o(.data)
    myTask02Handle                           0x24000004   Data           4  main.o(.data)
    uwTickFreq                               0x24000008   Data           1  stm32h7xx_hal.o(.data)
    uwTickPrio                               0x2400000c   Data           4  stm32h7xx_hal.o(.data)
    uwTick                                   0x24000010   Data           4  stm32h7xx_hal.o(.data)
    SystemCoreClock                          0x24000014   Data           4  system_stm32h7xx.o(.data)
    SystemD2Clock                            0x24000018   Data           4  system_stm32h7xx.o(.data)
    pxCurrentTCB                             0x2400001c   Data           4  tasks.o(.data)
    hspi1                                    0x2400009c   Data         136  main.o(.bss)
    htim7                                    0x24000124   Data          76  stm32h7xx_hal_timebase_tim.o(.bss)
    xQueueRegistry                           0x24000170   Data          64  queue.o(.bss)
    __libspace_start                         0x24004a44   Data          96  libspace.o(.bss)
    __temporary_stack_top$libspace           0x24004aa4   Data           0  libspace.o(.bss)



==============================================================================

Memory Map of the image

  Image Entry point : 0x080002ad

  Load Region LR_IROM1 (Base: 0x08000000, Size: 0x00002400, Max: 0x00080000, ABSOLUTE)

    Execution Region ER_IROM1 (Exec base: 0x08000000, Load base: 0x08000000, Size: 0x00002364, Max: 0x00080000, ABSOLUTE)

    Exec Addr    Load Addr    Size         Type   Attr      Idx    E Section Name        Object

    0x08000000   0x08000000   0x000002ac   Data   RO            3    RESET               startup_stm32h7a3xx.o
    0x080002ac   0x080002ac   0x00000008   Code   RO         5987  * !!!main             c_w.l(__main.o)
    0x080002b4   0x080002b4   0x00000034   Code   RO         6150    !!!scatter          c_w.l(__scatter.o)
    0x080002e8   0x080002e8   0x0000001a   Code   RO         6152    !!handler_copy      c_w.l(__scatter_copy.o)
    0x08000302   0x08000302   0x00000002   PAD
    0x08000304   0x08000304   0x0000001c   Code   RO         6154    !!handler_zi        c_w.l(__scatter_zi.o)
    0x08000320   0x08000320   0x00000002   Code   RO         6018    .ARM.Collect$$libinit$$00000000  c_w.l(libinit.o)
    0x08000322   0x08000322   0x00000004   Code   RO         6024    .ARM.Collect$$libinit$$00000001  c_w.l(libinit2.o)
    0x08000326   0x08000326   0x00000000   Code   RO         6027    .ARM.Collect$$libinit$$00000004  c_w.l(libinit2.o)
    0x08000326   0x08000326   0x00000000   Code   RO         6030    .ARM.Collect$$libinit$$0000000A  c_w.l(libinit2.o)
    0x08000326   0x08000326   0x00000000   Code   RO         6032    .ARM.Collect$$libinit$$0000000C  c_w.l(libinit2.o)
    0x08000326   0x08000326   0x00000000   Code   RO         6034    .ARM.Collect$$libinit$$0000000E  c_w.l(libinit2.o)
    0x08000326   0x08000326   0x00000000   Code   RO         6037    .ARM.Collect$$libinit$$00000011  c_w.l(libinit2.o)
    0x08000326   0x08000326   0x00000000   Code   RO         6039    .ARM.Collect$$libinit$$00000013  c_w.l(libinit2.o)
    0x08000326   0x08000326   0x00000000   Code   RO         6041    .ARM.Collect$$libinit$$00000015  c_w.l(libinit2.o)
    0x08000326   0x08000326   0x00000000   Code   RO         6043    .ARM.Collect$$libinit$$00000017  c_w.l(libinit2.o)
    0x08000326   0x08000326   0x00000000   Code   RO         6045    .ARM.Collect$$libinit$$00000019  c_w.l(libinit2.o)
    0x08000326   0x08000326   0x00000000   Code   RO         6047    .ARM.Collect$$libinit$$0000001B  c_w.l(libinit2.o)
    0x08000326   0x08000326   0x00000000   Code   RO         6049    .ARM.Collect$$libinit$$0000001D  c_w.l(libinit2.o)
    0x08000326   0x08000326   0x00000000   Code   RO         6051    .ARM.Collect$$libinit$$0000001F  c_w.l(libinit2.o)
    0x08000326   0x08000326   0x00000000   Code   RO         6053    .ARM.Collect$$libinit$$00000021  c_w.l(libinit2.o)
    0x08000326   0x08000326   0x00000000   Code   RO         6055    .ARM.Collect$$libinit$$00000023  c_w.l(libinit2.o)
    0x08000326   0x08000326   0x00000000   Code   RO         6057    .ARM.Collect$$libinit$$00000025  c_w.l(libinit2.o)
    0x08000326   0x08000326   0x00000000   Code   RO         6061    .ARM.Collect$$libinit$$0000002C  c_w.l(libinit2.o)
    0x08000326   0x08000326   0x00000000   Code   RO         6063    .ARM.Collect$$libinit$$0000002E  c_w.l(libinit2.o)
    0x08000326   0x08000326   0x00000000   Code   RO         6065    .ARM.Collect$$libinit$$00000030  c_w.l(libinit2.o)
    0x08000326   0x08000326   0x00000000   Code   RO         6067    .ARM.Collect$$libinit$$00000032  c_w.l(libinit2.o)
    0x08000326   0x08000326   0x00000002   Code   RO         6068    .ARM.Collect$$libinit$$00000033  c_w.l(libinit2.o)
    0x08000328   0x08000328   0x00000000   Code   RO         5989    .ARM.Collect$$rtentry$$00000000  c_w.l(__rtentry.o)
    0x08000328   0x08000328   0x00000000   Code   RO         5995    .ARM.Collect$$rtentry$$00000002  c_w.l(__rtentry2.o)
    0x08000328   0x08000328   0x00000006   Code   RO         6007    .ARM.Collect$$rtentry$$00000004  c_w.l(__rtentry4.o)
    0x0800032e   0x0800032e   0x00000000   Code   RO         5997    .ARM.Collect$$rtentry$$00000009  c_w.l(__rtentry2.o)
    0x0800032e   0x0800032e   0x00000004   Code   RO         5998    .ARM.Collect$$rtentry$$0000000A  c_w.l(__rtentry2.o)
    0x08000332   0x08000332   0x00000000   Code   RO         6000    .ARM.Collect$$rtentry$$0000000C  c_w.l(__rtentry2.o)
    0x08000332   0x08000332   0x00000008   Code   RO         6001    .ARM.Collect$$rtentry$$0000000D  c_w.l(__rtentry2.o)
    0x0800033a   0x0800033a   0x00000002   PAD
    0x0800033c   0x0800033c   0x00000040   Code   RO            4    .text               startup_stm32h7a3xx.o
    0x0800037c   0x0800037c   0x0000008a   Code   RO         5977    .text               c_w.l(rt_memcpy_v6.o)
    0x08000406   0x08000406   0x00000006   Code   RO         5985    .text               c_w.l(heapauxi.o)
    0x0800040c   0x0800040c   0x00000002   Code   RO         6091    .text               c_w.l(use_no_semi.o)
    0x0800040e   0x0800040e   0x00000000   Code   RO         6093    .text               c_w.l(indicate_semi.o)
    0x0800040e   0x0800040e   0x00000002   PAD
    0x08000410   0x08000410   0x00000004   Ven    RO         6156    Veneer$$Code        anon$$obj.o
    0x08000414   0x08000414   0x00000004   Code   RO           13    i.Error_Handler     main.o
    0x08000418   0x08000418   0x0000000c   Code   RO         1942    i.HAL_GetTick       stm32h7xx_hal.o
    0x08000424   0x08000424   0x00000010   Code   RO         1948    i.HAL_IncTick       stm32h7xx_hal.o
    0x08000434   0x08000434   0x0000005c   Code   RO         1949    i.HAL_Init          stm32h7xx_hal.o
    0x08000490   0x08000490   0x0000001c   Code   RO          401    i.HAL_MPU_Disable   stm32h7xx_hal_cortex.o
    0x080004ac   0x080004ac   0x00000024   Code   RO          412    i.HAL_NVIC_SetPriorityGrouping  stm32h7xx_hal_cortex.o
    0x080004d0   0x080004d0   0x00000050   Code   RO         1630    i.HAL_PWREx_ConfigSupply  stm32h7xx_hal_pwr_ex.o
    0x08000520   0x08000520   0x00000270   Code   RO          541    i.HAL_RCC_ClockConfig  stm32h7xx_hal_rcc.o
    0x08000790   0x08000790   0x00000044   Code   RO          546    i.HAL_RCC_GetHCLKFreq  stm32h7xx_hal_rcc.o
    0x080007d4   0x080007d4   0x00000130   Code   RO          550    i.HAL_RCC_GetSysClockFreq  stm32h7xx_hal_rcc.o
    0x08000904   0x08000904   0x00000594   Code   RO          553    i.HAL_RCC_OscConfig  stm32h7xx_hal_rcc.o
    0x08000e98   0x08000e98   0x00000002   Code   RO         3861    i.HAL_SPI_ErrorCallback  stm32h7xx_hal_spi.o
    0x08000e9a   0x08000e9a   0x00000002   PAD
    0x08000e9c   0x08000e9c   0x00000220   Code   RO         3864    i.HAL_SPI_IRQHandler  stm32h7xx_hal_spi.o
    0x080010bc   0x080010bc   0x000000ac   Code   RO          326    i.HAL_SPI_MspInit   stm32h7xx_hal_msp.o
    0x08001168   0x08001168   0x00000002   Code   RO         3873    i.HAL_SPI_SuspendCallback  stm32h7xx_hal_spi.o
    0x0800116a   0x0800116a   0x00000002   Code   RO         3882    i.HAL_SPI_TxRxCpltCallback  stm32h7xx_hal_spi.o
    0x0800116c   0x0800116c   0x00000002   Code   RO         3552    i.HAL_TIMEx_BreakCallback  stm32h7xx_hal_tim_ex.o
    0x0800116e   0x0800116e   0x00000062   Code   RO         2837    i.HAL_TIM_Base_Init  stm32h7xx_hal_tim.o
    0x080011d0   0x080011d0   0x00000002   Code   RO         2839    i.HAL_TIM_Base_MspInit  stm32h7xx_hal_tim.o
    0x080011d2   0x080011d2   0x00000184   Code   RO         2885    i.HAL_TIM_IRQHandler  stm32h7xx_hal_tim.o
    0x08001356   0x08001356   0x00000002   Code   RO         2888    i.HAL_TIM_OC_DelayElapsedCallback  stm32h7xx_hal_tim.o
    0x08001358   0x08001358   0x00000002   Code   RO         2928    i.HAL_TIM_TriggerCallback  stm32h7xx_hal_tim.o
    0x0800135a   0x0800135a   0x00000002   Code   RO          256    i.HardFault_Handler  stm32h7xx_it.o
    0x0800135c   0x0800135c   0x00000050   Code   RO           15    i.MX_SPI1_Init      main.o
    0x080013ac   0x080013ac   0x00000002   Code   RO          258    i.NMI_Handler       stm32h7xx_it.o
    0x080013ae   0x080013ae   0x00000002   PAD
    0x080013b0   0x080013b0   0x00000114   Code   RO          668    i.RCCEx_PLL3_Config  stm32h7xx_hal_rcc_ex.o
    0x080014c4   0x080014c4   0x0000000c   Code   RO          259    i.SPI1_IRQHandler   stm32h7xx_it.o
    0x080014d0   0x080014d0   0x000000bc   Code   RO         3885    i.SPI_CloseTransfer  stm32h7xx_hal_spi.o
    0x0800158c   0x0800158c   0x0000001a   Code   RO         3886    i.SPI_DMAAbortOnError  stm32h7xx_hal_spi.o
    0x080015a6   0x080015a6   0x0000001a   Code   RO         5330    i.SysTick_Handler   cmsis_os2.o
    0x080015c0   0x080015c0   0x000000a4   Code   RO           18    i.SystemClock_Config  main.o
    0x08001664   0x08001664   0x000000c0   Code   RO         2930    i.TIM_Base_SetConfig  stm32h7xx_hal_tim.o
    0x08001724   0x08001724   0x00000038   Code   RO         5349    i.osKernelStart     cmsis_os2.o
    0x0800175c   0x0800175c   0x0000005c   Code   RO         4791    i.prvAddCurrentTaskToDelayedList  tasks.o
    0x080017b8   0x080017b8   0x000000d0   Code   RO         4792    i.prvAddNewTaskToReadyList  tasks.o
    0x08001888   0x08001888   0x00000058   Code   RO         5156    i.prvCheckForValidListAndQueue  timers.o
    0x080018e0   0x080018e0   0x00000026   Code   RO         4388    i.prvCopyDataFromQueue  queue.o
    0x08001906   0x08001906   0x00000020   Code   RO         4391    i.prvInitialiseNewQueue  queue.o
    0x08001926   0x08001926   0x00000002   PAD
    0x08001928   0x08001928   0x0000004c   Code   RO         5844    i.prvInsertBlockIntoFreeList  heap_4.o
    0x08001974   0x08001974   0x0000006c   Code   RO         5162    i.prvSwitchTimerLists  timers.o
    0x080019e0   0x080019e0   0x00000028   Code   RO         5899    i.prvTaskExitError  port.o
    0x08001a08   0x08001a08   0x0000002c   Code   RO         5900    i.pxPortInitialiseStack  port.o
    0x08001a34   0x08001a34   0x00000026   Code   RO         4348    i.uxListRemove      list.o
    0x08001a5a   0x08001a5a   0x00000002   PAD
    0x08001a5c   0x08001a5c   0x00000014   Code   RO         5403    i.vApplicationGetIdleTaskMemory  cmsis_os2.o
    0x08001a70   0x08001a70   0x00000016   Code   RO         4349    i.vListInitialise   list.o
    0x08001a86   0x08001a86   0x00000030   Code   RO         4351    i.vListInsert       list.o
    0x08001ab6   0x08001ab6   0x00000018   Code   RO         4352    i.vListInsertEnd    list.o
    0x08001ace   0x08001ace   0x00000002   PAD
    0x08001ad0   0x08001ad0   0x00000040   Code   RO         5902    i.vPortEnterCritical  port.o
    0x08001b10   0x08001b10   0x00000064   Code   RO         5846    i.vPortFree         heap_4.o
    0x08001b74   0x08001b74   0x00000024   Code   RO         5904    i.vPortSetupTimerInterrupt  port.o
    0x08001b98   0x08001b98   0x00000024   Code   RO         4399    i.vQueueAddToRegistry  queue.o
    0x08001bbc   0x08001bbc   0x00000044   Code   RO         4403    i.vQueueWaitForMessageRestricted  queue.o
    0x08001c00   0x08001c00   0x0000004c   Code   RO         4810    i.vTaskDelay        tasks.o
    0x08001c4c   0x08001c4c   0x00000084   Code   RO         4827    i.vTaskStartScheduler  tasks.o
    0x08001cd0   0x08001cd0   0x00000010   Code   RO         4829    i.vTaskSuspendAll   tasks.o
    0x08001ce0   0x08001ce0   0x00000064   Code   RO         4830    i.vTaskSwitchContext  tasks.o
    0x08001d44   0x08001d44   0x000000f4   Code   RO         5906    i.xPortStartScheduler  port.o
    0x08001e38   0x08001e38   0x0000002c   Code   RO         5907    i.xPortSysTickHandler  port.o
    0x08001e64   0x08001e64   0x00000066   Code   RO         4409    i.xQueueGenericCreateStatic  queue.o
    0x08001eca   0x08001eca   0x00000002   PAD
    0x08001ecc   0x08001ecc   0x00000088   Code   RO         4410    i.xQueueGenericReset  queue.o
    0x08001f54   0x08001f54   0x00000164   Code   RO         4411    i.xQueueGenericSend  queue.o
    0x080020b8   0x080020b8   0x000000be   Code   RO         4412    i.xQueueGenericSendFromISR  queue.o
    0x08002176   0x08002176   0x0000005a   Code   RO         4833    i.xTaskCreate       tasks.o
    0x080021d0   0x080021d0   0x0000001c   Code   RO         4838    i.xTaskGetSchedulerState  tasks.o
    0x080021ec   0x080021ec   0x0000000c   Code   RO         4839    i.xTaskGetTickCount  tasks.o
    0x080021f8   0x080021f8   0x00000070   Code   RO         4846    i.xTaskRemoveFromEventList  tasks.o
    0x08002268   0x08002268   0x000000c0   Code   RO         4847    i.xTaskResumeAll    tasks.o
    0x08002328   0x08002328   0x0000000a   Code   RO         6078    x$fpl$fpinit        fz_wv.l(fpinit.o)
    0x08002332   0x08002332   0x00000010   Data   RO         4185    .constdata          system_stm32h7xx.o
    0x08002342   0x08002342   0x00000002   PAD
    0x08002344   0x08002344   0x00000020   Data   RO         6148    Region$$Table       anon$$obj.o


    Execution Region RW_IRAM1 (Exec base: 0x20000000, Load base: 0x08002364, Size: 0x00000000, Max: 0x00020000, ABSOLUTE)

    **** No section assigned to this execution region ****


    Execution Region RW_IRAM2 (Exec base: 0x24000000, Load base: 0x08002364, Size: 0x000052a8, Max: 0x00100000, ABSOLUTE)

    Exec Addr    Load Addr    Size         Type   Attr      Idx    E Section Name        Object

    0x24000000   0x08002364   0x00000008   Data   RW           23    .data               main.o
    0x24000008   0x0800236c   0x0000000c   Data   RW         1968    .data               stm32h7xx_hal.o
    0x24000014   0x08002378   0x00000008   Data   RW         4186    .data               system_stm32h7xx.o
    0x2400001c   0x08002380   0x0000003c   Data   RW         4850    .data               tasks.o
    0x24000058   0x080023bc   0x00000014   Data   RW         5181    .data               timers.o
    0x2400006c   0x080023d0   0x00000004   Data   RW         5406    .data               cmsis_os2.o
    0x24000070   0x080023d4   0x00000020   Data   RW         5852    .data               heap_4.o
    0x24000090   0x080023f4   0x0000000c   Data   RW         5908    .data               port.o
    0x2400009c        -       0x00000088   Zero   RW           20    .bss                main.o
    0x24000124        -       0x0000004c   Zero   RW          363    .bss                stm32h7xx_hal_timebase_tim.o
    0x24000170        -       0x00000040   Zero   RW         4425    .bss                queue.o
    0x240001b0        -       0x000004c4   Zero   RW         4849    .bss                tasks.o
    0x24000674        -       0x00000118   Zero   RW         5180    .bss                timers.o
    0x2400078c        -       0x000006b8   Zero   RW         5405    .bss                cmsis_os2.o
    0x24000e44        -       0x00003c00   Zero   RW         5851    .bss                heap_4.o
    0x24004a44        -       0x00000060   Zero   RW         6020    .bss                c_w.l(libspace.o)
    0x24004aa4   0x08002400   0x00000004   PAD
    0x24004aa8        -       0x00000400   Zero   RW            2    HEAP                startup_stm32h7a3xx.o
    0x24004ea8        -       0x00000400   Zero   RW            1    STACK               startup_stm32h7a3xx.o



  Load Region LR_IROM2 (Base: 0x08100000, Size: 0x000022d8, Max: 0x00080000, ABSOLUTE)

    Execution Region ER_IROM2 (Exec base: 0x08100000, Load base: 0x08100000, Size: 0x000022d8, Max: 0x00080000, ABSOLUTE)

    Exec Addr    Load Addr    Size         Type   Attr      Idx    E Section Name        Object

    0x08100000   0x08100000   0x00000002   Code   RO         6088    .ARM.Collect$$libshutdown$$00000000  c_w.l(libshutdown.o)
    0x08100002   0x08100002   0x00000000   Code   RO         6101    .ARM.Collect$$libshutdown$$00000002  c_w.l(libshutdown2.o)
    0x08100002   0x08100002   0x00000000   Code   RO         6103    .ARM.Collect$$libshutdown$$00000004  c_w.l(libshutdown2.o)
    0x08100002   0x08100002   0x00000000   Code   RO         6105    .ARM.Collect$$libshutdown$$00000006  c_w.l(libshutdown2.o)
    0x08100002   0x08100002   0x00000000   Code   RO         6108    .ARM.Collect$$libshutdown$$00000009  c_w.l(libshutdown2.o)
    0x08100002   0x08100002   0x00000000   Code   RO         6111    .ARM.Collect$$libshutdown$$0000000C  c_w.l(libshutdown2.o)
    0x08100002   0x08100002   0x00000000   Code   RO         6113    .ARM.Collect$$libshutdown$$0000000E  c_w.l(libshutdown2.o)
    0x08100002   0x08100002   0x00000000   Code   RO         6116    .ARM.Collect$$libshutdown$$00000011  c_w.l(libshutdown2.o)
    0x08100002   0x08100002   0x00000002   Code   RO         6117    .ARM.Collect$$libshutdown$$00000012  c_w.l(libshutdown2.o)
    0x08100004   0x08100004   0x00000002   Code   RO         6022    .ARM.Collect$$rtexit$$00000000  c_w.l(rtexit.o)
    0x08100006   0x08100006   0x00000000   Code   RO         6070    .ARM.Collect$$rtexit$$00000002  c_w.l(rtexit2.o)
    0x08100006   0x08100006   0x00000004   Code   RO         6071    .ARM.Collect$$rtexit$$00000003  c_w.l(rtexit2.o)
    0x0810000a   0x0810000a   0x00000006   Code   RO         6072    .ARM.Collect$$rtexit$$00000004  c_w.l(rtexit2.o)
    0x08100010   0x08100010   0x000000be   Code   RO         5898    .emb_text           port.o
    0x081000ce   0x081000ce   0x00000010   Code   RO         5981    .text               c_w.l(aeabi_memset.o)
    0x081000de   0x081000de   0x0000004e   Code   RO         5983    .text               c_w.l(rt_memclr_w.o)
    0x0810012c   0x0810012c   0x00000064   Code   RO         5990    .text               c_w.l(rt_memcpy_w.o)
    0x08100190   0x08100190   0x00000044   Code   RO         5992    .text               c_w.l(rt_memclr.o)
    0x081001d4   0x081001d4   0x0000004a   Code   RO         6009    .text               c_w.l(sys_stackheap_outer.o)
    0x0810021e   0x0810021e   0x00000012   Code   RO         6011    .text               c_w.l(exit.o)
    0x08100230   0x08100230   0x00000008   Code   RO         6019    .text               c_w.l(libspace.o)
    0x08100238   0x08100238   0x0000000c   Code   RO         6080    .text               c_w.l(sys_exit.o)
    0x08100244   0x08100244   0x00000002   Code   RO          254    i.BusFault_Handler  stm32h7xx_it.o
    0x08100246   0x08100246   0x00000002   Code   RO          255    i.DebugMon_Handler  stm32h7xx_it.o
    0x08100248   0x08100248   0x0000026c   Code   RO         1182    i.HAL_DMA_Abort_IT  stm32h7xx_hal_dma.o
    0x081004b4   0x081004b4   0x000001dc   Code   RO         1029    i.HAL_GPIO_Init     stm32h7xx_hal_gpio.o
    0x08100690   0x08100690   0x0000008c   Code   RO          360    i.HAL_InitTick      stm32h7xx_hal_timebase_tim.o
    0x0810071c   0x0810071c   0x00000054   Code   RO          400    i.HAL_MPU_ConfigRegion  stm32h7xx_hal_cortex.o
    0x08100770   0x08100770   0x00000024   Code   RO          402    i.HAL_MPU_Enable    stm32h7xx_hal_cortex.o
    0x08100794   0x08100794   0x00000024   Code   RO          324    i.HAL_MspInit       stm32h7xx_hal_msp.o
    0x081007b8   0x081007b8   0x0000001a   Code   RO          405    i.HAL_NVIC_EnableIRQ  stm32h7xx_hal_cortex.o
    0x081007d2   0x081007d2   0x00000002   PAD
    0x081007d4   0x081007d4   0x00000040   Code   RO          411    i.HAL_NVIC_SetPriority  stm32h7xx_hal_cortex.o
    0x08100814   0x08100814   0x00000948   Code   RO          665    i.HAL_RCCEx_PeriphCLKConfig  stm32h7xx_hal_rcc_ex.o
    0x0810115c   0x0810115c   0x00000060   Code   RO          545    i.HAL_RCC_GetClockConfig  stm32h7xx_hal_rcc.o
    0x081011bc   0x081011bc   0x00000024   Code   RO          548    i.HAL_RCC_GetPCLK1Freq  stm32h7xx_hal_rcc.o
    0x081011e0   0x081011e0   0x00000170   Code   RO         3865    i.HAL_SPI_Init      stm32h7xx_hal_spi.o
    0x08101350   0x08101350   0x00000002   Code   RO         3871    i.HAL_SPI_RxCpltCallback  stm32h7xx_hal_spi.o
    0x08101352   0x08101352   0x00000002   Code   RO         3880    i.HAL_SPI_TxCpltCallback  stm32h7xx_hal_spi.o
    0x08101354   0x08101354   0x00000002   Code   RO         3551    i.HAL_TIMEx_Break2Callback  stm32h7xx_hal_tim_ex.o
    0x08101356   0x08101356   0x00000002   Code   RO         3553    i.HAL_TIMEx_CommutCallback  stm32h7xx_hal_tim_ex.o
    0x08101358   0x08101358   0x0000008c   Code   RO         2842    i.HAL_TIM_Base_Start_IT  stm32h7xx_hal_tim.o
    0x081013e4   0x081013e4   0x00000002   Code   RO         2871    i.HAL_TIM_IC_CaptureCallback  stm32h7xx_hal_tim.o
    0x081013e6   0x081013e6   0x00000002   Code   RO         2915    i.HAL_TIM_PWM_PulseFinishedCallback  stm32h7xx_hal_tim.o
    0x081013e8   0x081013e8   0x00000014   Code   RO           14    i.HAL_TIM_PeriodElapsedCallback  main.o
    0x081013fc   0x081013fc   0x00000002   Code   RO          257    i.MemManage_Handler  stm32h7xx_it.o
    0x081013fe   0x081013fe   0x00000002   PAD
    0x08101400   0x08101400   0x00000114   Code   RO          667    i.RCCEx_PLL2_Config  stm32h7xx_hal_rcc_ex.o
    0x08101514   0x08101514   0x00000008   Code   RO           16    i.StartDefaultTask  main.o
    0x0810151c   0x0810151c   0x00000008   Code   RO           17    i.StartTask02       main.o
    0x08101524   0x08101524   0x000000c0   Code   RO         4184    i.SystemInit        system_stm32h7xx.o
    0x081015e4   0x081015e4   0x0000000c   Code   RO          260    i.TIM7_IRQHandler   stm32h7xx_it.o
    0x081015f0   0x081015f0   0x00000002   Code   RO          261    i.UsageFault_Handler  stm32h7xx_it.o
    0x081015f2   0x081015f2   0x00000020   Code   RO          418    i.__NVIC_SetPriority  stm32h7xx_hal_cortex.o
    0x08101612   0x08101612   0x00000002   PAD
    0x08101614   0x08101614   0x000000b4   Code   RO           19    i.main              main.o
    0x081016c8   0x081016c8   0x0000001a   Code   RO         5332    i.osDelay           cmsis_os2.o
    0x081016e2   0x081016e2   0x00000002   PAD
    0x081016e4   0x081016e4   0x00000024   Code   RO         5346    i.osKernelInitialize  cmsis_os2.o
    0x08101708   0x08101708   0x00000088   Code   RO         5391    i.osThreadNew       cmsis_os2.o
    0x08101790   0x08101790   0x0000006c   Code   RO         4389    i.prvCopyDataToQueue  queue.o
    0x081017fc   0x081017fc   0x00000034   Code   RO         4793    i.prvDeleteTCB      tasks.o
    0x08101830   0x08101830   0x0000004c   Code   RO         5843    i.prvHeapInit       heap_4.o
    0x0810187c   0x0810187c   0x0000005c   Code   RO         4794    i.prvIdleTask       tasks.o
    0x081018d8   0x081018d8   0x000000aa   Code   RO         4795    i.prvInitialiseNewTask  tasks.o
    0x08101982   0x08101982   0x00000002   PAD
    0x08101984   0x08101984   0x00000038   Code   RO         5158    i.prvInsertTimerInActiveList  timers.o
    0x081019bc   0x081019bc   0x0000001a   Code   RO         4392    i.prvIsQueueEmpty   queue.o
    0x081019d6   0x081019d6   0x00000002   PAD
    0x081019d8   0x081019d8   0x000000f8   Code   RO         5159    i.prvProcessReceivedCommands  timers.o
    0x08101ad0   0x08101ad0   0x000000c0   Code   RO         5160    i.prvProcessTimerOrBlockTask  timers.o
    0x08101b90   0x08101b90   0x00000020   Code   RO         4797    i.prvResetNextTaskUnblockTime  tasks.o
    0x08101bb0   0x08101bb0   0x00000028   Code   RO         5161    i.prvSampleTimeNow  timers.o
    0x08101bd8   0x08101bd8   0x00000028   Code   RO         5163    i.prvTimerTask      timers.o
    0x08101c00   0x08101c00   0x0000006a   Code   RO         4393    i.prvUnlockQueue    queue.o
    0x08101c6a   0x08101c6a   0x00000002   PAD
    0x08101c6c   0x08101c6c   0x000000dc   Code   RO         5845    i.pvPortMalloc      heap_4.o
    0x08101d48   0x08101d48   0x00000018   Code   RO         5404    i.vApplicationGetTimerTaskMemory  cmsis_os2.o
    0x08101d60   0x08101d60   0x00000006   Code   RO         4350    i.vListInitialiseItem  list.o
    0x08101d66   0x08101d66   0x00000002   PAD
    0x08101d68   0x08101d68   0x00000028   Code   RO         5903    i.vPortExitCritical  port.o
    0x08101d90   0x08101d90   0x00000054   Code   RO         5905    i.vPortValidateInterruptPriority  port.o
    0x08101de4   0x08101de4   0x00000010   Code   RO         4815    i.vTaskInternalSetTimeOutState  tasks.o
    0x08101df4   0x08101df4   0x0000000c   Code   RO         4816    i.vTaskMissedYield  tasks.o
    0x08101e00   0x08101e00   0x00000030   Code   RO         4818    i.vTaskPlaceOnEventList  tasks.o
    0x08101e30   0x08101e30   0x00000038   Code   RO         4819    i.vTaskPlaceOnEventListRestricted  tasks.o
    0x08101e68   0x08101e68   0x00000138   Code   RO         4421    i.xQueueReceive     queue.o
    0x08101fa0   0x08101fa0   0x00000074   Code   RO         4832    i.xTaskCheckForTimeOut  tasks.o
    0x08102014   0x08102014   0x0000005a   Code   RO         4834    i.xTaskCreateStatic  tasks.o
    0x0810206e   0x0810206e   0x00000002   PAD
    0x08102070   0x08102070   0x000000c8   Code   RO         4841    i.xTaskIncrementTick  tasks.o
    0x08102138   0x08102138   0x0000007c   Code   RO         4844    i.xTaskPriorityDisinherit  tasks.o
    0x081021b4   0x081021b4   0x00000060   Code   RO         5172    i.xTimerCreateTimerTask  timers.o
    0x08102214   0x08102214   0x00000064   Code   RO         5173    i.xTimerGenericCommand  timers.o
    0x08102278   0x08102278   0x00000048   Data   RO           21    .constdata          main.o
    0x081022c0   0x081022c0   0x00000018   Data   RO           22    .conststring        main.o


==============================================================================

Image component sizes


      Code (inc. data)   RO Data    RW Data    ZI Data      Debug   Object Name

       324         22          0          4       1720      70451   cmsis_os2.o
         0          0          0          0          0      19416   event_groups.o
       472         24          0         32      15360       5091   heap_4.o
       138          0          0          0          0       3682   list.o
       464         44         96          8        136    1120784   main.o
       786         80          0         12          0      11657   port.o
      1510         18          0          0         64      17568   queue.o
        64         26        684          0       2048        844   startup_stm32h7a3xx.o
       120         28          0         12          0      22190   stm32h7xx_hal.o
       306         28          0          0          0      40344   stm32h7xx_hal_cortex.o
       620         14          0          0          0       2883   stm32h7xx_hal_dma.o
       476         50          0          0          0       1724   stm32h7xx_hal_gpio.o
       208         18          0          0          0       1756   stm32h7xx_hal_msp.o
        80          4          0          0          0        793   stm32h7xx_hal_pwr_ex.o
      2556        124          0          0          0       7470   stm32h7xx_hal_rcc.o
      2928         78          0          0          0       5555   stm32h7xx_hal_rcc_ex.o
      1136         16          0          0          0       7407   stm32h7xx_hal_spi.o
       828         66          0          0          0       7800   stm32h7xx_hal_tim.o
         6          0          0          0          0       2436   stm32h7xx_hal_tim_ex.o
       140         20          0          0         76       1603   stm32h7xx_hal_timebase_tim.o
        36         12          0          0          0       3729   stm32h7xx_it.o
         0          0          0          0          0        392   stream_buffer.o
       192         34         16          8          0       1442   system_stm32h7xx.o
      2066        160          0         60       1220      27168   tasks.o
       968         84          0         20        280      32315   timers.o

    ----------------------------------------------------------------------
     16458        950        830        156      20904    1416500   Object Totals
         4          0         32          0          0          0   (incl. Generated)
        30          0          2          0          0          0   (incl. Padding)

    ----------------------------------------------------------------------

      Code (inc. data)   RO Data    RW Data    ZI Data      Debug   Library Member Name

         8          0          0          0          0         68   __main.o
         0          0          0          0          0          0   __rtentry.o
        12          0          0          0          0          0   __rtentry2.o
         6          0          0          0          0          0   __rtentry4.o
        52          8          0          0          0          0   __scatter.o
        26          0          0          0          0          0   __scatter_copy.o
        28          0          0          0          0          0   __scatter_zi.o
        16          0          0          0          0         68   aeabi_memset.o
        18          0          0          0          0         80   exit.o
         6          0          0          0          0        152   heapauxi.o
         0          0          0          0          0          0   indicate_semi.o
         2          0          0          0          0          0   libinit.o
         6          0          0          0          0          0   libinit2.o
         2          0          0          0          0          0   libshutdown.o
         2          0          0          0          0          0   libshutdown2.o
         8          4          0          0         96         68   libspace.o
        68          0          0          0          0         68   rt_memclr.o
        78          0          0          0          0         80   rt_memclr_w.o
       138          0          0          0          0         68   rt_memcpy_v6.o
       100          0          0          0          0         80   rt_memcpy_w.o
         2          0          0          0          0          0   rtexit.o
        10          0          0          0          0          0   rtexit2.o
        12          4          0          0          0         68   sys_exit.o
        74          0          0          0          0         80   sys_stackheap_outer.o
         2          0          0          0          0         68   use_no_semi.o
        10          0          0          0          0        116   fpinit.o

    ----------------------------------------------------------------------
       692         16          0          0        100       1064   Library Totals
         6          0          0          0          4          0   (incl. Padding)

    ----------------------------------------------------------------------

      Code (inc. data)   RO Data    RW Data    ZI Data      Debug   Library Name

       676         16          0          0         96        948   c_w.l
        10          0          0          0          0        116   fz_wv.l

    ----------------------------------------------------------------------
       692         16          0          0        100       1064   Library Totals

    ----------------------------------------------------------------------

==============================================================================


      Code (inc. data)   RO Data    RW Data    ZI Data      Debug   

     17150        966        830        156      21004    1404948   Grand Totals
     17150        966        830        156      21004    1404948   ELF Image Totals
     17150        966        830        156          0          0   ROM Totals

==============================================================================

    Total RO  Size (Code + RO Data)                17980 (  17.56kB)
    Total RW  Size (RW Data + ZI Data)             21160 (  20.66kB)
    Total ROM Size (Code + RO Data + RW Data)      18136 (  17.71kB)

==============================================================================

