Component: ARM Compiler 5.06 update 7 (build 960) Tool: armlink [4d3601]

==============================================================================

Section Cross References

    api_utc.o(i.GetSystemTime) refers to strlen.o(.text) for strlen
    api_utc.o(i.GetSystemTime) refers to rt_memcpy_v6.o(.text) for __aeabi_memcpy
    api_utc.o(i.GetSystemTime) refers to api_utc.o(i.split) for split
    api_utc.o(i.GetSystemTime) refers to __2printf.o(.text) for __2printf
    api_utc.o(i.GetSystemTime) refers to atoi.o(.text) for atoi
    api_utc.o(i.GetSystemTime) refers to api_utc.o(i.get_month) for get_month
    api_utc.o(i.GetSystemTime) refers to main.o(.data) for g_debugLevel
    api_utc.o(i.currentSecsSinceEpoch) refers to api_utc.o(i.GetSystemTime) for GetSystemTime
    api_utc.o(i.currentSecsSinceEpoch) refers to api_utc.o(i.julianDayFromDate) for julianDayFromDate
    api_utc.o(i.get_month) refers to rt_memcpy_w.o(.text) for __aeabi_memcpy4
    api_utc.o(i.get_month) refers to strcmpv7m_pel.o(.text) for strcmp
    api_utc.o(i.get_month) refers to __2printf.o(.text) for __2printf
    api_utc.o(i.get_month) refers to api_utc.o(.constdata) for .constdata
    api_utc.o(i.get_month) refers to main.o(.data) for g_debugLevel
    api_utc.o(i.julianDayFromDate) refers to api_utc.o(i.floordiv) for floordiv
    api_utc.o(i.split) refers to strlen.o(.text) for strlen
    api_utc.o(i.split) refers to strtok.o(.text) for strtok
    api_utc.o(.constdata) refers to api_utc.o(.conststring) for .conststring
    fifo.o(i.FIFO_Read) refers to port.o(i.vPortEnterCritical) for vPortEnterCritical
    fifo.o(i.FIFO_Read) refers to port.o(i.vPortExitCritical) for vPortExitCritical
    fifo.o(i.FIFO_ReadN) refers to port.o(i.vPortEnterCritical) for vPortEnterCritical
    fifo.o(i.FIFO_ReadN) refers to port.o(i.vPortExitCritical) for vPortExitCritical
    fifo.o(i.FIFO_Write) refers to port.o(i.vPortEnterCritical) for vPortEnterCritical
    fifo.o(i.FIFO_Write) refers to port.o(i.vPortExitCritical) for vPortExitCritical
    fifo.o(i.FIFO_Writes) refers to port.o(i.vPortEnterCritical) for vPortEnterCritical
    fifo.o(i.FIFO_Writes) refers to port.o(i.vPortExitCritical) for vPortExitCritical
    spi_communication.o(i.SPI_ProtocolError) refers to rt_memclr_w.o(.text) for __aeabi_memclr4
    spi_communication.o(i.SPI_ProtocolError) refers to spi_communication.o(.data) for .data
    spi_communication.o(i.SPI_ProtocolError) refers to spi_communication.o(.bss) for .bss
    spi_communication.o(i.SPI_ProtocolParsing) refers to queue.o(i.xQueueSemaphoreTake) for xQueueSemaphoreTake
    spi_communication.o(i.SPI_ProtocolParsing) refers to queue.o(i.xQueueGiveFromISR) for xQueueGiveFromISR
    spi_communication.o(i.SPI_ProtocolParsing) refers to spi_communication.o(i.SPI_ProtocolError) for SPI_ProtocolError
    spi_communication.o(i.SPI_ProtocolParsing) refers to spi_communication.o(.data) for .data
    spi_communication.o(i.SPI_ProtocolParsing) refers to spi_communication.o(.bss) for .bss
    spi_communication.o(i.SPI_ProtocolParsing) refers to output_wave.o(.data) for g_sem_isSending
    output_wave.o(i.HAL_GPIO_EXTI_Callback) refers to main.o(i.Get_dealyTimer_cnt) for Get_dealyTimer_cnt
    output_wave.o(i.HAL_GPIO_EXTI_Callback) refers to tasks.o(i.vTaskSuspendAll) for vTaskSuspendAll
    output_wave.o(i.HAL_GPIO_EXTI_Callback) refers to stm32h7xx_hal_cortex.o(i.HAL_NVIC_SystemReset) for HAL_NVIC_SystemReset
    output_wave.o(i.HAL_GPIO_EXTI_Callback) refers to bsp_gpio.o(i.GPIO_Get_MCLR) for GPIO_Get_MCLR
    output_wave.o(i.HAL_GPIO_EXTI_Callback) refers to tasks.o(i.xTaskResumeAll) for xTaskResumeAll
    output_wave.o(i.HAL_GPIO_EXTI_Callback) refers to output_wave.o(.data) for .data
    output_wave.o(i.Task_outputWave) refers to queue.o(i.xQueueGenericCreateStatic) for xQueueGenericCreateStatic
    output_wave.o(i.Task_outputWave) refers to queue.o(i.xQueueCreateMutexStatic) for xQueueCreateMutexStatic
    output_wave.o(i.Task_outputWave) refers to queue.o(i.xQueueSemaphoreTake) for xQueueSemaphoreTake
    output_wave.o(i.Task_outputWave) refers to bsp_spi1_slave.o(i.bsp_spi_DiagSendStart) for bsp_spi_DiagSendStart
    output_wave.o(i.Task_outputWave) refers to tasks.o(i.vTaskSuspendAll) for vTaskSuspendAll
    output_wave.o(i.Task_outputWave) refers to bsp_gpio.o(i.GPIO_Set_BUSY) for GPIO_Set_BUSY
    output_wave.o(i.Task_outputWave) refers to bsp_gpio.o(i.GPIO_Set_PIC_LED) for GPIO_Set_PIC_LED
    output_wave.o(i.Task_outputWave) refers to bsp_gpio.o(i.GPIO_Get_GLITCH_SHUTDOWN) for GPIO_Get_GLITCH_SHUTDOWN
    output_wave.o(i.Task_outputWave) refers to bsp_gpio.o(i.GPIO_Set_SPOT) for GPIO_Set_SPOT
    output_wave.o(i.Task_outputWave) refers to bsp_gpio.o(i.GPIO_SetDAC) for GPIO_SetDAC
    output_wave.o(i.Task_outputWave) refers to bsp_gpio.o(i.GPIO_Set_LD_POS) for GPIO_Set_LD_POS
    output_wave.o(i.Task_outputWave) refers to output_wave.o(i.delay_us) for delay_us
[...]
    vListInsertEnd                           0x0800bba9   Thumb Code    24  list.o(i.vListInsertEnd)
    vPortEnterCritical                       0x0800bbc1   Thumb Code    54  port.o(i.vPortEnterCritical)
    vPortExitCritical                        0x0800bc01   Thumb Code    34  port.o(i.vPortExitCritical)
    vPortFree                                0x0800bc29   Thumb Code    94  heap_4.o(i.vPortFree)
    vPortSetupTimerInterrupt                 0x0800bc8d   Thumb Code    32  port.o(i.vPortSetupTimerInterrupt)
    vPortValidateInterruptPriority           0x0800bcb1   Thumb Code    74  port.o(i.vPortValidateInterruptPriority)
    vQueueAddToRegistry                      0x0800bd05   Thumb Code    32  queue.o(i.vQueueAddToRegistry)
    vQueueWaitForMessageRestricted           0x0800bd29   Thumb Code    68  queue.o(i.vQueueWaitForMessageRestricted)
    vTaskDelay                               0x0800bd6d   Thumb Code    66  tasks.o(i.vTaskDelay)
    vTaskInternalSetTimeOutState             0x0800bdb9   Thumb Code    12  tasks.o(i.vTaskInternalSetTimeOutState)
    vTaskMissedYield                         0x0800bdc9   Thumb Code     8  tasks.o(i.vTaskMissedYield)
    vTaskName                                0x0800bdd5   Thumb Code     8  tasks.o(i.vTaskName)
    vTaskPlaceOnEventList                    0x0800bde1   Thumb Code    44  tasks.o(i.vTaskPlaceOnEventList)
    vTaskPlaceOnEventListRestricted          0x0800be11   Thumb Code    52  tasks.o(i.vTaskPlaceOnEventListRestricted)
    vTaskPriorityDisinheritAfterTimeout      0x0800be49   Thumb Code   136  tasks.o(i.vTaskPriorityDisinheritAfterTimeout)
    vTaskStackAddr                           0x0800bed9   Thumb Code     8  tasks.o(i.vTaskStackAddr)
    vTaskStackSize                           0x0800bee5   Thumb Code     8  tasks.o(i.vTaskStackSize)
    vTaskStartScheduler                      0x0800bef1   Thumb Code   116  tasks.o(i.vTaskStartScheduler)
    vTaskSuspendAll                          0x0800bf75   Thumb Code    10  tasks.o(i.vTaskSuspendAll)
    vTaskSwitchContext                       0x0800bf85   Thumb Code    90  tasks.o(i.vTaskSwitchContext)
    xPortStartScheduler                      0x0800bfe9   Thumb Code   224  port.o(i.xPortStartScheduler)
    xPortSysTickHandler                      0x0800c0dd   Thumb Code    38  port.o(i.xPortSysTickHandler)
    xQueueCreateMutexStatic                  0x0800c109   Thumb Code    26  queue.o(i.xQueueCreateMutexStatic)
    xQueueGenericCreateStatic                0x0800c123   Thumb Code   102  queue.o(i.xQueueGenericCreateStatic)
    xQueueGenericReset                       0x0800c189   Thumb Code   132  queue.o(i.xQueueGenericReset)
    xQueueGenericSend                        0x0800c211   Thumb Code   350  queue.o(i.xQueueGenericSend)
    xQueueGenericSendFromISR                 0x0800c375   Thumb Code   190  queue.o(i.xQueueGenericSendFromISR)
    xQueueGiveFromISR                        0x0800c433   Thumb Code   156  queue.o(i.xQueueGiveFromISR)
    xQueueReceive                            0x0800c4d1   Thumb Code   308  queue.o(i.xQueueReceive)
    xQueueSemaphoreTake                      0x0800c609   Thumb Code   372  queue.o(i.xQueueSemaphoreTake)
    xTaskCheckForTimeOut                     0x0800c781   Thumb Code   112  tasks.o(i.xTaskCheckForTimeOut)
    xTaskCreate                              0x0800c7f5   Thumb Code    90  tasks.o(i.xTaskCreate)
    xTaskCreateStatic                        0x0800c84f   Thumb Code    62  tasks.o(i.xTaskCreateStatic)
    xTaskGetSchedulerState                   0x0800c88d   Thumb Code    22  tasks.o(i.xTaskGetSchedulerState)
    xTaskGetTickCount                        0x0800c8a9   Thumb Code     6  tasks.o(i.xTaskGetTickCount)
    xTaskIncrementTick                       0x0800c8b5   Thumb Code   192  tasks.o(i.xTaskIncrementTick)
    xTaskPriorityDisinherit                  0x0800c97d   Thumb Code   116  tasks.o(i.xTaskPriorityDisinherit)
    xTaskPriorityInherit                     0x0800c9f9   Thumb Code   114  tasks.o(i.xTaskPriorityInherit)
    xTaskRemoveFromEventList                 0x0800ca75   Thumb Code    98  tasks.o(i.xTaskRemoveFromEventList)
    xTaskResumeAll                           0x0800cae5   Thumb Code   180  tasks.o(i.xTaskResumeAll)
    xTimerCreateTimerTask                    0x0800cba5   Thumb Code    78  timers.o(i.xTimerCreateTimerTask)
    xTimerGenericCommand                     0x0800cc05   Thumb Code    94  timers.o(i.xTimerGenericCommand)
    _get_lc_numeric                          0x0800cc69   Thumb Code    44  lc_numeric_c.o(locale$$code)
    _get_lc_ctype                            0x0800cc95   Thumb Code    44  lc_ctype_c.o(locale$$code)
    _fp_init                                 0x0800ccc1   Thumb Code    10  fpinit.o(x$fpl$fpinit)
    __fplib_config_fpu_vfp                   0x0800ccc9   Thumb Code     0  fpinit.o(x$fpl$fpinit)
    __fplib_config_pureend_doubles           0x0800ccc9   Thumb Code     0  fpinit.o(x$fpl$fpinit)
    _printf_fp_dec                           0x0800cccb   Thumb Code     4  printf1.o(x$fpl$printf1)
    __I$use$fp                               0x0800ccce   Number         0  usenofp.o(x$fpl$usenofp)
    shellCmdspi                              0x0800cd00   Data           4  bsp_spi1_slave.o(.constdata)
    shellDescspi                             0x0800cd04   Data          30  bsp_spi1_slave.o(.constdata)
    shellCmdDefaultUser                      0x0800ce90   Data           6  shell.o(.constdata)
    shellPasswordDefaultUser                 0x0800ce96   Data           5  shell.o(.constdata)
    shellDesDefaultUser                      0x0800ce9b   Data          13  shell.o(.constdata)
    shellDesc0x1B5B4100                      0x0800cea8   Data           3  shell.o(.constdata)
    shellDesc0x1B5B4200                      0x0800ceab   Data           5  shell.o(.constdata)
    shellDesc0x1B5B4300                      0x0800ceb0   Data           6  shell.o(.constdata)
    shellDesc0x1B5B4400                      0x0800ceb6   Data           5  shell.o(.constdata)
    shellDesc0x09000000                      0x0800cebb   Data           4  shell.o(.constdata)
    shellDesc0x08000000                      0x0800cebf   Data          10  shell.o(.constdata)
    shellDesc0x7F000000                      0x0800cec9   Data          10  shell.o(.constdata)
    shellDesc0x1B5B337E                      0x0800ced3   Data           7  shell.o(.constdata)
    shellDesc0x0D000000                      0x0800ceda   Data           6  shell.o(.constdata)
    shellDesc0x0D0A0000                      0x0800cee0   Data           6  shell.o(.constdata)
    shellCmdhelp                             0x0800cee6   Data           5  shell.o(.constdata)
    shellDeschelp                            0x0800ceeb   Data          30  shell.o(.constdata)
    shellCmdcmds                             0x0800cf09   Data           5  shell.o(.constdata)
    shellDesccmds                            0x0800cf0e   Data          13  shell.o(.constdata)
    shellCmdclear                            0x0800cf1b   Data           6  shell.o(.constdata)
    shellDescclear                           0x0800cf21   Data          14  shell.o(.constdata)
    shellCmdgpio                             0x0800cf48   Data           5  gpio_shell.o(.constdata)
    shellDescgpio                            0x0800cf4d   Data          13  gpio_shell.o(.constdata)
    shellCmdadc                              0x0800cf5a   Data           4  adc_shell.o(.constdata)
    shellDescadc                             0x0800cf5e   Data          15  adc_shell.o(.constdata)
    shellCmdhf                               0x0800d0b4   Data           3  cm_backtrace.o(.constdata)
    shellDeschf                              0x0800d0b7   Data          22  cm_backtrace.o(.constdata)
    UARTPrescTable                           0x0800d0d6   Data          24  stm32h7xx_hal_uart.o(.constdata)
    D1CorePrescTable                         0x0800d0fe   Data          16  system_stm32h7xx.o(.constdata)
    __stdin_name                             0x0800d1e8   Data           4  sys_io.o(.constdata)
    __stdout_name                            0x0800d1ec   Data           4  sys_io.o(.constdata)
    __stderr_name                            0x0800d1f0   Data           4  sys_io.o(.constdata)
    Region$$Table$$Base                      0x0800dd24   Number         0  anon$$obj.o(Region$$Table)
    Region$$Table$$Limit                     0x0800dd64   Number         0  anon$$obj.o(Region$$Table)
    __ctype                                  0x0800dd8d   Data           0  lc_ctype_c.o(locale$$data)
    shellCommand$$Base                       0x0800de90   Number         0  bsp_spi1_slave.o(shellCommand)
    shellCommandspi                          0x0800de90   Data          16  bsp_spi1_slave.o(shellCommand)
    shellUserDefault                         0x0800dea0   Data          16  shell.o(shellCommand)
    shellKey0x1B5B4100                       0x0800deb0   Data          16  shell.o(shellCommand)
    shellKey0x1B5B4200                       0x0800dec0   Data          16  shell.o(shellCommand)
    shellKey0x1B5B4300                       0x0800ded0   Data          16  shell.o(shellCommand)
    shellKey0x1B5B4400                       0x0800dee0   Data          16  shell.o(shellCommand)
    shellKey0x09000000                       0x0800def0   Data          16  shell.o(shellCommand)
    shellKey0x08000000                       0x0800df00   Data          16  shell.o(shellCommand)
    shellKey0x7F000000                       0x0800df10   Data          16  shell.o(shellCommand)
    shellKey0x1B5B337E                       0x0800df20   Data          16  shell.o(shellCommand)
    shellKey0x0D000000                       0x0800df30   Data          16  shell.o(shellCommand)
    shellKey0x0D0A0000                       0x0800df40   Data          16  shell.o(shellCommand)
    shellCommandhelp                         0x0800df50   Data          16  shell.o(shellCommand)
    shellCommandcmds                         0x0800df60   Data          16  shell.o(shellCommand)
    shellCommandclear                        0x0800df70   Data          16  shell.o(shellCommand)
    shellCommandgpio                         0x0800df80   Data          16  gpio_shell.o(shellCommand)
    shellCommandadc                          0x0800df90   Data          16  adc_shell.o(shellCommand)
    shellCommandhf                           0x0800dfa0   Data          16  cm_backtrace.o(shellCommand)
    Image$$ER_IROM1$$Limit                   0x0800dfb0   Number         0  anon$$obj.o ABSOLUTE
    shellCommand$$Limit                      0x0800dfb0   Number         0  cm_backtrace.o(shellCommand)
    g_sem_recvedWaveData                     0x20000020   Data           4  output_wave.o(.data)
    g_sem_isSending                          0x20000024   Data           4  output_wave.o(.data)
    g_protocolCmd                            0x20000028   Data          12  spi_communication.o(.bss)
    g_protocolData                           0x20000034   Data         420  spi_communication.o(.bss)
    recvedWaveDataSemBuffer                  0x200001d8   Data          80  output_wave.o(.bss)
    isSendingDataSemBuffer                   0x20000228   Data          80  output_wave.o(.bss)
    g_isPrintNoBlock                         0x24000000   Data           1  bsp_uartcomm.o(.data)
    g_uart2Handle                            0x24000048   Data         148  bsp_usart2.o(.data)
    g_debugLevel                             0x24000168   Data           4  main.o(.data)
    uwTickFreq                               0x240001c0   Data           1  stm32h7xx_hal.o(.data)
    uwTickPrio                               0x240001c4   Data           4  stm32h7xx_hal.o(.data)
    uwTick                                   0x240001c8   Data           4  stm32h7xx_hal.o(.data)
    SystemCoreClock                          0x240001cc   Data           4  system_stm32h7xx.o(.data)
    SystemD2Clock                            0x240001d0   Data           4  system_stm32h7xx.o(.data)
    pxCurrentTCB                             0x240001d4   Data           4  tasks.o(.data)
    __aeabi_stdin                            0x24000258   Data           4  stdio_streams.o(.data)
    __aeabi_stdout                           0x2400025c   Data           4  stdio_streams.o(.data)
    __aeabi_stderr                           0x24000260   Data           4  stdio_streams.o(.data)
    g_hspi1                                  0x24000264   Data         136  bsp_spi1_slave.o(.bss)
    g_diagnosis                              0x240002ec   Data          40  bsp_spi1_slave.o(.bss)
    g_hdma_usart2_tx                         0x24000314   Data         120  bsp_usart2.o(.bss)
    AdcHandle                                0x24000c60   Data         100  bsp_adc.o(.bss)
    sConfig                                  0x24000cc4   Data          28  bsp_adc.o(.bss)
    shell                                    0x24000d10   Data         108  shell_port.o(.bss)
    g_htim5                                  0x24000e44   Data          76  main.o(.bss)
    htim7                                    0x24000f08   Data          76  stm32h7xx_hal_timebase_tim.o(.bss)
    xQueueRegistry                           0x24001088   Data          64  queue.o(.bss)
    __stdin                                  0x2400595c   Data          84  stdio_streams.o(.bss)
    __stdout                                 0x240059b0   Data          84  stdio_streams.o(.bss)
    __stderr                                 0x24005a04   Data          84  stdio_streams.o(.bss)
    __libspace_start                         0x24005a58   Data          96  libspace.o(.bss)
    __temporary_stack_top$libspace           0x24005ab8   Data           0  libspace.o(.bss)
    STACK$$Base                              0x24005eb8   Number         0  startup_stm32h7a3xx.o(STACK)
    STACK$$Limit                             0x240062b8   Number         0  startup_stm32h7a3xx.o(STACK)



==============================================================================

Memory Map of the image

  Image Entry point : 0x080002ad

  Load Region LR_IROM1 (Base: 0x08000000, Size: 0x0000e23c, Max: 0x00080000, ABSOLUTE, COMPRESSED[0x0000e074])

    Execution Region ER_IROM1 (Exec base: 0x08000000, Load base: 0x08000000, Size: 0x0000dfb0, Max: 0x00080000, ABSOLUTE)

    Exec Addr    Load Addr    Size         Type   Attr      Idx    E Section Name        Object

    0x08000000   0x08000000   0x000002ac   Data   RO         1815    RESET               startup_stm32h7a3xx.o
    0x080002ac   0x080002ac   0x00000008   Code   RO         8965  * !!!main             c_w.l(__main.o)
    0x080002b4   0x080002b4   0x00000034   Code   RO         9393    !!!scatter          c_w.l(__scatter.o)
    0x080002e8   0x080002e8   0x0000005a   Code   RO         9391    !!dczerorl2         c_w.l(__dczerorl2.o)
    0x08000342   0x08000342   0x00000002   PAD
    0x08000344   0x08000344   0x0000001a   Code   RO         9395    !!handler_copy      c_w.l(__scatter_copy.o)
    0x0800035e   0x0800035e   0x00000002   PAD
    0x08000360   0x08000360   0x0000001c   Code   RO         9397    !!handler_zi        c_w.l(__scatter_zi.o)
    0x0800037c   0x0800037c   0x00000000   Code   RO         8938    .ARM.Collect$$_printf_percent$$00000000  c_w.l(_printf_percent.o)
    0x0800037c   0x0800037c   0x00000006   Code   RO         8930    .ARM.Collect$$_printf_percent$$00000001  c_w.l(_printf_n.o)
    0x08000382   0x08000382   0x00000006   Code   RO         8932    .ARM.Collect$$_printf_percent$$00000002  c_w.l(_printf_p.o)
    0x08000388   0x08000388   0x00000006   Code   RO         8937    .ARM.Collect$$_printf_percent$$00000003  c_w.l(_printf_f.o)
    0x0800038e   0x0800038e   0x00000006   Code   RO         8934    .ARM.Collect$$_printf_percent$$00000008  c_w.l(_printf_i.o)
    0x08000394   0x08000394   0x00000006   Code   RO         8935    .ARM.Collect$$_printf_percent$$00000009  c_w.l(_printf_d.o)
    0x0800039a   0x0800039a   0x00000006   Code   RO         8936    .ARM.Collect$$_printf_percent$$0000000A  c_w.l(_printf_u.o)
    0x080003a0   0x080003a0   0x00000006   Code   RO         8933    .ARM.Collect$$_printf_percent$$0000000B  c_w.l(_printf_o.o)
    0x080003a6   0x080003a6   0x00000006   Code   RO         8931    .ARM.Collect$$_printf_percent$$0000000C  c_w.l(_printf_x.o)
    0x080003ac   0x080003ac   0x0000000a   Code   RO         9005    .ARM.Collect$$_printf_percent$$00000012  c_w.l(_printf_l.o)
    0x080003b6   0x080003b6   0x00000006   Code   RO         8928    .ARM.Collect$$_printf_percent$$00000013  c_w.l(_printf_c.o)
    0x080003bc   0x080003bc   0x00000006   Code   RO         8929    .ARM.Collect$$_printf_percent$$00000014  c_w.l(_printf_s.o)
    0x080003c2   0x080003c2   0x00000006   Code   RO         8939    .ARM.Collect$$_printf_percent$$00000015  c_w.l(_printf_lc.o)
    0x080003c8   0x080003c8   0x00000004   Code   RO         9000    .ARM.Collect$$_printf_percent$$00000017  c_w.l(_printf_percent_end.o)
    0x080003cc   0x080003cc   0x00000002   Code   RO         9208    .ARM.Collect$$libinit$$00000000  c_w.l(libinit.o)
    0x080003ce   0x080003ce   0x00000004   Code   RO         9209    .ARM.Collect$$libinit$$00000001  c_w.l(libinit2.o)
    0x080003d2   0x080003d2   0x00000000   Code   RO         9212    .ARM.Collect$$libinit$$00000004  c_w.l(libinit2.o)
    0x080003d2   0x080003d2   0x00000008   Code   RO         9213    .ARM.Collect$$libinit$$00000005  c_w.l(libinit2.o)
    0x080003da   0x080003da   0x00000000   Code   RO         9215    .ARM.Collect$$libinit$$0000000A  c_w.l(libinit2.o)
    0x080003da   0x080003da   0x00000000   Code   RO         9217    .ARM.Collect$$libinit$$0000000C  c_w.l(libinit2.o)
    0x080003da   0x080003da   0x00000000   Code   RO         9219    .ARM.Collect$$libinit$$0000000E  c_w.l(libinit2.o)
    0x080003da   0x080003da   0x00000006   Code   RO         9220    .ARM.Collect$$libinit$$0000000F  c_w.l(libinit2.o)
    0x080003e0   0x080003e0   0x00000000   Code   RO         9222    .ARM.Collect$$libinit$$00000011  c_w.l(libinit2.o)
    0x080003e0   0x080003e0   0x0000000c   Code   RO         9223    .ARM.Collect$$libinit$$00000012  c_w.l(libinit2.o)
    0x080003ec   0x080003ec   0x00000000   Code   RO         9224    .ARM.Collect$$libinit$$00000013  c_w.l(libinit2.o)
    0x080003ec   0x080003ec   0x00000000   Code   RO         9226    .ARM.Collect$$libinit$$00000015  c_w.l(libinit2.o)
    0x080003ec   0x080003ec   0x0000000a   Code   RO         9227    .ARM.Collect$$libinit$$00000016  c_w.l(libinit2.o)
    0x080003f6   0x080003f6   0x00000000   Code   RO         9228    .ARM.Collect$$libinit$$00000017  c_w.l(libinit2.o)
    0x080003f6   0x080003f6   0x00000000   Code   RO         9230    .ARM.Collect$$libinit$$00000019  c_w.l(libinit2.o)
    0x080003f6   0x080003f6   0x00000000   Code   RO         9232    .ARM.Collect$$libinit$$0000001B  c_w.l(libinit2.o)
    0x080003f6   0x080003f6   0x00000000   Code   RO         9234    .ARM.Collect$$libinit$$0000001D  c_w.l(libinit2.o)
    0x080003f6   0x080003f6   0x00000000   Code   RO         9236    .ARM.Collect$$libinit$$0000001F  c_w.l(libinit2.o)
    0x080003f6   0x080003f6   0x00000000   Code   RO         9238    .ARM.Collect$$libinit$$00000021  c_w.l(libinit2.o)
    0x080003f6   0x080003f6   0x00000000   Code   RO         9240    .ARM.Collect$$libinit$$00000023  c_w.l(libinit2.o)
    0x080003f6   0x080003f6   0x00000004   Code   RO         9241    .ARM.Collect$$libinit$$00000024  c_w.l(libinit2.o)
    0x080003fa   0x080003fa   0x00000000   Code   RO         9242    .ARM.Collect$$libinit$$00000025  c_w.l(libinit2.o)
    0x080003fa   0x080003fa   0x00000000   Code   RO         9246    .ARM.Collect$$libinit$$0000002C  c_w.l(libinit2.o)
    0x080003fa   0x080003fa   0x00000000   Code   RO         9248    .ARM.Collect$$libinit$$0000002E  c_w.l(libinit2.o)
    0x080003fa   0x080003fa   0x00000000   Code   RO         9250    .ARM.Collect$$libinit$$00000030  c_w.l(libinit2.o)
    0x080003fa   0x080003fa   0x00000000   Code   RO         9252    .ARM.Collect$$libinit$$00000032  c_w.l(libinit2.o)
    0x080003fa   0x080003fa   0x00000002   Code   RO         9253    .ARM.Collect$$libinit$$00000033  c_w.l(libinit2.o)
    0x080003fc   0x080003fc   0x00000002   Code   RO         9372    .ARM.Collect$$libshutdown$$00000000  c_w.l(libshutdown.o)
    0x080003fe   0x080003fe   0x00000000   Code   RO         9255    .ARM.Collect$$libshutdown$$00000002  c_w.l(libshutdown2.o)
    0x080003fe   0x080003fe   0x00000000   Code   RO         9257    .ARM.Collect$$libshutdown$$00000004  c_w.l(libshutdown2.o)
    0x080003fe   0x080003fe   0x00000004   Code   RO         9258    .ARM.Collect$$libshutdown$$00000005  c_w.l(libshutdown2.o)
    0x08000402   0x08000402   0x00000000   Code   RO         9259    .ARM.Collect$$libshutdown$$00000006  c_w.l(libshutdown2.o)
    0x08000402   0x08000402   0x00000000   Code   RO         9262    .ARM.Collect$$libshutdown$$00000009  c_w.l(libshutdown2.o)
    0x08000402   0x08000402   0x00000000   Code   RO         9265    .ARM.Collect$$libshutdown$$0000000C  c_w.l(libshutdown2.o)
    0x08000402   0x08000402   0x00000000   Code   RO         9267    .ARM.Collect$$libshutdown$$0000000E  c_w.l(libshutdown2.o)
    0x08000402   0x08000402   0x00000000   Code   RO         9270    .ARM.Collect$$libshutdown$$00000011  c_w.l(libshutdown2.o)
    0x08000402   0x08000402   0x00000002   Code   RO         9271    .ARM.Collect$$libshutdown$$00000012  c_w.l(libshutdown2.o)
    0x08000404   0x08000404   0x00000000   Code   RO         8969    .ARM.Collect$$rtentry$$00000000  c_w.l(__rtentry.o)
    0x08000404   0x08000404   0x00000000   Code   RO         9033    .ARM.Collect$$rtentry$$00000002  c_w.l(__rtentry2.o)
    0x08000404   0x08000404   0x00000006   Code   RO         9045    .ARM.Collect$$rtentry$$00000004  c_w.l(__rtentry4.o)
    0x0800040a   0x0800040a   0x00000000   Code   RO         9035    .ARM.Collect$$rtentry$$00000009  c_w.l(__rtentry2.o)
    0x0800040a   0x0800040a   0x00000004   Code   RO         9036    .ARM.Collect$$rtentry$$0000000A  c_w.l(__rtentry2.o)
    0x0800040e   0x0800040e   0x00000000   Code   RO         9038    .ARM.Collect$$rtentry$$0000000C  c_w.l(__rtentry2.o)
    0x0800040e   0x0800040e   0x00000008   Code   RO         9039    .ARM.Collect$$rtentry$$0000000D  c_w.l(__rtentry2.o)
    0x08000416   0x08000416   0x00000002   Code   RO         9275    .ARM.Collect$$rtexit$$00000000  c_w.l(rtexit.o)
    0x08000418   0x08000418   0x00000000   Code   RO         9323    .ARM.Collect$$rtexit$$00000002  c_w.l(rtexit2.o)
    0x08000418   0x08000418   0x00000004   Code   RO         9324    .ARM.Collect$$rtexit$$00000003  c_w.l(rtexit2.o)
    0x0800041c   0x0800041c   0x00000006   Code   RO         9325    .ARM.Collect$$rtexit$$00000004  c_w.l(rtexit2.o)
    0x08000422   0x08000422   0x00000002   PAD
    0x08000424   0x08000424   0x00000010   Code   RO         1704    .emb_text           cm_backtrace.o
    0x08000434   0x08000434   0x000000be   Code   RO         8775    .emb_text           port.o
    0x080004f2   0x080004f2   0x00000002   PAD
    0x080004f4   0x080004f4   0x00000000   Code   RO         9329    .emb_text           c_w.l(maybetermalloc1.o)
    0x080004f4   0x080004f4   0x0000000c   Code   RO         1809    .text               cmb_fault.o
    0x08000500   0x08000500   0x00000040   Code   RO         1816    .text               startup_stm32h7a3xx.o
    0x08000540   0x08000540   0x000000ee   Code   RO         8854    .text               c_w.l(lludivv7m.o)
    0x0800062e   0x0800062e   0x00000002   PAD
    0x08000630   0x08000630   0x00000018   Code   RO         8858    .text               c_w.l(__2printf.o)
    0x08000648   0x08000648   0x0000002c   Code   RO         8860    .text               c_w.l(__2sprintf.o)
    0x08000674   0x08000674   0x0000004e   Code   RO         8868    .text               c_w.l(_printf_pad.o)
    0x080006c2   0x080006c2   0x00000024   Code   RO         8870    .text               c_w.l(_printf_truncate.o)
    0x080006e6   0x080006e6   0x00000052   Code   RO         8872    .text               c_w.l(_printf_str.o)
    0x08000738   0x08000738   0x00000078   Code   RO         8874    .text               c_w.l(_printf_dec.o)
    0x080007b0   0x080007b0   0x00000028   Code   RO         8876    .text               c_w.l(_printf_charcount.o)
    0x080007d8   0x080007d8   0x000000bc   Code   RO         8878    .text               c_w.l(_printf_wctomb.o)
    0x08000894   0x08000894   0x00000070   Code   RO         8885    .text               c_w.l(_printf_oct_int_ll.o)
    0x08000904   0x08000904   0x00000094   Code   RO         8905    .text               c_w.l(_printf_hex_int_ll_ptr.o)
    0x08000998   0x08000998   0x00000188   Code   RO         8925    .text               c_w.l(__printf_flags_ss_wp.o)
    0x08000b20   0x08000b20   0x0000001a   Code   RO         8940    .text               c_w.l(atoi.o)
    0x08000b3a   0x08000b3a   0x00000002   PAD
    0x08000b3c   0x08000b3c   0x0000000c   Code   RO         8942    .text               c_w.l(strtok.o)
    0x08000b48   0x08000b48   0x0000003e   Code   RO         8945    .text               c_w.l(strlen.o)
    0x08000b86   0x08000b86   0x00000096   Code   RO         8947    .text               c_w.l(strncmp.o)
    0x08000c1c   0x08000c1c   0x0000008a   Code   RO         8949    .text               c_w.l(rt_memcpy_v6.o)
    0x08000ca6   0x08000ca6   0x00000064   Code   RO         8951    .text               c_w.l(rt_memcpy_w.o)
    0x08000d0a   0x08000d0a   0x00000010   Code   RO         8955    .text               c_w.l(aeabi_memset.o)
    0x08000d1a   0x08000d1a   0x0000004e   Code   RO         8957    .text               c_w.l(rt_memclr_w.o)
    0x08000d68   0x08000d68   0x00000056   Code   RO         8959    .text               c_w.l(strncpy.o)
    0x08000dbe   0x08000dbe   0x00000002   PAD
    0x08000dc0   0x08000dc0   0x00000068   Code   RO         8961    .text               c_w.l(strcmpv7m_pel.o)
    0x08000e28   0x08000e28   0x00000006   Code   RO         8963    .text               c_w.l(heapauxi.o)
    0x08000e2e   0x08000e2e   0x00000002   PAD
    0x08000e30   0x08000e30   0x00000008   Code   RO         8977    .text               c_w.l(rt_errno_addr_intlibspace.o)
    0x08000e38   0x08000e38   0x000000b2   Code   RO         8979    .text               c_w.l(_printf_intcommon.o)
    0x08000eea   0x08000eea   0x0000041e   Code   RO         8981    .text               c_w.l(_printf_fp_dec.o)
    0x08001308   0x08001308   0x00000030   Code   RO         8983    .text               c_w.l(_printf_char_common.o)
    0x08001338   0x08001338   0x0000000a   Code   RO         8985    .text               c_w.l(_sputc.o)
    0x08001342   0x08001342   0x0000002c   Code   RO         8989    .text               c_w.l(_printf_char.o)
    0x0800136e   0x0800136e   0x00000002   PAD
    0x08001370   0x08001370   0x00000024   Code   RO         8991    .text               c_w.l(_printf_char_file.o)
    0x08001394   0x08001394   0x0000002c   Code   RO         8993    .text               c_w.l(_printf_wchar.o)
    0x080013c0   0x080013c0   0x00000070   Code   RO         9009    .text               c_w.l(strtol.o)
    0x08001430   0x08001430   0x00000040   Code   RO         9017    .text               c_w.l(_wcrtomb.o)
    0x08001470   0x08001470   0x00000044   Code   RO         9019    .text               c_w.l(strtok_int.o)
    0x080014b4   0x080014b4   0x00000044   Code   RO         9021    .text               c_w.l(rt_memclr.o)
    0x080014f8   0x080014f8   0x00000008   Code   RO         9029    .text               c_w.l(libspace.o)
    0x08001500   0x08001500   0x00000010   Code   RO         9047    .text               c_w.l(rt_ctype_table.o)
    0x08001510   0x08001510   0x00000008   Code   RO         9054    .text               c_w.l(rt_locale_intlibspace.o)
    0x08001518   0x08001518   0x0000008a   Code   RO         9056    .text               c_w.l(lludiv10.o)
    0x080015a2   0x080015a2   0x00000002   PAD
    0x080015a4   0x080015a4   0x00000080   Code   RO         9061    .text               c_w.l(_printf_fp_infnan.o)
    0x08001624   0x08001624   0x0000009e   Code   RO         9065    .text               c_w.l(_strtoul.o)
    0x080016c2   0x080016c2   0x00000002   PAD
    0x080016c4   0x080016c4   0x000000e4   Code   RO         9067    .text               c_w.l(bigflt0.o)
    0x080017a8   0x080017a8   0x00000008   Code   RO         9092    .text               c_w.l(ferror.o)
    0x080017b0   0x080017b0   0x00000138   Code   RO         9094    .text               c_w.l(initio.o)
    0x080018e8   0x080018e8   0x00000020   Code   RO         9103    .text               c_w.l(strcspn.o)
    0x08001908   0x08001908   0x0000001c   Code   RO         9105    .text               c_w.l(strspn.o)
    0x08001924   0x08001924   0x00000066   Code   RO         9112    .text               c_w.l(sys_io.o)
    0x0800198a   0x0800198a   0x0000004a   Code   RO         9119    .text               c_w.l(sys_stackheap_outer.o)
    0x080019d4   0x080019d4   0x0000004e   Code   RO         9123    .text               c_w.l(h1_free.o)
    0x08001a22   0x08001a22   0x0000001c   Code   RO         9177    .text               c_w.l(_chval.o)
    0x08001a3e   0x08001a3e   0x00000046   Code   RO         9179    .text               c_w.l(setvbuf.o)
    0x08001a84   0x08001a84   0x000000ec   Code   RO         9182    .text               c_w.l(fopen.o)
    0x08001b70   0x08001b70   0x0000004c   Code   RO         9184    .text               c_w.l(fclose.o)
    0x08001bbc   0x08001bbc   0x00000012   Code   RO         9193    .text               c_w.l(exit.o)
    0x08001bce   0x08001bce   0x0000000e   Code   RO         9199    .text               c_w.l(defsig_rtred_outer.o)
    0x08001bdc   0x08001bdc   0x00000002   Code   RO         9272    .text               c_w.l(use_no_semi.o)
    0x08001bde   0x08001bde   0x00000000   Code   RO         9274    .text               c_w.l(indicate_semi.o)
    0x08001bde   0x08001bde   0x00000002   PAD
    0x08001be0   0x08001be0   0x00000008   Code   RO         9282    .text               c_w.l(rt_heap_descriptor_intlibspace.o)
    0x08001be8   0x08001be8   0x00000004   Code   RO         9284    .text               c_w.l(hguard.o)
    0x08001bec   0x08001bec   0x0000008a   Code   RO         9286    .text               c_w.l(init_alloc.o)
    0x08001c76   0x08001c76   0x0000005e   Code   RO         9292    .text               c_w.l(h1_alloc.o)
    0x08001cd4   0x08001cd4   0x000000f8   Code   RO         9306    .text               c_w.l(fseek.o)
    0x08001dcc   0x08001dcc   0x000000f0   Code   RO         9308    .text               c_w.l(stdio.o)
    0x08001ebc   0x08001ebc   0x0000000a   Code   RO         9310    .text               c_w.l(defsig_exit.o)
    0x08001ec6   0x08001ec6   0x00000002   PAD
    0x08001ec8   0x08001ec8   0x00000034   Code   RO         9314    .text               c_w.l(defsig_rtred_inner.o)
    0x08001efc   0x08001efc   0x0000000c   Code   RO         9320    .text               c_w.l(sys_exit.o)
    0x08001f08   0x08001f08   0x0000000e   Code   RO         9331    .text               c_w.l(h1_init.o)
    0x08001f16   0x08001f16   0x00000034   Code   RO         9333    .text               c_w.l(h1_extend.o)
    0x08001f4a   0x08001f4a   0x00000042   Code   RO         9339    .text               c_w.l(ftell.o)
    0x08001f8c   0x08001f8c   0x00000032   Code   RO         9343    .text               c_w.l(defsig_general.o)
    0x08001fbe   0x08001fbe   0x0000000e   Code   RO         9345    .text               c_w.l(defsig_rtmem_outer.o)
    0x08001fcc   0x08001fcc   0x0000000e   Code   RO         9358    .text               c_w.l(sys_wrch.o)
    0x08001fda   0x08001fda   0x00000002   PAD
    0x08001fdc   0x08001fdc   0x00000050   Code   RO         9366    .text               c_w.l(defsig_rtmem_inner.o)
    0x0800202c   0x0800202c   0x0000003e   Code   RO         9070    CL$$btod_d2e        c_w.l(btod.o)
    0x0800206a   0x0800206a   0x00000046   Code   RO         9072    CL$$btod_d2e_denorm_low  c_w.l(btod.o)
    0x080020b0   0x080020b0   0x00000060   Code   RO         9071    CL$$btod_d2e_norm_op1  c_w.l(btod.o)
    0x08002110   0x08002110   0x00000338   Code   RO         9080    CL$$btod_div_common  c_w.l(btod.o)
    0x08002448   0x08002448   0x000000dc   Code   RO         9077    CL$$btod_e2e        c_w.l(btod.o)
    0x08002524   0x08002524   0x0000002a   Code   RO         9074    CL$$btod_ediv       c_w.l(btod.o)
    0x0800254e   0x0800254e   0x0000002a   Code   RO         9073    CL$$btod_emul       c_w.l(btod.o)
    0x08002578   0x08002578   0x00000244   Code   RO         9079    CL$$btod_mult_common  c_w.l(btod.o)
    0x080027bc   0x080027bc   0x000000c8   Code   RO         6145    i.ADC_ConfigureBoostMode  stm32h7xx_hal_adc.o
    0x08002884   0x08002884   0x000000e0   Code   RO         6146    i.ADC_ConversionStop  stm32h7xx_hal_adc.o
    0x08002964   0x08002964   0x00000068   Code   RO         6147    i.ADC_DMAConvCplt   stm32h7xx_hal_adc.o
    0x080029cc   0x080029cc   0x0000001a   Code   RO         6148    i.ADC_DMAError      stm32h7xx_hal_adc.o
    0x080029e6   0x080029e6   0x0000000a   Code   RO         6149    i.ADC_DMAHalfConvCplt  stm32h7xx_hal_adc.o
    0x080029f0   0x080029f0   0x00000070   Code   RO         6150    i.ADC_Disable       stm32h7xx_hal_adc.o
    0x08002a60   0x08002a60   0x0000009c   Code   RO         6151    i.ADC_Enable        stm32h7xx_hal_adc.o
    0x08002afc   0x08002afc   0x00000040   Code   RO          841    i.ADC_get_value     bsp_adc.o
    0x08002b3c   0x08002b3c   0x000000b4   Code   RO          842    i.ADC_init          bsp_adc.o
    0x08002bf0   0x08002bf0   0x00000002   Code   RO         1517    i.BusFault_Handler  stm32h7xx_it.o
    0x08002bf2   0x08002bf2   0x00000002   PAD
    0x08002bf4   0x08002bf4   0x0000000c   Code   RO         1518    i.DMA1_Stream1_IRQHandler  stm32h7xx_it.o
    0x08002c00   0x08002c00   0x000000b8   Code   RO         2600    i.DMA_CalcBaseAndBitshift  stm32h7xx_hal_dma.o
    0x08002cb8   0x08002cb8   0x000000a0   Code   RO         2601    i.DMA_CalcDMAMUXChannelBaseAndMask  stm32h7xx_hal_dma.o
    0x08002d58   0x08002d58   0x0000007c   Code   RO         2602    i.DMA_CalcDMAMUXRequestGenBaseAndMask  stm32h7xx_hal_dma.o
    0x08002dd4   0x08002dd4   0x00000054   Code   RO         2603    i.DMA_CheckFifoParam  stm32h7xx_hal_dma.o
    0x08002e28   0x08002e28   0x00000264   Code   RO         2604    i.DMA_SetConfig     stm32h7xx_hal_dma.o
    0x0800308c   0x0800308c   0x00000002   Code   RO         1519    i.DebugMon_Handler  stm32h7xx_it.o
    0x0800308e   0x0800308e   0x00000004   Code   RO         1421    i.Error_Handler     main.o
    0x08003092   0x08003092   0x0000000c   Code   RO          259    i.FIFO_Empty        fifo.o
    0x0800309e   0x0800309e   0x00000012   Code   RO          217    i.FIFO_Init         fifo.o
    0x080030b0   0x080030b0   0x0000005e   Code   RO          218    i.FIFO_Read         fifo.o
    0x0800310e   0x0800310e   0x00000062   Code   RO          220    i.FIFO_Write        fifo.o
    0x08003170   0x08003170   0x00000072   Code   RO          221    i.FIFO_Writes       fifo.o
    0x080031e2   0x080031e2   0x00000002   PAD
    0x080031e4   0x080031e4   0x0000001c   Code   RO          716    i.GPIO_Get_GLITCH_SHUTDOWN  bsp_gpio.o
    0x08003200   0x08003200   0x0000001c   Code   RO          752    i.GPIO_Get_MATCH    bsp_gpio.o
    0x0800321c   0x0800321c   0x00000048   Code   RO          661    i.GPIO_Init         bsp_gpio.o
    0x08003264   0x08003264   0x00000044   Code   RO          710    i.GPIO_SetDAC       bsp_gpio.o
    0x080032a8   0x080032a8   0x00000020   Code   RO          734    i.GPIO_Set_BUSY     bsp_gpio.o
    0x080032c8   0x080032c8   0x00000020   Code   RO          740    i.GPIO_Set_DIRECTION  bsp_gpio.o
    0x080032e8   0x080032e8   0x00000020   Code   RO          728    i.GPIO_Set_INTRPT   bsp_gpio.o
    0x08003308   0x08003308   0x00000020   Code   RO          758    i.GPIO_Set_LD_POS   bsp_gpio.o
    0x08003328   0x08003328   0x00000020   Code   RO          764    i.GPIO_Set_LD_SLOPE  bsp_gpio.o
    0x08003348   0x08003348   0x00000020   Code   RO          722    i.GPIO_Set_PIC_LED  bsp_gpio.o
    0x08003368   0x08003368   0x00000020   Code   RO          746    i.GPIO_Set_SPOT     bsp_gpio.o
    0x08003388   0x08003388   0x00000038   Code   RO          663    i.GPIO_isPinActive  bsp_gpio.o
    0x080033c0   0x080033c0   0x00000040   Code   RO          664    i.GPIO_setPinStatus  bsp_gpio.o
    0x08003400   0x08003400   0x0000000a   Code   RO         1336    i.GPIO_shell        gpio_shell.o
    0x0800340a   0x0800340a   0x00000002   PAD
    0x0800340c   0x0800340c   0x000000e8   Code   RO            4    i.GetSystemTime     api_utc.o
    0x080034f4   0x080034f4   0x0000000c   Code   RO         1470    i.Get_dealyTimer_cnt  main.o
    0x08003500   0x08003500   0x0000009c   Code   RO         6372    i.HAL_ADCEx_Calibration_Start  stm32h7xx_hal_adc_ex.o
    0x0800359c   0x0800359c   0x0000036c   Code   RO         6153    i.HAL_ADC_ConfigChannel  stm32h7xx_hal_adc.o
    0x08003908   0x08003908   0x00000002   Code   RO         6154    i.HAL_ADC_ConvCpltCallback  stm32h7xx_hal_adc.o
    0x0800390a   0x0800390a   0x00000002   Code   RO         6155    i.HAL_ADC_ConvHalfCpltCallback  stm32h7xx_hal_adc.o
    0x0800390c   0x0800390c   0x000001a4   Code   RO         6156    i.HAL_ADC_DeInit    stm32h7xx_hal_adc.o
    0x08003ab0   0x08003ab0   0x00000002   Code   RO         6157    i.HAL_ADC_ErrorCallback  stm32h7xx_hal_adc.o
    0x08003ab2   0x08003ab2   0x00000002   PAD
    0x08003ab4   0x08003ab4   0x000001cc   Code   RO         6162    i.HAL_ADC_Init      stm32h7xx_hal_adc.o
    0x08003c80   0x08003c80   0x00000030   Code   RO         1603    i.HAL_ADC_MspDeInit  stm32h7xx_hal_msp.o
    0x08003cb0   0x08003cb0   0x000000a8   Code   RO         1604    i.HAL_ADC_MspInit   stm32h7xx_hal_msp.o
    0x08003d58   0x08003d58   0x000000f4   Code   RO         6169    i.HAL_ADC_Start_DMA  stm32h7xx_hal_adc.o
    0x08003e4c   0x08003e4c   0x000002d8   Code   RO         2607    i.HAL_DMA_DeInit    stm32h7xx_hal_dma.o
    0x08004124   0x08004124   0x00000734   Code   RO         2610    i.HAL_DMA_IRQHandler  stm32h7xx_hal_dma.o
    0x08004858   0x08004858   0x000003e8   Code   RO         2611    i.HAL_DMA_Init      stm32h7xx_hal_dma.o
    0x08004c40   0x08004c40   0x00000058   Code   RO         2613    i.HAL_DMA_RegisterCallback  stm32h7xx_hal_dma.o
    0x08004c98   0x08004c98   0x000002b4   Code   RO         2615    i.HAL_DMA_Start_IT  stm32h7xx_hal_dma.o
    0x08004f4c   0x08004f4c   0x00000174   Code   RO         2450    i.HAL_GPIO_DeInit   stm32h7xx_hal_gpio.o
    0x080050c0   0x080050c0   0x000001dc   Code   RO         2453    i.HAL_GPIO_Init     stm32h7xx_hal_gpio.o
    0x0800529c   0x0800529c   0x0000000a   Code   RO         2455    i.HAL_GPIO_ReadPin  stm32h7xx_hal_gpio.o
    0x080052a6   0x080052a6   0x0000000a   Code   RO          665    i.HAL_GPIO_SetGroupPin  bsp_gpio.o
    0x080052b0   0x080052b0   0x0000000a   Code   RO         2457    i.HAL_GPIO_WritePin  stm32h7xx_hal_gpio.o
    0x080052ba   0x080052ba   0x00000002   PAD
    0x080052bc   0x080052bc   0x0000000c   Code   RO         3366    i.HAL_GetTick       stm32h7xx_hal.o
    0x080052c8   0x080052c8   0x00000010   Code   RO         3372    i.HAL_IncTick       stm32h7xx_hal.o
    0x080052d8   0x080052d8   0x0000005c   Code   RO         3373    i.HAL_Init          stm32h7xx_hal.o
    0x08005334   0x08005334   0x00000094   Code   RO         1668    i.HAL_InitTick      stm32h7xx_hal_timebase_tim.o
    0x080053c8   0x080053c8   0x00000054   Code   RO         1824    i.HAL_MPU_ConfigRegion  stm32h7xx_hal_cortex.o
    0x0800541c   0x0800541c   0x0000001c   Code   RO         1825    i.HAL_MPU_Disable   stm32h7xx_hal_cortex.o
    0x08005438   0x08005438   0x00000024   Code   RO         1826    i.HAL_MPU_Enable    stm32h7xx_hal_cortex.o
    0x0800545c   0x0800545c   0x00000024   Code   RO         1605    i.HAL_MspInit       stm32h7xx_hal_msp.o
    0x08005480   0x08005480   0x00000022   Code   RO         1828    i.HAL_NVIC_DisableIRQ  stm32h7xx_hal_cortex.o
    0x080054a2   0x080054a2   0x0000001a   Code   RO         1829    i.HAL_NVIC_EnableIRQ  stm32h7xx_hal_cortex.o
    0x080054bc   0x080054bc   0x00000040   Code   RO         1835    i.HAL_NVIC_SetPriority  stm32h7xx_hal_cortex.o
    0x080054fc   0x080054fc   0x00000024   Code   RO         1836    i.HAL_NVIC_SetPriorityGrouping  stm32h7xx_hal_cortex.o
    0x08005520   0x08005520   0x00000050   Code   RO         3054    i.HAL_PWREx_ConfigSupply  stm32h7xx_hal_pwr_ex.o
    0x08005570   0x08005570   0x00000010   Code   RO         2936    i.HAL_PWR_EnableBkUpAccess  stm32h7xx_hal_pwr.o
    0x08005580   0x08005580   0x00000024   Code   RO         2080    i.HAL_RCCEx_GetD3PCLK1Freq  stm32h7xx_hal_rcc_ex.o
    0x080055a4   0x080055a4   0x00000158   Code   RO         2081    i.HAL_RCCEx_GetPLL1ClockFreq  stm32h7xx_hal_rcc_ex.o
    0x080056fc   0x080056fc   0x0000013c   Code   RO         2082    i.HAL_RCCEx_GetPLL2ClockFreq  stm32h7xx_hal_rcc_ex.o
    0x08005838   0x08005838   0x0000013c   Code   RO         2083    i.HAL_RCCEx_GetPLL3ClockFreq  stm32h7xx_hal_rcc_ex.o
    0x08005974   0x08005974   0x00000294   Code   RO         2085    i.HAL_RCCEx_GetPeriphCLKFreq  stm32h7xx_hal_rcc_ex.o
    0x08005c08   0x08005c08   0x00000948   Code   RO         2089    i.HAL_RCCEx_PeriphCLKConfig  stm32h7xx_hal_rcc_ex.o
    0x08006550   0x08006550   0x00000270   Code   RO         1965    i.HAL_RCC_ClockConfig  stm32h7xx_hal_rcc.o
    0x080067c0   0x080067c0   0x00000060   Code   RO         1969    i.HAL_RCC_GetClockConfig  stm32h7xx_hal_rcc.o
    0x08006820   0x08006820   0x00000044   Code   RO         1970    i.HAL_RCC_GetHCLKFreq  stm32h7xx_hal_rcc.o
    0x08006864   0x08006864   0x00000024   Code   RO         1972    i.HAL_RCC_GetPCLK1Freq  stm32h7xx_hal_rcc.o
    0x08006888   0x08006888   0x00000024   Code   RO         1973    i.HAL_RCC_GetPCLK2Freq  stm32h7xx_hal_rcc.o
    0x080068ac   0x080068ac   0x00000130   Code   RO         1974    i.HAL_RCC_GetSysClockFreq  stm32h7xx_hal_rcc.o
    0x080069dc   0x080069dc   0x00000594   Code   RO         1977    i.HAL_RCC_OscConfig  stm32h7xx_hal_rcc.o
    0x08006f70   0x08006f70   0x0000000c   Code   RO         6607    i.HAL_RTCEx_BKUPRead  stm32h7xx_hal_rtc_ex.o
    0x08006f7c   0x08006f7c   0x0000000c   Code   RO         6608    i.HAL_RTCEx_BKUPWrite  stm32h7xx_hal_rtc_ex.o
    0x08006f88   0x08006f88   0x00000002   Code   RO         5285    i.HAL_SPI_ErrorCallback  stm32h7xx_hal_spi.o
    0x08006f8a   0x08006f8a   0x00000002   PAD
    0x08006f8c   0x08006f8c   0x0000010c   Code   RO          579    i.HAL_SPI_IRQHandler  bsp_spi1_slave.o
    0x08007098   0x08007098   0x00000170   Code   RO         5289    i.HAL_SPI_Init      stm32h7xx_hal_spi.o
    0x08007208   0x08007208   0x000000ac   Code   RO         1607    i.HAL_SPI_MspInit   stm32h7xx_hal_msp.o
    0x080072b4   0x080072b4   0x00000002   Code   RO         4975    i.HAL_TIMEx_Break2Callback  stm32h7xx_hal_tim_ex.o
    0x080072b6   0x080072b6   0x00000002   Code   RO         4976    i.HAL_TIMEx_BreakCallback  stm32h7xx_hal_tim_ex.o
    0x080072b8   0x080072b8   0x00000002   Code   RO         4977    i.HAL_TIMEx_CommutCallback  stm32h7xx_hal_tim_ex.o
    0x080072ba   0x080072ba   0x00000002   PAD
    0x080072bc   0x080072bc   0x000000a4   Code   RO         4998    i.HAL_TIMEx_MasterConfigSynchronization  stm32h7xx_hal_tim_ex.o
    0x08007360   0x08007360   0x00000062   Code   RO         4261    i.HAL_TIM_Base_Init  stm32h7xx_hal_tim.o
    0x080073c2   0x080073c2   0x00000002   Code   RO         4263    i.HAL_TIM_Base_MspInit  stm32h7xx_hal_tim.o
    0x080073c4   0x080073c4   0x00000080   Code   RO         4264    i.HAL_TIM_Base_Start  stm32h7xx_hal_tim.o
    0x08007444   0x08007444   0x0000008c   Code   RO         4266    i.HAL_TIM_Base_Start_IT  stm32h7xx_hal_tim.o
    0x080074d0   0x080074d0   0x000000fc   Code   RO         4270    i.HAL_TIM_ConfigClockSource  stm32h7xx_hal_tim.o
    0x080075cc   0x080075cc   0x00000002   Code   RO         4295    i.HAL_TIM_IC_CaptureCallback  stm32h7xx_hal_tim.o
    0x080075ce   0x080075ce   0x00000184   Code   RO         4309    i.HAL_TIM_IRQHandler  stm32h7xx_hal_tim.o
    0x08007752   0x08007752   0x00000002   Code   RO         4312    i.HAL_TIM_OC_DelayElapsedCallback  stm32h7xx_hal_tim.o
    0x08007754   0x08007754   0x00000002   Code   RO         4339    i.HAL_TIM_PWM_PulseFinishedCallback  stm32h7xx_hal_tim.o
    0x08007756   0x08007756   0x00000002   PAD
    0x08007758   0x08007758   0x00000014   Code   RO         1422    i.HAL_TIM_PeriodElapsedCallback  main.o
    0x0800776c   0x0800776c   0x00000002   Code   RO         4352    i.HAL_TIM_TriggerCallback  stm32h7xx_hal_tim.o
    0x0800776e   0x0800776e   0x0000003e   Code   RO         6027    i.HAL_UARTEx_DisableFifoMode  stm32h7xx_hal_uart_ex.o
    0x080077ac   0x080077ac   0x0000004c   Code   RO         6036    i.HAL_UARTEx_SetRxFifoThreshold  stm32h7xx_hal_uart_ex.o
    0x080077f8   0x080077f8   0x0000004c   Code   RO         6037    i.HAL_UARTEx_SetTxFifoThreshold  stm32h7xx_hal_uart_ex.o
    0x08007844   0x08007844   0x0000000c   Code   RO          789    i.HAL_UART_DMATxCpltCallback  bsp_usart2.o
    0x08007850   0x08007850   0x00000046   Code   RO         5629    i.HAL_UART_DeInit   stm32h7xx_hal_uart.o
    0x08007896   0x08007896   0x00000002   Code   RO         5632    i.HAL_UART_ErrorCallback  stm32h7xx_hal_uart.o
    0x08007898   0x08007898   0x0000006a   Code   RO         5636    i.HAL_UART_Init     stm32h7xx_hal_uart.o
    0x08007902   0x08007902   0x00000002   PAD
    0x08007904   0x08007904   0x0000003c   Code   RO         1608    i.HAL_UART_MspDeInit  stm32h7xx_hal_msp.o
    0x08007940   0x08007940   0x000000cc   Code   RO         1609    i.HAL_UART_MspInit  stm32h7xx_hal_msp.o
    0x08007a0c   0x08007a0c   0x000000ae   Code   RO         5645    i.HAL_UART_Transmit  stm32h7xx_hal_uart.o
    0x08007aba   0x08007aba   0x00000002   PAD
    0x08007abc   0x08007abc   0x00000090   Code   RO         5646    i.HAL_UART_Transmit_DMA  stm32h7xx_hal_uart.o
    0x08007b4c   0x08007b4c   0x00000002   Code   RO         5648    i.HAL_UART_TxCpltCallback  stm32h7xx_hal_uart.o
    0x08007b4e   0x08007b4e   0x00000002   Code   RO         5649    i.HAL_UART_TxHalfCpltCallback  stm32h7xx_hal_uart.o
    0x08007b50   0x08007b50   0x00000308   Code   RO         1708    i.HardFault_Handler_bt  cm_backtrace.o
    0x08007e58   0x08007e58   0x00000110   Code   RO         1709    i.HardFault_shell   cm_backtrace.o
    0x08007f68   0x08007f68   0x00000008   Code   RO         6174    i.LL_ADC_INJ_IsConversionOngoing  stm32h7xx_hal_adc.o
    0x08007f70   0x08007f70   0x00000008   Code   RO         6175    i.LL_ADC_IsEnabled  stm32h7xx_hal_adc.o
    0x08007f78   0x08007f78   0x00000008   Code   RO         6176    i.LL_ADC_REG_IsConversionOngoing  stm32h7xx_hal_adc.o
    0x08007f80   0x08007f80   0x00000010   Code   RO         6177    i.LL_ADC_REG_IsTriggerSourceSWStart  stm32h7xx_hal_adc.o
    0x08007f90   0x08007f90   0x0000001e   Code   RO         6179    i.LL_ADC_SetChannelSamplingTime  stm32h7xx_hal_adc.o
    0x08007fae   0x08007fae   0x00000002   PAD
    0x08007fb0   0x08007fb0   0x0000005c   Code   RO          666    i.MX_GPIO_Init      bsp_gpio.o
    0x0800800c   0x0800800c   0x00000054   Code   RO          580    i.MX_SPI1_Init      bsp_spi1_slave.o
    0x08008060   0x08008060   0x00000068   Code   RO         1423    i.MX_TIM5_Init      main.o
    0x080080c8   0x080080c8   0x00000002   Code   RO         1521    i.MemManage_Handler  stm32h7xx_it.o
    0x080080ca   0x080080ca   0x00000002   Code   RO         1522    i.NMI_Handler       stm32h7xx_it.o
    0x080080cc   0x080080cc   0x00000114   Code   RO         2091    i.RCCEx_PLL2_Config  stm32h7xx_hal_rcc_ex.o
    0x080081e0   0x080081e0   0x00000114   Code   RO         2092    i.RCCEx_PLL3_Config  stm32h7xx_hal_rcc_ex.o
    0x080082f4   0x080082f4   0x0000000c   Code   RO         1523    i.SPI1_IRQHandler   stm32h7xx_it.o
    0x08008300   0x08008300   0x00000004   Code   RO          581    i.SPI1_Init         bsp_spi1_slave.o
    0x08008304   0x08008304   0x00000028   Code   RO          319    i.SPI_ProtocolError  spi_communication.o
    0x0800832c   0x0800832c   0x00000104   Code   RO          320    i.SPI_ProtocolParsing  spi_communication.o
    0x08008430   0x08008430   0x0000001a   Code   RO         8222    i.SysTick_Handler   cmsis_os2.o
    0x0800844a   0x0800844a   0x00000002   PAD
    0x0800844c   0x0800844c   0x000000a4   Code   RO         1424    i.SystemClock_Config  main.o
    0x080084f0   0x080084f0   0x000000c0   Code   RO         7085    i.SystemInit        system_stm32h7xx.o
    0x080085b0   0x080085b0   0x0000000c   Code   RO         1524    i.TIM7_IRQHandler   stm32h7xx_it.o
    0x080085bc   0x080085bc   0x000000c0   Code   RO         4354    i.TIM_Base_SetConfig  stm32h7xx_hal_tim.o
    0x0800867c   0x0800867c   0x00000014   Code   RO         4365    i.TIM_ETR_SetConfig  stm32h7xx_hal_tim.o
    0x08008690   0x08008690   0x00000014   Code   RO         4366    i.TIM_ITRx_SetConfig  stm32h7xx_hal_tim.o
    0x080086a4   0x080086a4   0x00000022   Code   RO         4374    i.TIM_TI1_ConfigInputStage  stm32h7xx_hal_tim.o
    0x080086c6   0x080086c6   0x00000024   Code   RO         4376    i.TIM_TI2_ConfigInputStage  stm32h7xx_hal_tim.o
    0x080086ea   0x080086ea   0x00000002   PAD
    0x080086ec   0x080086ec   0x00000178   Code   RO          403    i.Task_outputWave   output_wave.o
    0x08008864   0x08008864   0x000000b4   Code   RO          790    i.UART2_init        bsp_usart2.o
    0x08008918   0x08008918   0x00000044   Code   RO         6041    i.UARTEx_SetNbDataToProcess  stm32h7xx_hal_uart_ex.o
    0x0800895c   0x0800895c   0x000000c8   Code   RO         5650    i.UART_AdvFeatureConfig  stm32h7xx_hal_uart.o
    0x08008a24   0x08008a24   0x000000ac   Code   RO         5651    i.UART_CheckIdleState  stm32h7xx_hal_uart.o
    0x08008ad0   0x08008ad0   0x00000050   Code   RO         5653    i.UART_DMAError     stm32h7xx_hal_uart.o
    0x08008b20   0x08008b20   0x00000042   Code   RO         5658    i.UART_DMATransmitCplt  stm32h7xx_hal_uart.o
    0x08008b62   0x08008b62   0x0000000a   Code   RO         5660    i.UART_DMATxHalfCplt  stm32h7xx_hal_uart.o
    0x08008b6c   0x08008b6c   0x00000054   Code   RO         5662    i.UART_EndRxTransfer  stm32h7xx_hal_uart.o
    0x08008bc0   0x08008bc0   0x0000002e   Code   RO         5663    i.UART_EndTxTransfer  stm32h7xx_hal_uart.o
    0x08008bee   0x08008bee   0x00000002   PAD
    0x08008bf0   0x08008bf0   0x0000001c   Code   RO          791    i.UART_RxISR_8BIT   bsp_usart2.o
    0x08008c0c   0x08008c0c   0x000003ec   Code   RO         5668    i.UART_SetConfig    stm32h7xx_hal_uart.o
    0x08008ff8   0x08008ff8   0x0000008a   Code   RO         5675    i.UART_WaitOnFlagUntilTimeout  stm32h7xx_hal_uart.o
    0x08009082   0x08009082   0x0000001c   Code   RO          468    i.UART_getByte      bsp_uartcomm.o
    0x0800909e   0x0800909e   0x00000004   Code   RO          470    i.UART_init         bsp_uartcomm.o
    0x080090a2   0x080090a2   0x0000000c   Code   RO          541    i.UART_sendByte     bsp_uartcomm.o
    0x080090ae   0x080090ae   0x00000084   Code   RO          471    i.UART_sendContinue  bsp_uartcomm.o
    0x08009132   0x08009132   0x00000052   Code   RO          472    i.UART_sendData     bsp_uartcomm.o
    0x08009184   0x08009184   0x00000020   Code   RO          473    i.UART_sendDataBlock  bsp_uartcomm.o
    0x080091a4   0x080091a4   0x0000000c   Code   RO         1525    i.USART2_IRQHandler  stm32h7xx_it.o
    0x080091b0   0x080091b0   0x00000002   Code   RO         1526    i.UsageFault_Handler  stm32h7xx_it.o
    0x080091b2   0x080091b2   0x00000030   Code   RO         9110    i.__ARM_fpclassify  m_wv.l(fpclassify.o)
    0x080091e2   0x080091e2   0x00000020   Code   RO         1842    i.__NVIC_SetPriority  stm32h7xx_hal_cortex.o
    0x08009202   0x08009202   0x0000000e   Code   RO         8918    i._is_digit         c_w.l(__printf_wp.o)
    0x08009210   0x08009210   0x00000068   Code   RO         1392    i.adc_shell         adc_shell.o
    0x08009278   0x08009278   0x00000034   Code   RO          626    i.bsp_spi_DiagSendFinished  bsp_spi1_slave.o
    0x080092ac   0x080092ac   0x00000010   Code   RO          620    i.bsp_spi_DiagSendStart  bsp_spi1_slave.o
    0x080092bc   0x080092bc   0x00000100   Code   RO         1711    i.cm_backtrace_call_stack  cm_backtrace.o
    0x080093bc   0x080093bc   0x0000002c   Code   RO         1712    i.cm_backtrace_firmware_info  cm_backtrace.o
    0x080093e8   0x080093e8   0x0000007c   Code   RO         1713    i.cm_backtrace_init  cm_backtrace.o
    0x08009464   0x08009464   0x00000024   Code   RO          475    i.com_getHandler    bsp_uartcomm.o
    0x08009488   0x08009488   0x0000002c   Code   RO          476    i.com_registHandler  bsp_uartcomm.o
    0x080094b4   0x080094b4   0x00000080   Code   RO            5    i.currentSecsSinceEpoch  api_utc.o
    0x08009534   0x08009534   0x00000020   Code   RO          404    i.delay_us          output_wave.o
    0x08009554   0x08009554   0x000000f0   Code   RO         1337    i.display_usage     gpio_shell.o
    0x08009644   0x08009644   0x000000bc   Code   RO         1714    i.dump_stack        cm_backtrace.o
    0x08009700   0x08009700   0x00000240   Code   RO         1715    i.fault_diagnosis   cm_backtrace.o
    0x08009940   0x08009940   0x00000012   Code   RO            6    i.floordiv          api_utc.o
    0x08009952   0x08009952   0x00000002   PAD
    0x08009954   0x08009954   0x00000028   Code   RO          477    i.fputc             bsp_uartcomm.o
    0x0800997c   0x0800997c   0x000000d4   Code   RO         1338    i.getGPIOActive     gpio_shell.o
    0x08009a50   0x08009a50   0x0000007c   Code   RO         1716    i.get_cur_thread_stack_info  cm_backtrace.o
    0x08009acc   0x08009acc   0x00000070   Code   RO            7    i.get_month         api_utc.o
    0x08009b3c   0x08009b3c   0x000000a0   Code   RO            8    i.julianDayFromDate  api_utc.o
    0x08009bdc   0x08009bdc   0x00000188   Code   RO         1425    i.main              main.o
    0x08009d64   0x08009d64   0x00000038   Code   RO         8241    i.osKernelStart     cmsis_os2.o
    0x08009d9c   0x08009d9c   0x00000088   Code   RO         8283    i.osThreadNew       cmsis_os2.o
    0x08009e24   0x08009e24   0x000000a0   Code   RO         1339    i.parse_arguments   gpio_shell.o
    0x08009ec4   0x08009ec4   0x0000008c   Code   RO         1717    i.print_call_stack  cm_backtrace.o
    0x08009f50   0x08009f50   0x0000005c   Code   RO         7668    i.prvAddCurrentTaskToDelayedList  tasks.o
    0x08009fac   0x08009fac   0x000000d0   Code   RO         7669    i.prvAddNewTaskToReadyList  tasks.o
    0x0800a07c   0x0800a07c   0x00000058   Code   RO         8051    i.prvCheckForValidListAndQueue  timers.o
    0x0800a0d4   0x0800a0d4   0x00000026   Code   RO         7277    i.prvCopyDataFromQueue  queue.o
    0x0800a0fa   0x0800a0fa   0x0000006c   Code   RO         7278    i.prvCopyDataToQueue  queue.o
    0x0800a166   0x0800a166   0x00000034   Code   RO         7670    i.prvDeleteTCB      tasks.o
    0x0800a19a   0x0800a19a   0x00000002   PAD
    0x0800a19c   0x0800a19c   0x0000004c   Code   RO         8720    i.prvHeapInit       heap_4.o
    0x0800a1e8   0x0800a1e8   0x0000005c   Code   RO         7671    i.prvIdleTask       tasks.o
    0x0800a244   0x0800a244   0x00000016   Code   RO         7279    i.prvInitialiseMutex  queue.o
    0x0800a25a   0x0800a25a   0x00000020   Code   RO         7280    i.prvInitialiseNewQueue  queue.o
    0x0800a27a   0x0800a27a   0x000000aa   Code   RO         7672    i.prvInitialiseNewTask  tasks.o
    0x0800a324   0x0800a324   0x0000004c   Code   RO         8721    i.prvInsertBlockIntoFreeList  heap_4.o
    0x0800a370   0x0800a370   0x00000038   Code   RO         8053    i.prvInsertTimerInActiveList  timers.o
    0x0800a3a8   0x0800a3a8   0x0000001a   Code   RO         7281    i.prvIsQueueEmpty   queue.o
    0x0800a3c2   0x0800a3c2   0x00000002   PAD
    0x0800a3c4   0x0800a3c4   0x000000f8   Code   RO         8054    i.prvProcessReceivedCommands  timers.o
    0x0800a4bc   0x0800a4bc   0x000000c0   Code   RO         8055    i.prvProcessTimerOrBlockTask  timers.o
    0x0800a57c   0x0800a57c   0x00000020   Code   RO         7674    i.prvResetNextTaskUnblockTime  tasks.o
    0x0800a59c   0x0800a59c   0x00000028   Code   RO         8056    i.prvSampleTimeNow  timers.o
    0x0800a5c4   0x0800a5c4   0x0000006c   Code   RO         8057    i.prvSwitchTimerLists  timers.o
    0x0800a630   0x0800a630   0x00000028   Code   RO         8776    i.prvTaskExitError  port.o
    0x0800a658   0x0800a658   0x00000028   Code   RO         8058    i.prvTimerTask      timers.o
    0x0800a680   0x0800a680   0x0000006a   Code   RO         7282    i.prvUnlockQueue    queue.o
    0x0800a6ea   0x0800a6ea   0x00000002   PAD
    0x0800a6ec   0x0800a6ec   0x000000dc   Code   RO         8722    i.pvPortMalloc      heap_4.o
    0x0800a7c8   0x0800a7c8   0x00000018   Code   RO         7677    i.pvTaskIncrementMutexHeldCount  tasks.o
    0x0800a7e0   0x0800a7e0   0x0000002c   Code   RO         8777    i.pxPortInitialiseStack  port.o
    0x0800a80c   0x0800a80c   0x000000e0   Code   RO         1340    i.setGPIOActiveHandler  gpio_shell.o
    0x0800a8ec   0x0800a8ec   0x00000006   Code   RO          881    i.shellBackspace    shell.o
    0x0800a8f2   0x0800a8f2   0x0000002e   Code   RO          882    i.shellCheckPermission  shell.o
    0x0800a920   0x0800a920   0x0000001c   Code   RO          883    i.shellClear        shell.o
    0x0800a93c   0x0800a93c   0x00000028   Code   RO          884    i.shellClearCommandLine  shell.o
    0x0800a964   0x0800a964   0x00000014   Code   RO          885    i.shellCmds         shell.o
    0x0800a978   0x0800a978   0x00000008   Code   RO          886    i.shellDelete       shell.o
    0x0800a980   0x0800a980   0x000000b6   Code   RO          887    i.shellDeleteByte   shell.o
    0x0800aa36   0x0800aa36   0x00000002   PAD
    0x0800aa38   0x0800aa38   0x0000001c   Code   RO          888    i.shellDeleteCommandLine  shell.o
    0x0800aa54   0x0800aa54   0x00000008   Code   RO          889    i.shellDown         shell.o
    0x0800aa5c   0x0800aa5c   0x00000014   Code   RO          890    i.shellEnter        shell.o
    0x0800aa70   0x0800aa70   0x00000090   Code   RO          891    i.shellExec         shell.o
    0x0800ab00   0x0800ab00   0x0000003c   Code   RO         1253    i.shellExtParseChar  shell_ext.o
    0x0800ab3c   0x0800ab3c   0x0000010c   Code   RO         1254    i.shellExtParseNumber  shell_ext.o
    0x0800ac48   0x0800ac48   0x000000a0   Code   RO         1255    i.shellExtParsePara  shell_ext.o
    0x0800ace8   0x0800ace8   0x000000ca   Code   RO         1256    i.shellExtRun       shell_ext.o
    0x0800adb2   0x0800adb2   0x00000004   Code   RO          892    i.shellGetCommandDesc  shell.o
    0x0800adb6   0x0800adb6   0x00000002   PAD
    0x0800adb8   0x0800adb8   0x00000038   Code   RO          893    i.shellGetCommandName  shell.o
    0x0800adf0   0x0800adf0   0x00000028   Code   RO          894    i.shellGetCurrent   shell.o
    0x0800ae18   0x0800ae18   0x0000003e   Code   RO          895    i.shellGetVarValue  shell.o
    0x0800ae56   0x0800ae56   0x00000002   PAD
    0x0800ae58   0x0800ae58   0x000000d4   Code   RO          896    i.shellHandler      shell.o
    0x0800af2c   0x0800af2c   0x00000070   Code   RO          897    i.shellHelp         shell.o
    0x0800af9c   0x0800af9c   0x00000098   Code   RO          898    i.shellHistory      shell.o
    0x0800b034   0x0800b034   0x00000068   Code   RO          899    i.shellHistoryAdd   shell.o
    0x0800b09c   0x0800b09c   0x000000a0   Code   RO          900    i.shellInit         shell.o
    0x0800b13c   0x0800b13c   0x000000c4   Code   RO          901    i.shellInsertByte   shell.o
    0x0800b200   0x0800b200   0x00000018   Code   RO          903    i.shellLeft         shell.o
    0x0800b218   0x0800b218   0x00000060   Code   RO          905    i.shellListCommand  shell.o
    0x0800b278   0x0800b278   0x000000ec   Code   RO          906    i.shellListItem     shell.o
    0x0800b364   0x0800b364   0x00000010   Code   RO          910    i.shellNormalInput  shell.o
    0x0800b374   0x0800b374   0x00000076   Code   RO          911    i.shellParserParam  shell.o
    0x0800b3ea   0x0800b3ea   0x00000018   Code   RO          913    i.shellRight        shell.o
    0x0800b402   0x0800b402   0x000000ba   Code   RO          915    i.shellRunCommand   shell.o
    0x0800b4bc   0x0800b4bc   0x0000006a   Code   RO          916    i.shellSeekCommand  shell.o
    0x0800b526   0x0800b526   0x00000002   PAD
    0x0800b528   0x0800b528   0x00000050   Code   RO          917    i.shellSetUser      shell.o
    0x0800b578   0x0800b578   0x000000b0   Code   RO          920    i.shellShowVar      shell.o
    0x0800b628   0x0800b628   0x00000024   Code   RO          921    i.shellStringCompare  shell.o
    0x0800b64c   0x0800b64c   0x00000018   Code   RO          922    i.shellStringCopy   shell.o
    0x0800b664   0x0800b664   0x00000164   Code   RO          923    i.shellTab          shell.o
    0x0800b7c8   0x0800b7c8   0x00000028   Code   RO          924    i.shellTask         shell.o
    0x0800b7f0   0x0800b7f0   0x0000004a   Code   RO          925    i.shellToDec        shell.o
    0x0800b83a   0x0800b83a   0x0000002a   Code   RO          926    i.shellToHex        shell.o
    0x0800b864   0x0800b864   0x00000006   Code   RO          927    i.shellUp           shell.o
    0x0800b86a   0x0800b86a   0x00000002   PAD
    0x0800b86c   0x0800b86c   0x0000005c   Code   RO          930    i.shellWriteCommandLine  shell.o
    0x0800b8c8   0x0800b8c8   0x00000080   Code   RO          931    i.shellWriteReturnValue  shell.o
    0x0800b948   0x0800b948   0x00000024   Code   RO          932    i.shellWriteString  shell.o
    0x0800b96c   0x0800b96c   0x00000118   Code   RO          582    i.spi_shell         bsp_spi1_slave.o
    0x0800ba84   0x0800ba84   0x00000040   Code   RO            9    i.split             api_utc.o
    0x0800bac4   0x0800bac4   0x00000020   Code   RO         1293    i.userShellInit     shell_port.o
    0x0800bae4   0x0800bae4   0x00000018   Code   RO         1294    i.userShellRead     shell_port.o
    0x0800bafc   0x0800bafc   0x0000000c   Code   RO         1295    i.userShellWrite    shell_port.o
    0x0800bb08   0x0800bb08   0x00000026   Code   RO         7240    i.uxListRemove      list.o
    0x0800bb2e   0x0800bb2e   0x00000002   PAD
    0x0800bb30   0x0800bb30   0x00000014   Code   RO         8295    i.vApplicationGetIdleTaskMemory  cmsis_os2.o
    0x0800bb44   0x0800bb44   0x00000018   Code   RO         8296    i.vApplicationGetTimerTaskMemory  cmsis_os2.o
    0x0800bb5c   0x0800bb5c   0x00000016   Code   RO         7241    i.vListInitialise   list.o
    0x0800bb72   0x0800bb72   0x00000006   Code   RO         7242    i.vListInitialiseItem  list.o
    0x0800bb78   0x0800bb78   0x00000030   Code   RO         7243    i.vListInsert       list.o
    0x0800bba8   0x0800bba8   0x00000018   Code   RO         7244    i.vListInsertEnd    list.o
    0x0800bbc0   0x0800bbc0   0x00000040   Code   RO         8779    i.vPortEnterCritical  port.o
    0x0800bc00   0x0800bc00   0x00000028   Code   RO         8780    i.vPortExitCritical  port.o
    0x0800bc28   0x0800bc28   0x00000064   Code   RO         8723    i.vPortFree         heap_4.o
    0x0800bc8c   0x0800bc8c   0x00000024   Code   RO         8781    i.vPortSetupTimerInterrupt  port.o
    0x0800bcb0   0x0800bcb0   0x00000054   Code   RO         8782    i.vPortValidateInterruptPriority  port.o
    0x0800bd04   0x0800bd04   0x00000024   Code   RO         7288    i.vQueueAddToRegistry  queue.o
    0x0800bd28   0x0800bd28   0x00000044   Code   RO         7292    i.vQueueWaitForMessageRestricted  queue.o
    0x0800bd6c   0x0800bd6c   0x0000004c   Code   RO         7687    i.vTaskDelay        tasks.o
    0x0800bdb8   0x0800bdb8   0x00000010   Code   RO         7692    i.vTaskInternalSetTimeOutState  tasks.o
    0x0800bdc8   0x0800bdc8   0x0000000c   Code   RO         7693    i.vTaskMissedYield  tasks.o
    0x0800bdd4   0x0800bdd4   0x0000000c   Code   RO         7694    i.vTaskName         tasks.o
    0x0800bde0   0x0800bde0   0x00000030   Code   RO         7696    i.vTaskPlaceOnEventList  tasks.o
    0x0800be10   0x0800be10   0x00000038   Code   RO         7697    i.vTaskPlaceOnEventListRestricted  tasks.o
    0x0800be48   0x0800be48   0x00000090   Code   RO         7699    i.vTaskPriorityDisinheritAfterTimeout  tasks.o
    0x0800bed8   0x0800bed8   0x0000000c   Code   RO         7705    i.vTaskStackAddr    tasks.o
    0x0800bee4   0x0800bee4   0x0000000c   Code   RO         7706    i.vTaskStackSize    tasks.o
    0x0800bef0   0x0800bef0   0x00000084   Code   RO         7707    i.vTaskStartScheduler  tasks.o
    0x0800bf74   0x0800bf74   0x00000010   Code   RO         7709    i.vTaskSuspendAll   tasks.o
    0x0800bf84   0x0800bf84   0x00000064   Code   RO         7710    i.vTaskSwitchContext  tasks.o
    0x0800bfe8   0x0800bfe8   0x000000f4   Code   RO         8783    i.xPortStartScheduler  port.o
    0x0800c0dc   0x0800c0dc   0x0000002c   Code   RO         8784    i.xPortSysTickHandler  port.o
    0x0800c108   0x0800c108   0x0000001a   Code   RO         7296    i.xQueueCreateMutexStatic  queue.o
    0x0800c122   0x0800c122   0x00000066   Code   RO         7298    i.xQueueGenericCreateStatic  queue.o
    0x0800c188   0x0800c188   0x00000088   Code   RO         7299    i.xQueueGenericReset  queue.o
    0x0800c210   0x0800c210   0x00000164   Code   RO         7300    i.xQueueGenericSend  queue.o
    0x0800c374   0x0800c374   0x000000be   Code   RO         7301    i.xQueueGenericSendFromISR  queue.o
    0x0800c432   0x0800c432   0x0000009c   Code   RO         7304    i.xQueueGiveFromISR  queue.o
    0x0800c4ce   0x0800c4ce   0x00000002   PAD
    0x0800c4d0   0x0800c4d0   0x00000138   Code   RO         7310    i.xQueueReceive     queue.o
    0x0800c608   0x0800c608   0x00000178   Code   RO         7312    i.xQueueSemaphoreTake  queue.o
    0x0800c780   0x0800c780   0x00000074   Code   RO         7712    i.xTaskCheckForTimeOut  tasks.o
    0x0800c7f4   0x0800c7f4   0x0000005a   Code   RO         7713    i.xTaskCreate       tasks.o
    0x0800c84e   0x0800c84e   0x0000003e   Code   RO         7714    i.xTaskCreateStatic  tasks.o
    0x0800c88c   0x0800c88c   0x0000001c   Code   RO         7718    i.xTaskGetSchedulerState  tasks.o
    0x0800c8a8   0x0800c8a8   0x0000000c   Code   RO         7719    i.xTaskGetTickCount  tasks.o
    0x0800c8b4   0x0800c8b4   0x000000c8   Code   RO         7721    i.xTaskIncrementTick  tasks.o
    0x0800c97c   0x0800c97c   0x0000007c   Code   RO         7724    i.xTaskPriorityDisinherit  tasks.o
    0x0800c9f8   0x0800c9f8   0x0000007c   Code   RO         7725    i.xTaskPriorityInherit  tasks.o
    0x0800ca74   0x0800ca74   0x00000070   Code   RO         7726    i.xTaskRemoveFromEventList  tasks.o
    0x0800cae4   0x0800cae4   0x000000c0   Code   RO         7727    i.xTaskResumeAll    tasks.o
    0x0800cba4   0x0800cba4   0x00000060   Code   RO         8067    i.xTimerCreateTimerTask  timers.o
    0x0800cc04   0x0800cc04   0x00000064   Code   RO         8068    i.xTimerGenericCommand  timers.o
    0x0800cc68   0x0800cc68   0x0000002c   Code   RO         9101    locale$$code        c_w.l(lc_numeric_c.o)
    0x0800cc94   0x0800cc94   0x0000002c   Code   RO         9191    locale$$code        c_w.l(lc_ctype_c.o)
    0x0800ccc0   0x0800ccc0   0x0000000a   Code   RO         9318    x$fpl$fpinit        fz_wv.l(fpinit.o)
    0x0800ccca   0x0800ccca   0x00000004   Code   RO         8967    x$fpl$printf1       fz_wv.l(printf1.o)
    0x0800ccce   0x0800ccce   0x00000000   Code   RO         9109    x$fpl$usenofp       fz_wv.l(usenofp.o)
    0x0800ccce   0x0800ccce   0x00000002   PAD
    0x0800ccd0   0x0800ccd0   0x00000030   Data   RO           10    .constdata          api_utc.o
    0x0800cd00   0x0800cd00   0x00000004   Data   RO          584    .constdata          bsp_spi1_slave.o
    0x0800cd04   0x0800cd04   0x0000001e   Data   RO          585    .constdata          bsp_spi1_slave.o
    0x0800cd22   0x0800cd22   0x00000002   PAD
    0x0800cd24   0x0800cd24   0x0000016c   Data   RO          667    .constdata          bsp_gpio.o
    0x0800ce90   0x0800ce90   0x00000006   Data   RO          934    .constdata          shell.o
    0x0800ce96   0x0800ce96   0x00000005   Data   RO          935    .constdata          shell.o
    0x0800ce9b   0x0800ce9b   0x0000000d   Data   RO          936    .constdata          shell.o
    0x0800cea8   0x0800cea8   0x00000003   Data   RO          937    .constdata          shell.o
    0x0800ceab   0x0800ceab   0x00000005   Data   RO          938    .constdata          shell.o
    0x0800ceb0   0x0800ceb0   0x00000006   Data   RO          939    .constdata          shell.o
    0x0800ceb6   0x0800ceb6   0x00000005   Data   RO          940    .constdata          shell.o
    0x0800cebb   0x0800cebb   0x00000004   Data   RO          941    .constdata          shell.o
    0x0800cebf   0x0800cebf   0x0000000a   Data   RO          942    .constdata          shell.o
    0x0800cec9   0x0800cec9   0x0000000a   Data   RO          943    .constdata          shell.o
    0x0800ced3   0x0800ced3   0x00000007   Data   RO          944    .constdata          shell.o
    0x0800ceda   0x0800ceda   0x00000006   Data   RO          945    .constdata          shell.o
    0x0800cee0   0x0800cee0   0x00000006   Data   RO          946    .constdata          shell.o
    0x0800cee6   0x0800cee6   0x00000005   Data   RO          947    .constdata          shell.o
    0x0800ceeb   0x0800ceeb   0x0000001e   Data   RO          948    .constdata          shell.o
    0x0800cf09   0x0800cf09   0x00000005   Data   RO          949    .constdata          shell.o
    0x0800cf0e   0x0800cf0e   0x0000000d   Data   RO          950    .constdata          shell.o
    0x0800cf1b   0x0800cf1b   0x00000006   Data   RO          951    .constdata          shell.o
    0x0800cf21   0x0800cf21   0x0000000e   Data   RO          952    .constdata          shell.o
    0x0800cf2f   0x0800cf2f   0x00000001   PAD
    0x0800cf30   0x0800cf30   0x00000018   Data   RO         1341    .constdata          gpio_shell.o
    0x0800cf48   0x0800cf48   0x00000005   Data   RO         1342    .constdata          gpio_shell.o
    0x0800cf4d   0x0800cf4d   0x0000000d   Data   RO         1343    .constdata          gpio_shell.o
    0x0800cf5a   0x0800cf5a   0x00000004   Data   RO         1393    .constdata          adc_shell.o
    0x0800cf5e   0x0800cf5e   0x0000000f   Data   RO         1394    .constdata          adc_shell.o
    0x0800cf6d   0x0800cf6d   0x00000003   PAD
    0x0800cf70   0x0800cf70   0x00000048   Data   RO         1427    .constdata          main.o
    0x0800cfb8   0x0800cfb8   0x000000fc   Data   RO         1719    .constdata          cm_backtrace.o
    0x0800d0b4   0x0800d0b4   0x00000003   Data   RO         1720    .constdata          cm_backtrace.o
    0x0800d0b7   0x0800d0b7   0x00000016   Data   RO         1721    .constdata          cm_backtrace.o
    0x0800d0cd   0x0800d0cd   0x00000008   Data   RO         2617    .constdata          stm32h7xx_hal_dma.o
    0x0800d0d5   0x0800d0d5   0x00000001   PAD
    0x0800d0d6   0x0800d0d6   0x00000018   Data   RO         5676    .constdata          stm32h7xx_hal_uart.o
    0x0800d0ee   0x0800d0ee   0x00000010   Data   RO         6042    .constdata          stm32h7xx_hal_uart_ex.o
    0x0800d0fe   0x0800d0fe   0x00000010   Data   RO         7086    .constdata          system_stm32h7xx.o
    0x0800d10e   0x0800d10e   0x00000002   PAD
    0x0800d110   0x0800d110   0x00000008   Data   RO         8879    .constdata          c_w.l(_printf_wctomb.o)
    0x0800d118   0x0800d118   0x00000028   Data   RO         8906    .constdata          c_w.l(_printf_hex_int_ll_ptr.o)
    0x0800d140   0x0800d140   0x00000011   Data   RO         8926    .constdata          c_w.l(__printf_flags_ss_wp.o)
    0x0800d151   0x0800d151   0x00000003   PAD
    0x0800d154   0x0800d154   0x00000094   Data   RO         9068    .constdata          c_w.l(bigflt0.o)
    0x0800d1e8   0x0800d1e8   0x00000004   Data   RO         9113    .constdata          c_w.l(sys_io.o)
    0x0800d1ec   0x0800d1ec   0x00000004   Data   RO         9114    .constdata          c_w.l(sys_io.o)
    0x0800d1f0   0x0800d1f0   0x00000004   Data   RO         9115    .constdata          c_w.l(sys_io.o)
    0x0800d1f4   0x0800d1f4   0x00000030   Data   RO           11    .conststring        api_utc.o
    0x0800d224   0x0800d224   0x00000159   Data   RO          953    .conststring        shell.o
    0x0800d37d   0x0800d37d   0x00000003   PAD
    0x0800d380   0x0800d380   0x00000007   Data   RO         1344    .conststring        gpio_shell.o
    0x0800d387   0x0800d387   0x00000001   PAD
    0x0800d388   0x0800d388   0x0000011e   Data   RO         1428    .conststring        main.o
    0x0800d4a6   0x0800d4a6   0x00000002   PAD
    0x0800d4a8   0x0800d4a8   0x00000879   Data   RO         1722    .conststring        cm_backtrace.o
    0x0800dd21   0x0800dd21   0x00000003   PAD
    0x0800dd24   0x0800dd24   0x00000040   Data   RO         9389    Region$$Table       anon$$obj.o
    0x0800dd64   0x0800dd64   0x0000001c   Data   RO         9100    locale$$data        c_w.l(lc_numeric_c.o)
    0x0800dd80   0x0800dd80   0x00000110   Data   RO         9190    locale$$data        c_w.l(lc_ctype_c.o)
    0x0800de90   0x0800de90   0x00000010   Data   RO          587    shellCommand        bsp_spi1_slave.o
    0x0800dea0   0x0800dea0   0x000000e0   Data   RO          955    shellCommand        shell.o
    0x0800df80   0x0800df80   0x00000010   Data   RO         1345    shellCommand        gpio_shell.o
    0x0800df90   0x0800df90   0x00000010   Data   RO         1395    shellCommand        adc_shell.o
    0x0800dfa0   0x0800dfa0   0x00000010   Data   RO         1724    shellCommand        cm_backtrace.o


    Execution Region RW_IRAM1 (Exec base: 0x20000000, Load base: 0x0800dfb0, Size: 0x00000278, Max: 0x00020000, ABSOLUTE)

    Exec Addr    Load Addr    Size         Type   Attr      Idx    E Section Name        Object

    0x20000000   0x0800dfb0   0x00000010   Data   RW          322    .data               spi_communication.o
    0x20000010   0x0800dfc0   0x00000018   Data   RW          406    .data               output_wave.o
    0x20000028        -       0x000001b0   Zero   RW          321    .bss                spi_communication.o
    0x200001d8        -       0x000000a0   Zero   RW          405    .bss                output_wave.o


    Execution Region RW_IRAM2 (Exec base: 0x24000000, Load base: 0x0800dfd8, Size: 0x000062b8, Max: 0x00100000, ABSOLUTE, COMPRESSED[0x0000009c])

    Exec Addr    Load Addr    Size         Type   Attr      Idx    E Section Name        Object

    0x24000000   COMPRESSED   0x00000008   Data   RW          478    .data               bsp_uartcomm.o
    0x24000008   COMPRESSED   0x0000000c   Data   RW          586    .data               bsp_spi1_slave.o
    0x24000014   COMPRESSED   0x00000034   Data   RW          668    .data               bsp_gpio.o
    0x24000048   COMPRESSED   0x000000c8   Data   RW          793    .data               bsp_usart2.o
    0x24000110   COMPRESSED   0x00000054   Data   RW          954    .data               shell.o
    0x24000164   COMPRESSED   0x00000004   PAD
    0x24000168   COMPRESSED   0x00000018   Data   RW         1429    .data               main.o
    0x24000180   COMPRESSED   0x00000040   Data   RW         1723    .data               cm_backtrace.o
    0x240001c0   COMPRESSED   0x0000000c   Data   RW         3392    .data               stm32h7xx_hal.o
    0x240001cc   COMPRESSED   0x00000008   Data   RW         7087    .data               system_stm32h7xx.o
    0x240001d4   COMPRESSED   0x0000003c   Data   RW         7730    .data               tasks.o
    0x24000210   COMPRESSED   0x00000014   Data   RW         8076    .data               timers.o
    0x24000224   COMPRESSED   0x00000004   Data   RW         8298    .data               cmsis_os2.o
    0x24000228   COMPRESSED   0x00000020   Data   RW         8729    .data               heap_4.o
    0x24000248   COMPRESSED   0x0000000c   Data   RW         8785    .data               port.o
    0x24000254   COMPRESSED   0x00000004   Data   RW         8943    .data               c_w.l(strtok.o)
    0x24000258   COMPRESSED   0x00000004   Data   RW         9014    .data               c_w.l(stdio_streams.o)
    0x2400025c   COMPRESSED   0x00000004   Data   RW         9015    .data               c_w.l(stdio_streams.o)
    0x24000260   COMPRESSED   0x00000004   Data   RW         9016    .data               c_w.l(stdio_streams.o)
    0x24000264        -       0x000000b0   Zero   RW          583    .bss                bsp_spi1_slave.o
    0x24000314        -       0x00000940   Zero   RW          792    .bss                bsp_usart2.o
    0x24000c54   COMPRESSED   0x0000000c   PAD
    0x24000c60        -       0x00000090   Zero   RW          843    .bss                bsp_adc.o
    0x24000cf0        -       0x0000001d   Zero   RW          933    .bss                shell.o
    0x24000d0d   COMPRESSED   0x00000003   PAD
    0x24000d10        -       0x00000134   Zero   RW         1296    .bss                shell_port.o
    0x24000e44        -       0x0000004c   Zero   RW         1426    .bss                main.o
    0x24000e90        -       0x00000078   Zero   RW         1610    .bss                stm32h7xx_hal_msp.o
    0x24000f08        -       0x0000004c   Zero   RW         1671    .bss                stm32h7xx_hal_timebase_tim.o
    0x24000f54        -       0x00000134   Zero   RW         1718    .bss                cm_backtrace.o
    0x24001088        -       0x00000040   Zero   RW         7314    .bss                queue.o
    0x240010c8        -       0x000004c4   Zero   RW         7729    .bss                tasks.o
    0x2400158c        -       0x00000118   Zero   RW         8075    .bss                timers.o
    0x240016a4        -       0x000006b8   Zero   RW         8297    .bss                cmsis_os2.o
    0x24001d5c        -       0x00003c00   Zero   RW         8728    .bss                heap_4.o
    0x2400595c        -       0x00000054   Zero   RW         9011    .bss                c_w.l(stdio_streams.o)
    0x240059b0        -       0x00000054   Zero   RW         9012    .bss                c_w.l(stdio_streams.o)
    0x24005a04        -       0x00000054   Zero   RW         9013    .bss                c_w.l(stdio_streams.o)
    0x24005a58        -       0x00000060   Zero   RW         9030    .bss                c_w.l(libspace.o)
    0x24005ab8        -       0x00000400   Zero   RW         1814    HEAP                startup_stm32h7a3xx.o
    0x24005eb8        -       0x00000400   Zero   RW         1813    STACK               startup_stm32h7a3xx.o


==============================================================================

Image component sizes


      Code (inc. data)   RO Data    RW Data    ZI Data      Debug   Object Name

       104         68         35          0          0       1651   adc_shell.o
       714        114         96          0          0    1211572   api_utc.o
       244         26          0          0        144       2187   bsp_adc.o
       642         76        364         52          0      10413   bsp_gpio.o
       704        234         50         12        176       9961   bsp_spi1_slave.o
       410         20          0          8          0      19362   bsp_uartcomm.o
       220         34          0        200       2368       2612   bsp_usart2.o
      2516        606       2462         64        308      15599   cm_backtrace.o
        12          0          0          0          0        416   cmb_fault.o
       262         18          0          4       1720      51632   cmsis_os2.o
         0          0          0          0          0      17012   event_groups.o
       336          0          0          0          0      21168   fifo.o
       846        552         65          0          0       4402   gpio_shell.o
       472         24          0         32      15360       5091   heap_4.o
       138          0          0          0          0       3682   list.o
       696        178        358         24         76       7988   main.o
       408         32          0         24        160      13541   output_wave.o
       786         80          0         12          0      11657   port.o
      2090         22          0          0         64      22048   queue.o
      3524        194        728         84         29      38406   shell.o
       690          8          0          0          0       5318   shell_ext.o
        68         22          0          0        308       2425   shell_port.o
       300         24          0         16        432      17645   spi_communication.o
        64         26        684          0       2048        812   startup_stm32h7a3xx.o
       120         28          0         12          0      22190   stm32h7xx_hal.o
      2908        198          0          0          0      78474   stm32h7xx_hal_adc.o
       156         10          0          0          0      61866   stm32h7xx_hal_adc_ex.o
       340         28          0          0          0      41094   stm32h7xx_hal_cortex.o
      5516        152          8          0          0      11803   stm32h7xx_hal_dma.o
       868         96          0          0          0       4017   stm32h7xx_hal_gpio.o
       688         78          0          0        120       4622   stm32h7xx_hal_msp.o
        16          4          0          0          0        547   stm32h7xx_hal_pwr.o
        80          4          0          0          0        793   stm32h7xx_hal_pwr_ex.o
      2592        134          0          0          0       8053   stm32h7xx_hal_rcc.o
      4600        198          0          0          0      10767   stm32h7xx_hal_rcc_ex.o
        24          0          0          0          0       1935   stm32h7xx_hal_rtc_ex.o
       370         12          0          0          0       2295   stm32h7xx_hal_spi.o
      1318        114          0          0          0      12033   stm32h7xx_hal_tim.o
       170         28          0          0          0       3424   stm32h7xx_hal_tim_ex.o
       148         22          0          0         76       1623   stm32h7xx_hal_timebase_tim.o
      2300        128         24          0          0      32897   stm32h7xx_hal_uart.o
       282          6         16          0          0       3797   stm32h7xx_hal_uart_ex.o
        58         24          0          0          0       4215   stm32h7xx_it.o
       192         34         16          8          0       1442   system_stm32h7xx.o
      2366        196          0         60       1220      31211   tasks.o
       968         84          0         20        280      29823   timers.o

    ----------------------------------------------------------------------
     42378       3936       4988        636      24904    1865521   Object Totals
         0          0         64          0          0          0   (incl. Generated)
        52          0         18          4         15          0   (incl. Padding)

    ----------------------------------------------------------------------

      Code (inc. data)   RO Data    RW Data    ZI Data      Debug   Library Member Name

        24          4          0          0          0         84   __2printf.o
        44          6          0          0          0         84   __2sprintf.o
        90          0          0          0          0          0   __dczerorl2.o
         8          0          0          0          0         68   __main.o
       392          4         17          0          0         92   __printf_flags_ss_wp.o
        14          0          0          0          0         68   __printf_wp.o
         0          0          0          0          0          0   __rtentry.o
        12          0          0          0          0          0   __rtentry2.o
         6          0          0          0          0          0   __rtentry4.o
        52          8          0          0          0          0   __scatter.o
        26          0          0          0          0          0   __scatter_copy.o
        28          0          0          0          0          0   __scatter_zi.o
        28          0          0          0          0         68   _chval.o
         6          0          0          0          0          0   _printf_c.o
        44          0          0          0          0        108   _printf_char.o
        48          6          0          0          0         96   _printf_char_common.o
        36          4          0          0          0         80   _printf_char_file.o
        40          0          0          0          0         68   _printf_charcount.o
         6          0          0          0          0          0   _printf_d.o
       120         16          0          0          0         92   _printf_dec.o
         6          0          0          0          0          0   _printf_f.o
      1054          0          0          0          0        216   _printf_fp_dec.o
       128         16          0          0          0         84   _printf_fp_infnan.o
       148          4         40          0          0        160   _printf_hex_int_ll_ptr.o
         6          0          0          0          0          0   _printf_i.o
       178          0          0          0          0         88   _printf_intcommon.o
        10          0          0          0          0          0   _printf_l.o
         6          0          0          0          0          0   _printf_lc.o
         6          0          0          0          0          0   _printf_n.o
         6          0          0          0          0          0   _printf_o.o
       112         10          0          0          0        124   _printf_oct_int_ll.o
         6          0          0          0          0          0   _printf_p.o
        78          0          0          0          0        108   _printf_pad.o
         0          0          0          0          0          0   _printf_percent.o
         4          0          0          0          0          0   _printf_percent_end.o
         6          0          0          0          0          0   _printf_s.o
        82          0          0          0          0         80   _printf_str.o
        36          0          0          0          0         84   _printf_truncate.o
         6          0          0          0          0          0   _printf_u.o
        44          0          0          0          0        108   _printf_wchar.o
       188          6          8          0          0         92   _printf_wctomb.o
         6          0          0          0          0          0   _printf_x.o
        10          0          0          0          0         68   _sputc.o
       158          0          0          0          0         92   _strtoul.o
        64          0          0          0          0         92   _wcrtomb.o
        16          0          0          0          0         68   aeabi_memset.o
        26          0          0          0          0         80   atoi.o
       228          4        148          0          0         96   bigflt0.o
      1936        128          0          0          0        672   btod.o
        10          0          0          0          0         68   defsig_exit.o
        50          0          0          0          0         88   defsig_general.o
        80         58          0          0          0         76   defsig_rtmem_inner.o
        14          0          0          0          0         80   defsig_rtmem_outer.o
        52         38          0          0          0         76   defsig_rtred_inner.o
        14          0          0          0          0         80   defsig_rtred_outer.o
        18          0          0          0          0         80   exit.o
        76          0          0          0          0         88   fclose.o
         8          0          0          0          0         68   ferror.o
       236          4          0          0          0        128   fopen.o
       248          6          0          0          0         84   fseek.o
        66          0          0          0          0         76   ftell.o
        94          0          0          0          0         80   h1_alloc.o
        52          0          0          0          0         68   h1_extend.o
        78          0          0          0          0         80   h1_free.o
        14          0          0          0          0         84   h1_init.o
         6          0          0          0          0        152   heapauxi.o
         4          0          0          0          0        136   hguard.o
         0          0          0          0          0          0   indicate_semi.o
       138          0          0          0          0        168   init_alloc.o
       312         46          0          0          0        112   initio.o
        44         10        272          0          0         76   lc_ctype_c.o
        44         10         28          0          0         76   lc_numeric_c.o
         2          0          0          0          0          0   libinit.o
        46          0          0          0          0          0   libinit2.o
         2          0          0          0          0          0   libshutdown.o
         6          0          0          0          0          0   libshutdown2.o
         8          4          0          0         96         68   libspace.o
       138          0          0          0          0         80   lludiv10.o
       238          0          0          0          0        100   lludivv7m.o
         0          0          0          0          0          0   maybetermalloc1.o
        16          4          0          0          0         76   rt_ctype_table.o
         8          4          0          0          0         68   rt_errno_addr_intlibspace.o
         8          4          0          0          0         68   rt_heap_descriptor_intlibspace.o
         8          4          0          0          0         68   rt_locale_intlibspace.o
        68          0          0          0          0         68   rt_memclr.o
        78          0          0          0          0         80   rt_memclr_w.o
       138          0          0          0          0         68   rt_memcpy_v6.o
       100          0          0          0          0         80   rt_memcpy_w.o
         2          0          0          0          0          0   rtexit.o
        10          0          0          0          0          0   rtexit2.o
        70          0          0          0          0         80   setvbuf.o
       240          6          0          0          0        156   stdio.o
         0          0          0         12        252          0   stdio_streams.o
       104          0          0          0          0         68   strcmpv7m_pel.o
        32          0          0          0          0         80   strcspn.o
        62          0          0          0          0         76   strlen.o
       150          0          0          0          0         80   strncmp.o
        86          0          0          0          0         76   strncpy.o
        28          0          0          0          0         80   strspn.o
        12          6          0          4          0         68   strtok.o
        68          4          0          0          0         84   strtok_int.o
       112          0          0          0          0         88   strtol.o
        12          4          0          0          0         68   sys_exit.o
       102          0         12          0          0        240   sys_io.o
        74          0          0          0          0         80   sys_stackheap_outer.o
        14          0          0          0          0         76   sys_wrch.o
         2          0          0          0          0         68   use_no_semi.o
        10          0          0          0          0        116   fpinit.o
         4          0          0          0          0        116   printf1.o
         0          0          0          0          0          0   usenofp.o
        48          0          0          0          0        124   fpclassify.o

    ----------------------------------------------------------------------
      9370        428        528         16        348       7892   Library Totals
        28          0          3          0          0          0   (incl. Padding)

    ----------------------------------------------------------------------

      Code (inc. data)   RO Data    RW Data    ZI Data      Debug   Library Name

      9280        428        525         16        348       7536   c_w.l
        14          0          0          0          0        232   fz_wv.l
        48          0          0          0          0        124   m_wv.l

    ----------------------------------------------------------------------
      9370        428        528         16        348       7892   Library Totals

    ----------------------------------------------------------------------

==============================================================================


      Code (inc. data)   RO Data    RW Data    ZI Data      Debug   

     51748       4364       5516        652      25252    1838017   Grand Totals
     51748       4364       5516        196      25252    1838017   ELF Image Totals (compressed)
     51748       4364       5516        196          0          0   ROM Totals

==============================================================================

    Total RO  Size (Code + RO Data)                57264 (  55.92kB)
    Total RW  Size (RW Data + ZI Data)             25904 (  25.30kB)
    Total ROM Size (Code + RO Data + RW Data)      57460 (  56.11kB)

==============================================================================

